Component: ARM Compiler 5.06 update 3 (build 300) Tool: armlink [4d35c9]

==============================================================================

Section Cross References

    bsp.o(i.BSP_Accelerometer_Init) refers to bsp.o(i.adcinit) for adcinit
    bsp.o(i.BSP_Buzzer_Init) refers to bsp.o(.data) for SubsystemFrequency
    bsp.o(i.BSP_Buzzer_Set) refers to bsp.o(.data) for PWMCycles
    bsp.o(i.BSP_Clock_GetFreq) refers to bsp.o(.data) for ClockFrequency
    bsp.o(i.BSP_Clock_InitFastest) refers to bsp.o(.data) for Prewait
    bsp.o(i.BSP_Delay1ms) refers to bsp.o(.emb_text) for parrotdelay
    bsp.o(i.BSP_Joystick_Init) refers to bsp.o(i.adcinit) for adcinit
    bsp.o(i.BSP_LCD_DrawBitmap) refers to bsp.o(i.setAddrWindow) for setAddrWindow
    bsp.o(i.BSP_LCD_DrawBitmap) refers to bsp.o(i.writedata) for writedata
    bsp.o(i.BSP_LCD_DrawBitmap) refers to bsp.o(.data) for _width
    bsp.o(i.BSP_LCD_DrawChar) refers to bsp.o(i.setAddrWindow) for setAddrWindow
    bsp.o(i.BSP_LCD_DrawChar) refers to bsp.o(i.pushColor) for pushColor
    bsp.o(i.BSP_LCD_DrawChar) refers to bsp.o(.data) for _width
    bsp.o(i.BSP_LCD_DrawChar) refers to bsp.o(.constdata) for Font
    bsp.o(i.BSP_LCD_DrawCharS) refers to bsp.o(i.BSP_LCD_DrawPixel) for BSP_LCD_DrawPixel
    bsp.o(i.BSP_LCD_DrawCharS) refers to bsp.o(i.BSP_LCD_FillRect) for BSP_LCD_FillRect
    bsp.o(i.BSP_LCD_DrawCharS) refers to bsp.o(.data) for _width
    bsp.o(i.BSP_LCD_DrawCharS) refers to bsp.o(.constdata) for Font
    bsp.o(i.BSP_LCD_DrawFastHLine) refers to bsp.o(i.setAddrWindow) for setAddrWindow
    bsp.o(i.BSP_LCD_DrawFastHLine) refers to bsp.o(i.writedata) for writedata
    bsp.o(i.BSP_LCD_DrawFastHLine) refers to bsp.o(.data) for _width
    bsp.o(i.BSP_LCD_DrawFastVLine) refers to bsp.o(i.setAddrWindow) for setAddrWindow
    bsp.o(i.BSP_LCD_DrawFastVLine) refers to bsp.o(i.writedata) for writedata
    bsp.o(i.BSP_LCD_DrawFastVLine) refers to bsp.o(.data) for _width
    bsp.o(i.BSP_LCD_DrawPixel) refers to bsp.o(i.setAddrWindow) for setAddrWindow
    bsp.o(i.BSP_LCD_DrawPixel) refers to bsp.o(i.pushColor) for pushColor
    bsp.o(i.BSP_LCD_DrawPixel) refers to bsp.o(.data) for _width
    bsp.o(i.BSP_LCD_DrawString) refers to bsp.o(i.BSP_LCD_DrawChar) for BSP_LCD_DrawChar
    bsp.o(i.BSP_LCD_Drawaxes) refers to bsp.o(i.BSP_LCD_FillRect) for BSP_LCD_FillRect
    bsp.o(i.BSP_LCD_Drawaxes) refers to bsp.o(i.BSP_LCD_DrawFastHLine) for BSP_LCD_DrawFastHLine
    bsp.o(i.BSP_LCD_Drawaxes) refers to bsp.o(i.BSP_LCD_DrawFastVLine) for BSP_LCD_DrawFastVLine
    bsp.o(i.BSP_LCD_Drawaxes) refers to bsp.o(i.BSP_LCD_DrawPixel) for BSP_LCD_DrawPixel
    bsp.o(i.BSP_LCD_Drawaxes) refers to bsp.o(i.BSP_LCD_DrawChar) for BSP_LCD_DrawChar
    bsp.o(i.BSP_LCD_Drawaxes) refers to bsp.o(.data) for Ymax
    bsp.o(i.BSP_LCD_FillRect) refers to bsp.o(i.setAddrWindow) for setAddrWindow
    bsp.o(i.BSP_LCD_FillRect) refers to bsp.o(i.writedata) for writedata
    bsp.o(i.BSP_LCD_FillRect) refers to bsp.o(.data) for _width
    bsp.o(i.BSP_LCD_FillScreen) refers to bsp.o(i.BSP_LCD_FillRect) for BSP_LCD_FillRect
    bsp.o(i.BSP_LCD_FillScreen) refers to bsp.o(.data) for _height
    bsp.o(i.BSP_LCD_Init) refers to bsp.o(i.ST7735_InitR) for ST7735_InitR
    bsp.o(i.BSP_LCD_OutUDec) refers to bsp.o(i.fillmessage) for fillmessage
    bsp.o(i.BSP_LCD_OutUDec) refers to bsp.o(i.BSP_LCD_DrawString) for BSP_LCD_DrawString
    bsp.o(i.BSP_LCD_OutUDec) refers to bsp.o(i.BSP_LCD_DrawChar) for BSP_LCD_DrawChar
    bsp.o(i.BSP_LCD_OutUDec) refers to bsp.o(.data) for StTextColor
    bsp.o(i.BSP_LCD_OutUDec) refers to bsp.o(.bss) for Message
    bsp.o(i.BSP_LCD_OutUDec4) refers to bsp.o(i.fillmessage4) for fillmessage4
    bsp.o(i.BSP_LCD_OutUDec4) refers to bsp.o(i.BSP_LCD_DrawString) for BSP_LCD_DrawString
    bsp.o(i.BSP_LCD_OutUDec4) refers to bsp.o(i.BSP_LCD_DrawChar) for BSP_LCD_DrawChar
    bsp.o(i.BSP_LCD_OutUDec4) refers to bsp.o(.data) for Messageindex
    bsp.o(i.BSP_LCD_OutUDec4) refers to bsp.o(.bss) for Message
    bsp.o(i.BSP_LCD_OutUDec5) refers to bsp.o(i.fillmessage5) for fillmessage5
    bsp.o(i.BSP_LCD_OutUDec5) refers to bsp.o(i.BSP_LCD_DrawString) for BSP_LCD_DrawString
    bsp.o(i.BSP_LCD_OutUDec5) refers to bsp.o(i.BSP_LCD_DrawChar) for BSP_LCD_DrawChar
    bsp.o(i.BSP_LCD_OutUDec5) refers to bsp.o(.data) for Messageindex
    bsp.o(i.BSP_LCD_OutUDec5) refers to bsp.o(.bss) for Message
    bsp.o(i.BSP_LCD_OutUFix2_1) refers to bsp.o(i.fillmessage2_1) for fillmessage2_1
    bsp.o(i.BSP_LCD_OutUFix2_1) refers to bsp.o(i.BSP_LCD_DrawString) for BSP_LCD_DrawString
    bsp.o(i.BSP_LCD_OutUFix2_1) refers to bsp.o(i.BSP_LCD_DrawChar) for BSP_LCD_DrawChar
    bsp.o(i.BSP_LCD_OutUFix2_1) refers to bsp.o(.data) for StY
    bsp.o(i.BSP_LCD_OutUFix2_1) refers to bsp.o(.bss) for Message
    bsp.o(i.BSP_LCD_OutUHex2) refers to bsp.o(i.fillmessage2_Hex) for fillmessage2_Hex
    bsp.o(i.BSP_LCD_OutUHex2) refers to bsp.o(i.BSP_LCD_DrawString) for BSP_LCD_DrawString
[...]
    i.Bluetooth_ReadTemperature              0x00001ce4   Section        0  lab6.o(i.Bluetooth_ReadTemperature)
    i.Bluetooth_ReadTime                     0x00001d20   Section        0  lab6.o(i.Bluetooth_ReadTime)
    i.Bluetooth_Steps                        0x00001d44   Section        0  lab6.o(i.Bluetooth_Steps)
    i.Bluetooth_WritePlotState               0x00001d60   Section        0  lab6.o(i.Bluetooth_WritePlotState)
    i.BuildAddCharDescriptorMsg              0x00001da8   Section        0  ap_lab6.o(i.BuildAddCharDescriptorMsg)
    i.BuildAddCharValueMsg                   0x00001daa   Section        0  ap_lab6.o(i.BuildAddCharValueMsg)
    i.BuildAddNotifyCharDescriptorMsg        0x00001dac   Section        0  ap_lab6.o(i.BuildAddNotifyCharDescriptorMsg)
    i.BuildAddServiceMsg                     0x00001dae   Section        0  ap_lab6.o(i.BuildAddServiceMsg)
    i.BuildGetStatusMsg                      0x00001db0   Section        0  ap_lab6.o(i.BuildGetStatusMsg)
    i.BuildGetVersionMsg                     0x00001db2   Section        0  ap_lab6.o(i.BuildGetVersionMsg)
    i.BuildRegisterServiceMsg                0x00001db4   Section        0  ap_lab6.o(i.BuildRegisterServiceMsg)
    i.BuildSetAdvertisementData1Msg          0x00001db6   Section        0  ap_lab6.o(i.BuildSetAdvertisementData1Msg)
    i.BuildSetAdvertisementDataMsg           0x00001db8   Section        0  ap_lab6.o(i.BuildSetAdvertisementDataMsg)
    i.BuildSetDeviceNameMsg                  0x00001dba   Section        0  ap_lab6.o(i.BuildSetDeviceNameMsg)
    i.BuildStartAdvertisementMsg             0x00001dbc   Section        0  ap_lab6.o(i.BuildStartAdvertisementMsg)
    i.Clock_Delay1ms                         0x00001dbe   Section        0  cortexm.o(i.Clock_Delay1ms)
    i.EUSCIA2_IRQHandler                     0x00001dd4   Section        0  uart1.o(i.EUSCIA2_IRQHandler)
    i.Encrypt                                0x00001df4   Section        0  texas.o(i.Encrypt)
    Encrypt                                  0x00001df5   Thumb Code    86  texas.o(i.Encrypt)
    i.GPIO_Init                              0x00001e5c   Section        0  gpio.o(i.GPIO_Init)
    i.I2C_Recv2                              0x00001f2c   Section        0  bsp.o(i.I2C_Recv2)
    I2C_Recv2                                0x00001f2d   Thumb Code   184  bsp.o(i.I2C_Recv2)
    i.I2C_Send1                              0x00001fe8   Section        0  bsp.o(i.I2C_Send1)
    I2C_Send1                                0x00001fe9   Thumb Code   154  bsp.o(i.I2C_Send1)
    i.I2C_Send3                              0x00002088   Section        0  bsp.o(i.I2C_Send3)
    I2C_Send3                                0x00002089   Thumb Code   262  bsp.o(i.I2C_Send3)
    i.Lab6BuildAddCharDescriptorMsgSolution  0x00002198   Section        0  texas.o(i.Lab6BuildAddCharDescriptorMsgSolution)
    Lab6BuildAddCharDescriptorMsgSolution    0x00002199   Thumb Code    88  texas.o(i.Lab6BuildAddCharDescriptorMsgSolution)
    i.Lab6BuildAddCharValueMsgSolution       0x000021f0   Section        0  texas.o(i.Lab6BuildAddCharValueMsgSolution)
    Lab6BuildAddCharValueMsgSolution         0x000021f1   Thumb Code    64  texas.o(i.Lab6BuildAddCharValueMsgSolution)
    i.Lab6BuildAddNotifyCharDescriptorMsgSolution 0x00002230   Section        0  texas.o(i.Lab6BuildAddNotifyCharDescriptorMsgSolution)
    Lab6BuildAddNotifyCharDescriptorMsgSolution 0x00002231   Thumb Code    92  texas.o(i.Lab6BuildAddNotifyCharDescriptorMsgSolution)
    i.Lab6BuildAddServiceMsgSolution         0x0000228c   Section        0  texas.o(i.Lab6BuildAddServiceMsgSolution)
    Lab6BuildAddServiceMsgSolution           0x0000228d   Thumb Code    44  texas.o(i.Lab6BuildAddServiceMsgSolution)
    i.Lab6BuildGetStatusMsgSolution          0x000022b8   Section        0  texas.o(i.Lab6BuildGetStatusMsgSolution)
    Lab6BuildGetStatusMsgSolution            0x000022b9   Thumb Code    30  texas.o(i.Lab6BuildGetStatusMsgSolution)
    i.Lab6BuildGetVersionMsgSolution         0x000022d6   Section        0  texas.o(i.Lab6BuildGetVersionMsgSolution)
    Lab6BuildGetVersionMsgSolution           0x000022d7   Thumb Code    30  texas.o(i.Lab6BuildGetVersionMsgSolution)
    i.Lab6BuildRegisterServiceMsgSolution    0x000022f4   Section        0  texas.o(i.Lab6BuildRegisterServiceMsgSolution)
    Lab6BuildRegisterServiceMsgSolution      0x000022f5   Thumb Code    30  texas.o(i.Lab6BuildRegisterServiceMsgSolution)
    i.Lab6BuildSetAdvertisementData1MsgSolution 0x00002312   Section        0  texas.o(i.Lab6BuildSetAdvertisementData1MsgSolution)
    Lab6BuildSetAdvertisementData1MsgSolution 0x00002313   Thumb Code    72  texas.o(i.Lab6BuildSetAdvertisementData1MsgSolution)
    i.Lab6BuildSetAdvertisementDataMsgSolution 0x0000235a   Section        0  texas.o(i.Lab6BuildSetAdvertisementDataMsgSolution)
    Lab6BuildSetAdvertisementDataMsgSolution 0x0000235b   Thumb Code   126  texas.o(i.Lab6BuildSetAdvertisementDataMsgSolution)
    i.Lab6BuildSetAdvertisementDataMsgSolutionold 0x000023d8   Section        0  texas.o(i.Lab6BuildSetAdvertisementDataMsgSolutionold)
    Lab6BuildSetAdvertisementDataMsgSolutionold 0x000023d9   Thumb Code   126  texas.o(i.Lab6BuildSetAdvertisementDataMsgSolutionold)
    i.Lab6BuildSetDeviceNameMsgSolution      0x00002456   Section        0  texas.o(i.Lab6BuildSetDeviceNameMsgSolution)
    Lab6BuildSetDeviceNameMsgSolution        0x00002457   Thumb Code    68  texas.o(i.Lab6BuildSetDeviceNameMsgSolution)
    i.Lab6BuildStartAdvertisementMsgSolution 0x0000249a   Section        0  texas.o(i.Lab6BuildStartAdvertisementMsgSolution)
    Lab6BuildStartAdvertisementMsgSolution   0x0000249b   Thumb Code    76  texas.o(i.Lab6BuildStartAdvertisementMsgSolution)
    i.Lab6GradeAddCharDescriptorMsg          0x000024e8   Section        0  texas.o(i.Lab6GradeAddCharDescriptorMsg)
    Lab6GradeAddCharDescriptorMsg            0x000024e9   Thumb Code    78  texas.o(i.Lab6GradeAddCharDescriptorMsg)
    i.Lab6GradeAddCharValueMsg               0x00002570   Section        0  texas.o(i.Lab6GradeAddCharValueMsg)
    Lab6GradeAddCharValueMsg                 0x00002571   Thumb Code   104  texas.o(i.Lab6GradeAddCharValueMsg)
    i.Lab6GradeAddNotifyCharDescriptorMsg    0x000025fc   Section        0  texas.o(i.Lab6GradeAddNotifyCharDescriptorMsg)
    Lab6GradeAddNotifyCharDescriptorMsg      0x000025fd   Thumb Code    78  texas.o(i.Lab6GradeAddNotifyCharDescriptorMsg)
    i.Lab6GradeAddServiceMsg                 0x00002688   Section        0  texas.o(i.Lab6GradeAddServiceMsg)
    Lab6GradeAddServiceMsg                   0x00002689   Thumb Code   106  texas.o(i.Lab6GradeAddServiceMsg)
    i.Lab6GradeGetStatusMsg                  0x00002718   Section        0  texas.o(i.Lab6GradeGetStatusMsg)
    Lab6GradeGetStatusMsg                    0x00002719   Thumb Code    44  texas.o(i.Lab6GradeGetStatusMsg)
    i.Lab6GradeGetVersionMsg                 0x00002768   Section        0  texas.o(i.Lab6GradeGetVersionMsg)
    Lab6GradeGetVersionMsg                   0x00002769   Thumb Code    44  texas.o(i.Lab6GradeGetVersionMsg)
    i.Lab6GradeRegisterServiceMsg            0x000027b8   Section        0  texas.o(i.Lab6GradeRegisterServiceMsg)
    Lab6GradeRegisterServiceMsg              0x000027b9   Thumb Code    44  texas.o(i.Lab6GradeRegisterServiceMsg)
    i.Lab6GradeSetAdvertisementData1Msg      0x0000280c   Section        0  texas.o(i.Lab6GradeSetAdvertisementData1Msg)
    Lab6GradeSetAdvertisementData1Msg        0x0000280d   Thumb Code    44  texas.o(i.Lab6GradeSetAdvertisementData1Msg)
    i.Lab6GradeSetAdvertisementDataMsg       0x00002868   Section        0  texas.o(i.Lab6GradeSetAdvertisementDataMsg)
    Lab6GradeSetAdvertisementDataMsg         0x00002869   Thumb Code    82  texas.o(i.Lab6GradeSetAdvertisementDataMsg)
    i.Lab6GradeSetAdvertisementDataMsgold    0x000028fc   Section        0  texas.o(i.Lab6GradeSetAdvertisementDataMsgold)
    Lab6GradeSetAdvertisementDataMsgold      0x000028fd   Thumb Code    78  texas.o(i.Lab6GradeSetAdvertisementDataMsgold)
    i.Lab6GradeSetDeviceNameMsg              0x0000299c   Section        0  texas.o(i.Lab6GradeSetDeviceNameMsg)
    Lab6GradeSetDeviceNameMsg                0x0000299d   Thumb Code    78  texas.o(i.Lab6GradeSetDeviceNameMsg)
    i.Lab6GradeStartAdvertisementMsg         0x00002a28   Section        0  texas.o(i.Lab6GradeStartAdvertisementMsg)
    Lab6GradeStartAdvertisementMsg           0x00002a29   Thumb Code    66  texas.o(i.Lab6GradeStartAdvertisementMsg)
    i.Lab6OutCheck                           0x00002a98   Section        0  texas.o(i.Lab6OutCheck)
    i.Lab6_AddCharacteristic                 0x00002b34   Section        0  ap_lab6.o(i.Lab6_AddCharacteristic)
    i.Lab6_AddNotifyCharacteristic           0x00002c54   Section        0  ap_lab6.o(i.Lab6_AddNotifyCharacteristic)
    i.Lab6_AddService                        0x00002da4   Section        0  ap_lab6.o(i.Lab6_AddService)
    i.Lab6_GetStatus                         0x00002de0   Section        0  ap_lab6.o(i.Lab6_GetStatus)
    i.Lab6_GetVersion                        0x00002e34   Section        0  ap_lab6.o(i.Lab6_GetVersion)
    i.Lab6_RegisterService                   0x00002e78   Section        0  ap_lab6.o(i.Lab6_RegisterService)
    i.Lab6_StartAdvertisement                0x00002eb4   Section        0  ap_lab6.o(i.Lab6_StartAdvertisement)
    i.LogicAnalyzer                          0x00002f9c   Section        0  texas.o(i.LogicAnalyzer)
    i.NextRandom                             0x00002fb0   Section        0  texas.o(i.NextRandom)
    NextRandom                               0x00002fb1   Thumb Code    24  texas.o(i.NextRandom)
    i.OS_AddPeriodicEventThread              0x00002fd4   Section        0  os.o(i.OS_AddPeriodicEventThread)
    i.OS_AddThreads                          0x0000301c   Section        0  os.o(i.OS_AddThreads)
    i.OS_FIFO_Get                            0x000030cc   Section        0  os.o(i.OS_FIFO_Get)
    i.OS_FIFO_Init                           0x00003104   Section        0  os.o(i.OS_FIFO_Init)
    i.OS_FIFO_Put                            0x00003128   Section        0  os.o(i.OS_FIFO_Put)
    i.OS_Init                                0x0000317c   Section        0  os.o(i.OS_Init)
    i.OS_InitSemaphore                       0x000031a8   Section        0  os.o(i.OS_InitSemaphore)
    i.OS_Launch                              0x000031ac   Section        0  os.o(i.OS_Launch)
    i.OS_Signal                              0x000031e0   Section        0  os.o(i.OS_Signal)
    i.OS_Sleep                               0x00003214   Section        0  os.o(i.OS_Sleep)
    i.OS_Suspend                             0x00003228   Section        0  os.o(i.OS_Suspend)
    i.OS_Wait                                0x00003240   Section        0  os.o(i.OS_Wait)
    i.OutValue                               0x0000326c   Section        0  lab6.o(i.OutValue)
    i.PeriodicTask2_Init                     0x00003280   Section        0  texas.o(i.PeriodicTask2_Init)
    i.Profile_Init                           0x0000331c   Section        0  profile.o(i.Profile_Init)
    i.RxFifo_Get                             0x00003474   Section        0  uart1.o(i.RxFifo_Get)
    i.RxFifo_Init                            0x000034ac   Section        0  uart1.o(i.RxFifo_Init)
    i.RxFifo_Put                             0x000034c8   Section        0  uart1.o(i.RxFifo_Put)
    i.ST7735_InitR                           0x00003510   Section        0  bsp.o(i.ST7735_InitR)
    ST7735_InitR                             0x00003511   Thumb Code    86  bsp.o(i.ST7735_InitR)
    i.Scheduler                              0x00003584   Section        0  os.o(i.Scheduler)
    i.SetFCSSolution                         0x000035b4   Section        0  texas.o(i.SetFCSSolution)
    SetFCSSolution                           0x000035b5   Thumb Code    38  texas.o(i.SetFCSSolution)
    i.SetGrade                               0x000035dc   Section        0  texas.o(i.SetGrade)
    SetGrade                                 0x000035dd   Thumb Code   196  texas.o(i.SetGrade)
    i.SetInitialStack                        0x000036a8   Section        0  os.o(i.SetInitialStack)
    i.SystemInit                             0x000037f8   Section        0  system_msp432p401r.o(i.SystemInit)
    i.T32_INT1_IRQHandler                    0x00003854   Section        0  bsp.o(i.T32_INT1_IRQHandler)
    i.TA1_0_IRQHandler                       0x0000386c   Section        0  bsp.o(i.TA1_0_IRQHandler)
    i.TA2_0_IRQHandler                       0x0000388c   Section        0  bsp.o(i.TA2_0_IRQHandler)
    i.TA3_0_IRQHandler                       0x000038ac   Section        0  texas.o(i.TA3_0_IRQHandler)
    i.TExaS_Grade                            0x000038cc   Section        0  texas.o(i.TExaS_Grade)
    i.TExaS_Init                             0x00003994   Section        0  texas.o(i.TExaS_Init)
    i.TExaS_Task0                            0x00003b28   Section        0  texas.o(i.TExaS_Task0)
    i.TExaS_Task1                            0x00003b68   Section        0  texas.o(i.TExaS_Task1)
    i.TExaS_Task2                            0x00003ba8   Section        0  texas.o(i.TExaS_Task2)
    i.TExaS_Task3                            0x00003be8   Section        0  texas.o(i.TExaS_Task3)
    i.TExaS_Task4                            0x00003c28   Section        0  texas.o(i.TExaS_Task4)
    i.TExaS_Task5                            0x00003c68   Section        0  texas.o(i.TExaS_Task5)
    i.TExaS_Task6                            0x00003ca8   Section        0  texas.o(i.TExaS_Task6)
    i.Task0                                  0x00003ce8   Section        0  lab6.o(i.Task0)
    i.Task0_Init                             0x00003d74   Section        0  lab6.o(i.Task0_Init)
    i.Task1                                  0x00003d88   Section        0  lab6.o(i.Task1)
    i.Task1_Init                             0x00003dfc   Section        0  lab6.o(i.Task1_Init)
    i.Task2                                  0x00003e64   Section        0  lab6.o(i.Task2)
    i.Task3                                  0x00004028   Section        0  lab6.o(i.Task3)
    i.Task4                                  0x00004170   Section        0  lab6.o(i.Task4)
    i.Task5                                  0x000041d8   Section        0  lab6.o(i.Task5)
    i.Task6                                  0x00004358   Section        0  lab6.o(i.Task6)
    i.Task7                                  0x000043ac   Section        0  lab6.o(i.Task7)
    i.UART0_Init                             0x000043e4   Section        0  uart0.o(i.UART0_Init)
    i.UART0_OutChar                          0x00004438   Section        0  uart0.o(i.UART0_OutChar)
    i.UART0_OutString                        0x00004450   Section        0  uart0.o(i.UART0_OutString)
    i.UART0_OutUDec                          0x00004468   Section        0  uart0.o(i.UART0_OutUDec)
    i.UART0_OutUHex                          0x00004492   Section        0  uart0.o(i.UART0_OutUHex)
    i.UART0_OutUHex2                         0x000044c6   Section        0  uart0.o(i.UART0_OutUHex2)
    i.UART1_FinishOutput                     0x000044dc   Section        0  uart1.o(i.UART1_FinishOutput)
    i.UART1_InChar                           0x000044f0   Section        0  uart1.o(i.UART1_InChar)
    i.UART1_Init                             0x00004504   Section        0  uart1.o(i.UART1_Init)
    i.UART1_OutChar                          0x0000457c   Section        0  uart1.o(i.UART1_OutChar)
    i.adcinit                                0x00004598   Section        0  bsp.o(i.adcinit)
    adcinit                                  0x00004599   Thumb Code    50  bsp.o(i.adcinit)
    i.commandList                            0x000045d8   Section        0  bsp.o(i.commandList)
    commandList                              0x000045d9   Thumb Code    86  bsp.o(i.commandList)
    i.commonInit                             0x00004630   Section        0  bsp.o(i.commonInit)
    commonInit                               0x00004631   Thumb Code   232  bsp.o(i.commonInit)
    i.drawaxes                               0x0000472c   Section        0  lab6.o(i.drawaxes)
    i.fillmessage                            0x00004840   Section        0  bsp.o(i.fillmessage)
    fillmessage                              0x00004841   Thumb Code    64  bsp.o(i.fillmessage)
    i.fillmessage2_1                         0x00004888   Section        0  bsp.o(i.fillmessage2_1)
    fillmessage2_1                           0x00004889   Thumb Code    90  bsp.o(i.fillmessage2_1)
    i.fillmessage4                           0x000048e8   Section        0  bsp.o(i.fillmessage4)
    fillmessage4                             0x000048e9   Thumb Code    90  bsp.o(i.fillmessage4)
    i.i2cinit                                0x0000494c   Section        0  bsp.o(i.i2cinit)
    i2cinit                                  0x0000494d   Thumb Code    78  bsp.o(i.i2cinit)
    i.lightsensorend                         0x000049a4   Section        0  bsp.o(i.lightsensorend)
    lightsensorend                           0x000049a5   Thumb Code    80  bsp.o(i.lightsensorend)
    i.lightsensorstart                       0x000049f4   Section        0  bsp.o(i.lightsensorstart)
    lightsensorstart                         0x000049f5   Thumb Code    36  bsp.o(i.lightsensorstart)
    i.main                                   0x00004a18   Section        0  lab6.o(i.main)
    i.outnibble                              0x00004b1c   Section        0  uart0.o(i.outnibble)
    i.pushColor                              0x00004b3c   Section        0  bsp.o(i.pushColor)
    pushColor                                0x00004b3d   Thumb Code    18  bsp.o(i.pushColor)
    i.runperiodicevents                      0x00004b50   Section        0  os.o(i.runperiodicevents)
    runperiodicevents                        0x00004b51   Thumb Code    88  os.o(i.runperiodicevents)
    i.runsleep                               0x00004bac   Section        0  os.o(i.runsleep)
    runsleep                                 0x00004bad   Thumb Code    40  os.o(i.runsleep)
    i.setAddrWindow                          0x00004bd8   Section        0  bsp.o(i.setAddrWindow)
    setAddrWindow                            0x00004bd9   Thumb Code   106  bsp.o(i.setAddrWindow)
    i.sqrt32                                 0x00004c4c   Section        0  lab6.o(i.sqrt32)
    i.tempsensorend                          0x00004c6a   Section        0  bsp.o(i.tempsensorend)
    tempsensorend                            0x00004c6b   Thumb Code    68  bsp.o(i.tempsensorend)
    i.tempsensorstart                        0x00004cae   Section        0  bsp.o(i.tempsensorstart)
    tempsensorstart                          0x00004caf   Thumb Code    18  bsp.o(i.tempsensorstart)
    i.writecommand                           0x00004cc0   Section        0  bsp.o(i.writecommand)
    writecommand                             0x00004cc1   Thumb Code    58  bsp.o(i.writecommand)
    i.writedata                              0x00004d08   Section        0  bsp.o(i.writedata)
    writedata                                0x00004d09   Thumb Code    60  bsp.o(i.writedata)
    x$fpl$fpinit                             0x00004d50   Section       10  fpinit.o(x$fpl$fpinit)
    $v0                                      0x00004d50   Number         0  fpinit.o(x$fpl$fpinit)
    .constdata                               0x00004d5a   Section     1403  bsp.o(.constdata)
    Font                                     0x00004d5a   Data        1275  bsp.o(.constdata)
    Rcmd1                                    0x00005255   Data          59  bsp.o(.constdata)
    Rcmd2green                               0x00005290   Data          13  bsp.o(.constdata)
    Rcmd2red                                 0x0000529d   Data          13  bsp.o(.constdata)
    Rcmd3                                    0x000052aa   Data          43  bsp.o(.constdata)
    .constdata                               0x000052d8   Section      116  ap.o(.constdata)
    .constdata                               0x0000534c   Section       72  texas.o(.constdata)
    .conststring                             0x00005394   Section      102  texas.o(.conststring)
    .data                                    0x20000000   Section       92  bsp.o(.data)
    ClockFrequency                           0x20000000   Data           4  bsp.o(.data)
    SubsystemFrequency                       0x20000004   Data           4  bsp.o(.data)
    PWMCycles                                0x20000008   Data           2  bsp.o(.data)
    ColStart                                 0x20000016   Data           1  bsp.o(.data)
    RowStart                                 0x20000017   Data           1  bsp.o(.data)
    _width                                   0x20000018   Data           2  bsp.o(.data)
    _height                                  0x2000001a   Data           2  bsp.o(.data)
    .data                                    0x2000005c   Section       24  os.o(.data)
    event_number                             0x20000070   Data           4  os.o(.data)
    .data                                    0x20000074   Section       90  lab6.o(.data)
    soundSum                                 0x200000c4   Data           4  lab6.o(.data)
    time                                     0x200000c8   Data           4  lab6.o(.data)
    prev1                                    0x200000cc   Data           1  lab6.o(.data)
    prev2                                    0x200000cd   Data           1  lab6.o(.data)
    .data                                    0x200000d0   Section      200  ap.o(.data)
    .data                                    0x20000198   Section       12  uart1.o(.data)
    .data                                    0x200001a4   Section       48  texas.o(.data)
    grade                                    0x200001ac   Data           4  texas.o(.data)
    Random                                   0x200001b0   Data           4  texas.o(.data)
    .bss                                     0x200001d4   Section       12  bsp.o(.bss)
    .bss                                     0x200001e0   Section     2560  os.o(.bss)
    .bss                                     0x20000be0   Section     2000  lab6.o(.bss)
    .bss                                     0x200013b0   Section      368  ap.o(.bss)
    .bss                                     0x20001520   Section      256  uart1.o(.bss)
    .bss                                     0x20001620   Section     1804  texas.o(.bss)
    TrueMsgBuffer                            0x20001cec   Data          32  texas.o(.bss)
    TestMsgBuffer                            0x20001d0c   Data          32  texas.o(.bss)
    .bss                                     0x20001d2c   Section       96  libspace.o(.bss)
    HEAP                                     0x20001d90   Section        0  startup_msp432p401r_uvision.o(HEAP)
    STACK                                    0x20001d90   Section      512  startup_msp432p401r_uvision.o(STACK)
    Heap_Mem                                 0x20001d90   Data           0  startup_msp432p401r_uvision.o(HEAP)
    Stack_Mem                                0x20001d90   Data         512  startup_msp432p401r_uvision.o(STACK)
    __initial_sp                             0x20001f90   Data           0  startup_msp432p401r_uvision.o(STACK)

    Global Symbols

    Symbol Name                              Value     Ov Type        Size  Object(Section)

    BuildAttributes$$THM_ISAv4$E$P$D$K$B$S$7EM$VFPi3$EXTD16$VFPS$VFMA$PE$A:L22UL41UL21$X:L11$S22US41US21$IEEE1$IW$USESV6$~STKCKD$USESV7$~SHL$OSPACE$ROPI$EBA8$UX$STANDARDLIB$REQ8$PRES8$EABIv2 0x00000000   Number         0  anon$$obj.o ABSOLUTE
    __ARM_use_no_argv                        0x00000000   Number         0  lab6.o ABSOLUTE
    __Vectors                                0x00000000   Data           4  startup_msp432p401r_uvision.o(RESET)
    __ARM_exceptions_init                     - Undefined Weak Reference
    __alloca_initialize                       - Undefined Weak Reference
    __arm_preinit_                            - Undefined Weak Reference
    __cpp_initialize__aeabi_                  - Undefined Weak Reference
    __cxa_finalize                            - Undefined Weak Reference
    __rt_locale                               - Undefined Weak Reference
    __sigvec_lookup                           - Undefined Weak Reference
    _atexit_init                              - Undefined Weak Reference
    _call_atexit_fns                          - Undefined Weak Reference
    _clock_init                               - Undefined Weak Reference
    _fp_trap_init                             - Undefined Weak Reference
    _fp_trap_shutdown                         - Undefined Weak Reference
    _get_lc_collate                           - Undefined Weak Reference
    _get_lc_ctype                             - Undefined Weak Reference
    _get_lc_monetary                          - Undefined Weak Reference
    _get_lc_numeric                           - Undefined Weak Reference
    _get_lc_time                              - Undefined Weak Reference
    _getenv_init                              - Undefined Weak Reference
    _handle_redirection                       - Undefined Weak Reference
    _init_alloc                               - Undefined Weak Reference
    _init_user_alloc                          - Undefined Weak Reference
    _initio                                   - Undefined Weak Reference
    _rand_init                                - Undefined Weak Reference
    _signal_finish                            - Undefined Weak Reference
    _signal_init                              - Undefined Weak Reference
    _terminate_alloc                          - Undefined Weak Reference
    _terminate_user_alloc                     - Undefined Weak Reference
    _terminateio                              - Undefined Weak Reference
    __Vectors_End                            0x00000144   Data           0  startup_msp432p401r_uvision.o(RESET)
    __Vectors_Size                           0x00000144   Number         0  startup_msp432p401r_uvision.o ABSOLUTE
    __main                                   0x00000145   Thumb Code     8  __main.o(!!!main)
    __scatterload                            0x0000014d   Thumb Code     0  __scatter.o(!!!scatter)
    __scatterload_rt2                        0x0000014d   Thumb Code    44  __scatter.o(!!!scatter)
    __scatterload_rt2_thumb_only             0x0000014d   Thumb Code     0  __scatter.o(!!!scatter)
    __scatterload_null                       0x0000015b   Thumb Code     0  __scatter.o(!!!scatter)
    __decompress                             0x00000181   Thumb Code    90  __dczerorl2.o(!!dczerorl2)
    __decompress1                            0x00000181   Thumb Code     0  __dczerorl2.o(!!dczerorl2)
    __scatterload_zeroinit                   0x000001dd   Thumb Code    28  __scatter_zi.o(!!handler_zi)
    __rt_lib_init                            0x000001f9   Thumb Code     0  libinit.o(.ARM.Collect$$libinit$$00000000)
    __rt_lib_init_fp_1                       0x000001fb   Thumb Code     0  libinit2.o(.ARM.Collect$$libinit$$00000001)
    __rt_lib_init_alloca_1                   0x000001ff   Thumb Code     0  libinit2.o(.ARM.Collect$$libinit$$0000002E)
    __rt_lib_init_argv_1                     0x000001ff   Thumb Code     0  libinit2.o(.ARM.Collect$$libinit$$0000002C)
    __rt_lib_init_atexit_1                   0x000001ff   Thumb Code     0  libinit2.o(.ARM.Collect$$libinit$$0000001B)
    __rt_lib_init_clock_1                    0x000001ff   Thumb Code     0  libinit2.o(.ARM.Collect$$libinit$$00000021)
    __rt_lib_init_cpp_1                      0x000001ff   Thumb Code     0  libinit2.o(.ARM.Collect$$libinit$$00000032)
    __rt_lib_init_exceptions_1               0x000001ff   Thumb Code     0  libinit2.o(.ARM.Collect$$libinit$$00000030)
    __rt_lib_init_fp_trap_1                  0x000001ff   Thumb Code     0  libinit2.o(.ARM.Collect$$libinit$$0000001F)
    __rt_lib_init_getenv_1                   0x000001ff   Thumb Code     0  libinit2.o(.ARM.Collect$$libinit$$00000023)
    __rt_lib_init_heap_1                     0x000001ff   Thumb Code     0  libinit2.o(.ARM.Collect$$libinit$$0000000A)
    __rt_lib_init_lc_collate_1               0x000001ff   Thumb Code     0  libinit2.o(.ARM.Collect$$libinit$$00000011)
    __rt_lib_init_lc_ctype_1                 0x000001ff   Thumb Code     0  libinit2.o(.ARM.Collect$$libinit$$00000013)
    __rt_lib_init_lc_monetary_1              0x000001ff   Thumb Code     0  libinit2.o(.ARM.Collect$$libinit$$00000015)
    __rt_lib_init_lc_numeric_1               0x000001ff   Thumb Code     0  libinit2.o(.ARM.Collect$$libinit$$00000017)
    __rt_lib_init_lc_time_1                  0x000001ff   Thumb Code     0  libinit2.o(.ARM.Collect$$libinit$$00000019)
    __rt_lib_init_preinit_1                  0x000001ff   Thumb Code     0  libinit2.o(.ARM.Collect$$libinit$$00000004)
    __rt_lib_init_rand_1                     0x000001ff   Thumb Code     0  libinit2.o(.ARM.Collect$$libinit$$0000000E)
    __rt_lib_init_return                     0x000001ff   Thumb Code     0  libinit2.o(.ARM.Collect$$libinit$$00000033)
    __rt_lib_init_signal_1                   0x000001ff   Thumb Code     0  libinit2.o(.ARM.Collect$$libinit$$0000001D)
    __rt_lib_init_stdio_1                    0x000001ff   Thumb Code     0  libinit2.o(.ARM.Collect$$libinit$$00000025)
    __rt_lib_init_user_alloc_1               0x000001ff   Thumb Code     0  libinit2.o(.ARM.Collect$$libinit$$0000000C)
    __rt_lib_shutdown                        0x00000201   Thumb Code     0  libshutdown.o(.ARM.Collect$$libshutdown$$00000000)
    __rt_lib_shutdown_cpp_1                  0x00000203   Thumb Code     0  libshutdown2.o(.ARM.Collect$$libshutdown$$00000002)
    __rt_lib_shutdown_fp_trap_1              0x00000203   Thumb Code     0  libshutdown2.o(.ARM.Collect$$libshutdown$$00000007)
    __rt_lib_shutdown_heap_1                 0x00000203   Thumb Code     0  libshutdown2.o(.ARM.Collect$$libshutdown$$0000000F)
    __rt_lib_shutdown_return                 0x00000203   Thumb Code     0  libshutdown2.o(.ARM.Collect$$libshutdown$$00000010)
    __rt_lib_shutdown_signal_1               0x00000203   Thumb Code     0  libshutdown2.o(.ARM.Collect$$libshutdown$$0000000A)
    __rt_lib_shutdown_stdio_1                0x00000203   Thumb Code     0  libshutdown2.o(.ARM.Collect$$libshutdown$$00000004)
    __rt_lib_shutdown_user_alloc_1           0x00000203   Thumb Code     0  libshutdown2.o(.ARM.Collect$$libshutdown$$0000000C)
    __rt_entry                               0x00000205   Thumb Code     0  __rtentry.o(.ARM.Collect$$rtentry$$00000000)
    __rt_entry_presh_1                       0x00000205   Thumb Code     0  __rtentry2.o(.ARM.Collect$$rtentry$$00000002)
    __rt_entry_sh                            0x00000205   Thumb Code     0  __rtentry4.o(.ARM.Collect$$rtentry$$00000004)
    __rt_entry_li                            0x0000020b   Thumb Code     0  __rtentry2.o(.ARM.Collect$$rtentry$$0000000A)
    __rt_entry_postsh_1                      0x0000020b   Thumb Code     0  __rtentry2.o(.ARM.Collect$$rtentry$$00000009)
    __rt_entry_main                          0x0000020f   Thumb Code     0  __rtentry2.o(.ARM.Collect$$rtentry$$0000000D)
    __rt_entry_postli_1                      0x0000020f   Thumb Code     0  __rtentry2.o(.ARM.Collect$$rtentry$$0000000C)
    __rt_exit                                0x00000217   Thumb Code     0  rtexit.o(.ARM.Collect$$rtexit$$00000000)
    __rt_exit_ls                             0x00000219   Thumb Code     0  rtexit2.o(.ARM.Collect$$rtexit$$00000003)
    __rt_exit_prels_1                        0x00000219   Thumb Code     0  rtexit2.o(.ARM.Collect$$rtexit$$00000002)
    __rt_exit_exit                           0x0000021d   Thumb Code     0  rtexit2.o(.ARM.Collect$$rtexit$$00000004)
    parrotdelay                              0x00000225   Thumb Code     6  bsp.o(.emb_text)
    DisableInterrupts                        0x0000022d   Thumb Code     4  cortexm.o(.emb_text)
    EnableInterrupts                         0x00000231   Thumb Code     4  cortexm.o(.emb_text)
    StartCritical                            0x00000235   Thumb Code     8  cortexm.o(.emb_text)
    EndCritical                              0x0000023d   Thumb Code     6  cortexm.o(.emb_text)
    WaitForInterrupt                         0x00000243   Thumb Code     4  cortexm.o(.emb_text)
    delay                                    0x00000247   Thumb Code     6  cortexm.o(.emb_text)
    SysTick_Handler                          0x0000024d   Thumb Code     0  osasm.o(.text)
    StartOS                                  0x00000273   Thumb Code     0  osasm.o(.text)
    Reset_Handler                            0x00000295   Thumb Code     8  startup_msp432p401r_uvision.o(.text)
    NMI_Handler                              0x0000029d   Thumb Code     2  startup_msp432p401r_uvision.o(.text)
    HardFault_Handler                        0x0000029f   Thumb Code     2  startup_msp432p401r_uvision.o(.text)
    MemManage_Handler                        0x000002a1   Thumb Code     2  startup_msp432p401r_uvision.o(.text)
    BusFault_Handler                         0x000002a3   Thumb Code     2  startup_msp432p401r_uvision.o(.text)
    UsageFault_Handler                       0x000002a5   Thumb Code     2  startup_msp432p401r_uvision.o(.text)
    SVC_Handler                              0x000002a7   Thumb Code     2  startup_msp432p401r_uvision.o(.text)
    DebugMon_Handler                         0x000002a9   Thumb Code     2  startup_msp432p401r_uvision.o(.text)
    PendSV_Handler                           0x000002ab   Thumb Code     2  startup_msp432p401r_uvision.o(.text)
    ADC14_IRQHandler                         0x000002af   Thumb Code     0  startup_msp432p401r_uvision.o(.text)
    AES256_IRQHandler                        0x000002af   Thumb Code     0  startup_msp432p401r_uvision.o(.text)
    COMP_E0_IRQHandler                       0x000002af   Thumb Code     0  startup_msp432p401r_uvision.o(.text)
    COMP_E1_IRQHandler                       0x000002af   Thumb Code     0  startup_msp432p401r_uvision.o(.text)
    CS_IRQHandler                            0x000002af   Thumb Code     0  startup_msp432p401r_uvision.o(.text)
    DMA_ERR_IRQHandler                       0x000002af   Thumb Code     0  startup_msp432p401r_uvision.o(.text)
    DMA_INT0_IRQHandler                      0x000002af   Thumb Code     0  startup_msp432p401r_uvision.o(.text)
    DMA_INT1_IRQHandler                      0x000002af   Thumb Code     0  startup_msp432p401r_uvision.o(.text)
    DMA_INT2_IRQHandler                      0x000002af   Thumb Code     0  startup_msp432p401r_uvision.o(.text)
    DMA_INT3_IRQHandler                      0x000002af   Thumb Code     0  startup_msp432p401r_uvision.o(.text)
    EUSCIA0_IRQHandler                       0x000002af   Thumb Code     0  startup_msp432p401r_uvision.o(.text)
    EUSCIA1_IRQHandler                       0x000002af   Thumb Code     0  startup_msp432p401r_uvision.o(.text)
    EUSCIA3_IRQHandler                       0x000002af   Thumb Code     0  startup_msp432p401r_uvision.o(.text)
    EUSCIB0_IRQHandler                       0x000002af   Thumb Code     0  startup_msp432p401r_uvision.o(.text)
    EUSCIB1_IRQHandler                       0x000002af   Thumb Code     0  startup_msp432p401r_uvision.o(.text)
    EUSCIB2_IRQHandler                       0x000002af   Thumb Code     0  startup_msp432p401r_uvision.o(.text)
    EUSCIB3_IRQHandler                       0x000002af   Thumb Code     0  startup_msp432p401r_uvision.o(.text)
    FLCTL_IRQHandler                         0x000002af   Thumb Code     0  startup_msp432p401r_uvision.o(.text)
    FPU_IRQHandler                           0x000002af   Thumb Code     0  startup_msp432p401r_uvision.o(.text)
    PCM_IRQHandler                           0x000002af   Thumb Code     0  startup_msp432p401r_uvision.o(.text)
    PORT1_IRQHandler                         0x000002af   Thumb Code     0  startup_msp432p401r_uvision.o(.text)
    PORT2_IRQHandler                         0x000002af   Thumb Code     0  startup_msp432p401r_uvision.o(.text)
    PORT3_IRQHandler                         0x000002af   Thumb Code     0  startup_msp432p401r_uvision.o(.text)
    PORT4_IRQHandler                         0x000002af   Thumb Code     0  startup_msp432p401r_uvision.o(.text)
    PORT5_IRQHandler                         0x000002af   Thumb Code     0  startup_msp432p401r_uvision.o(.text)
    PORT6_IRQHandler                         0x000002af   Thumb Code     0  startup_msp432p401r_uvision.o(.text)
    PSS_IRQHandler                           0x000002af   Thumb Code     0  startup_msp432p401r_uvision.o(.text)
    RTC_C_IRQHandler                         0x000002af   Thumb Code     0  startup_msp432p401r_uvision.o(.text)
    T32_INT2_IRQHandler                      0x000002af   Thumb Code     0  startup_msp432p401r_uvision.o(.text)
    T32_INTC_IRQHandler                      0x000002af   Thumb Code     0  startup_msp432p401r_uvision.o(.text)
    TA0_0_IRQHandler                         0x000002af   Thumb Code     0  startup_msp432p401r_uvision.o(.text)
    TA0_N_IRQHandler                         0x000002af   Thumb Code     0  startup_msp432p401r_uvision.o(.text)
    TA1_N_IRQHandler                         0x000002af   Thumb Code     0  startup_msp432p401r_uvision.o(.text)
    TA2_N_IRQHandler                         0x000002af   Thumb Code     0  startup_msp432p401r_uvision.o(.text)
    TA3_N_IRQHandler                         0x000002af   Thumb Code     0  startup_msp432p401r_uvision.o(.text)
    WDT_A_IRQHandler                         0x000002af   Thumb Code     0  startup_msp432p401r_uvision.o(.text)
    __user_initial_stackheap                 0x000002b1   Thumb Code    10  startup_msp432p401r_uvision.o(.text)
    __use_two_region_memory                  0x000002d1   Thumb Code     2  heapauxi.o(.text)
    __rt_heap_escrow$2region                 0x000002d3   Thumb Code     2  heapauxi.o(.text)
    __rt_heap_expand$2region                 0x000002d5   Thumb Code     2  heapauxi.o(.text)
    __user_setup_stackheap                   0x000002d7   Thumb Code    74  sys_stackheap_outer.o(.text)
    exit                                     0x00000321   Thumb Code    18  exit.o(.text)
    __user_libspace                          0x00000335   Thumb Code     8  libspace.o(.text)
    __user_perproc_libspace                  0x00000335   Thumb Code     0  libspace.o(.text)
    __user_perthread_libspace                0x00000335   Thumb Code     0  libspace.o(.text)
    _sys_exit                                0x0000033d   Thumb Code     8  sys_exit.o(.text)
    __I$use$semihosting                      0x00000349   Thumb Code     0  use_no_semi.o(.text)
    __use_no_semihosting_swi                 0x00000349   Thumb Code     2  use_no_semi.o(.text)
    __semihosting_library_function           0x0000034b   Thumb Code     0  indicate_semi.o(.text)
    AP_BackgroundProcess                     0x0000034d   Thumb Code   478  ap.o(i.AP_BackgroundProcess)
    AP_EchoReceived                          0x00000555   Thumb Code    66  ap.o(i.AP_EchoReceived)
    AP_EchoSendMessage                       0x000005b9   Thumb Code    72  ap.o(i.AP_EchoSendMessage)
    AP_GetNotifyCCCD                         0x0000060d   Thumb Code    16  ap.o(i.AP_GetNotifyCCCD)
    AP_GetSize                               0x00000621   Thumb Code    14  ap.o(i.AP_GetSize)
    AP_Init                                  0x00000631   Thumb Code   180  ap.o(i.AP_Init)
    AP_RecvMessage                           0x00000715   Thumb Code   338  ap.o(i.AP_RecvMessage)
    AP_RecvStatus                            0x00000879   Thumb Code    12  ap.o(i.AP_RecvStatus)
    AP_Reset                                 0x00000889   Thumb Code    50  ap.o(i.AP_Reset)
    AP_SendMessage                           0x000008c1   Thumb Code   222  ap.o(i.AP_SendMessage)
    AP_SendMessageResponse                   0x000009a9   Thumb Code    58  ap.o(i.AP_SendMessageResponse)
    AP_SendNotification                      0x000009e5   Thumb Code   172  ap.o(i.AP_SendNotification)
    BSP_Accelerometer_Init                   0x00000ab5   Thumb Code    86  bsp.o(i.BSP_Accelerometer_Init)
    BSP_Accelerometer_Input                  0x00000b15   Thumb Code   132  bsp.o(i.BSP_Accelerometer_Input)
    BSP_Button1_Init                         0x00000ba1   Thumb Code    54  bsp.o(i.BSP_Button1_Init)
    BSP_Button1_Input                        0x00000bdd   Thumb Code     6  bsp.o(i.BSP_Button1_Input)
    BSP_Button2_Init                         0x00000be9   Thumb Code    54  bsp.o(i.BSP_Button2_Init)
    BSP_Button2_Input                        0x00000c25   Thumb Code     6  bsp.o(i.BSP_Button2_Input)
    BSP_Buzzer_Init                          0x00000c31   Thumb Code   132  bsp.o(i.BSP_Buzzer_Init)
    BSP_Buzzer_Set                           0x00000cc1   Thumb Code    28  bsp.o(i.BSP_Buzzer_Set)
    BSP_Clock_GetFreq                        0x00000ce1   Thumb Code     6  bsp.o(i.BSP_Clock_GetFreq)
    BSP_Clock_InitFastest                    0x00000ced   Thumb Code   328  bsp.o(i.BSP_Clock_InitFastest)
    BSP_Delay1ms                             0x00000e75   Thumb Code    22  bsp.o(i.BSP_Delay1ms)
    BSP_Joystick_Init                        0x00000e8d   Thumb Code   138  bsp.o(i.BSP_Joystick_Init)
    BSP_Joystick_Input                       0x00000f21   Thumb Code   122  bsp.o(i.BSP_Joystick_Input)
    BSP_LCD_Color565                         0x00000fa9   Thumb Code    24  bsp.o(i.BSP_LCD_Color565)
    BSP_LCD_DrawChar                         0x00000fc1   Thumb Code   260  bsp.o(i.BSP_LCD_DrawChar)
    BSP_LCD_DrawFastHLine                    0x000010d1   Thumb Code   116  bsp.o(i.BSP_LCD_DrawFastHLine)
    BSP_LCD_DrawFastVLine                    0x0000114d   Thumb Code   116  bsp.o(i.BSP_LCD_DrawFastVLine)
    BSP_LCD_DrawPixel                        0x000011c9   Thumb Code    64  bsp.o(i.BSP_LCD_DrawPixel)
    BSP_LCD_DrawString                       0x00001211   Thumb Code    86  bsp.o(i.BSP_LCD_DrawString)
    BSP_LCD_Drawaxes                         0x00001269   Thumb Code   272  bsp.o(i.BSP_LCD_Drawaxes)
    BSP_LCD_FillRect                         0x0000138d   Thumb Code   164  bsp.o(i.BSP_LCD_FillRect)
    BSP_LCD_FillScreen                       0x00001439   Thumb Code    28  bsp.o(i.BSP_LCD_FillScreen)
    BSP_LCD_Init                             0x0000145d   Thumb Code    10  bsp.o(i.BSP_LCD_Init)
    BSP_LCD_OutUDec4                         0x00001469   Thumb Code   116  bsp.o(i.BSP_LCD_OutUDec4)
    BSP_LCD_OutUFix2_1                       0x000014f1   Thumb Code    96  bsp.o(i.BSP_LCD_OutUFix2_1)
    BSP_LCD_PlotIncrement                    0x00001561   Thumb Code    46  bsp.o(i.BSP_LCD_PlotIncrement)
    BSP_LCD_PlotPoint                        0x00001599   Thumb Code    86  bsp.o(i.BSP_LCD_PlotPoint)
    BSP_LCD_SetCursor                        0x000015fd   Thumb Code    22  bsp.o(i.BSP_LCD_SetCursor)
    BSP_LightSensor_End                      0x0000161d   Thumb Code    58  bsp.o(i.BSP_LightSensor_End)
    BSP_LightSensor_Init                     0x00001661   Thumb Code    60  bsp.o(i.BSP_LightSensor_Init)
    BSP_LightSensor_Start                    0x000016a1   Thumb Code    22  bsp.o(i.BSP_LightSensor_Start)
    BSP_Microphone_Init                      0x000016bd   Thumb Code    50  bsp.o(i.BSP_Microphone_Init)
    BSP_Microphone_Input                     0x000016f9   Thumb Code   106  bsp.o(i.BSP_Microphone_Input)
    BSP_PeriodicTask_Init                    0x0000176d   Thumb Code    96  bsp.o(i.BSP_PeriodicTask_Init)
    BSP_PeriodicTask_InitB                   0x000017dd   Thumb Code   144  bsp.o(i.BSP_PeriodicTask_InitB)
    BSP_RGB_Init                             0x0000187d   Thumb Code   274  bsp.o(i.BSP_RGB_Init)
    BSP_RGB_Set                              0x000019a1   Thumb Code    68  bsp.o(i.BSP_RGB_Set)
    BSP_TempSensor_End                       0x000019ed   Thumb Code    68  bsp.o(i.BSP_TempSensor_End)
    BSP_TempSensor_Init                      0x00001a39   Thumb Code    60  bsp.o(i.BSP_TempSensor_Init)
    BSP_TempSensor_Start                     0x00001a79   Thumb Code    22  bsp.o(i.BSP_TempSensor_Start)
    BSP_Time_Get                             0x00001a95   Thumb Code    16  bsp.o(i.BSP_Time_Get)
    BSP_Time_Init                            0x00001aa9   Thumb Code    32  bsp.o(i.BSP_Time_Init)
    Bluetooth_Init                           0x00001acd   Thumb Code   254  lab6.o(i.Bluetooth_Init)
    Bluetooth_ReadLight                      0x00001c71   Thumb Code    14  lab6.o(i.Bluetooth_ReadLight)
    Bluetooth_ReadPlotState                  0x00001c95   Thumb Code    14  lab6.o(i.Bluetooth_ReadPlotState)
    Bluetooth_ReadSound                      0x00001cbd   Thumb Code    14  lab6.o(i.Bluetooth_ReadSound)
    Bluetooth_ReadTemperature                0x00001ce5   Thumb Code    30  lab6.o(i.Bluetooth_ReadTemperature)
    Bluetooth_ReadTime                       0x00001d21   Thumb Code    14  lab6.o(i.Bluetooth_ReadTime)
    Bluetooth_Steps                          0x00001d45   Thumb Code    20  lab6.o(i.Bluetooth_Steps)
    Bluetooth_WritePlotState                 0x00001d61   Thumb Code    42  lab6.o(i.Bluetooth_WritePlotState)
    BuildAddCharDescriptorMsg                0x00001da9   Thumb Code     2  ap_lab6.o(i.BuildAddCharDescriptorMsg)
    BuildAddCharValueMsg                     0x00001dab   Thumb Code     2  ap_lab6.o(i.BuildAddCharValueMsg)
    BuildAddNotifyCharDescriptorMsg          0x00001dad   Thumb Code     2  ap_lab6.o(i.BuildAddNotifyCharDescriptorMsg)
    BuildAddServiceMsg                       0x00001daf   Thumb Code     2  ap_lab6.o(i.BuildAddServiceMsg)
    BuildGetStatusMsg                        0x00001db1   Thumb Code     2  ap_lab6.o(i.BuildGetStatusMsg)
    BuildGetVersionMsg                       0x00001db3   Thumb Code     2  ap_lab6.o(i.BuildGetVersionMsg)
    BuildRegisterServiceMsg                  0x00001db5   Thumb Code     2  ap_lab6.o(i.BuildRegisterServiceMsg)
    BuildSetAdvertisementData1Msg            0x00001db7   Thumb Code     2  ap_lab6.o(i.BuildSetAdvertisementData1Msg)
    BuildSetAdvertisementDataMsg             0x00001db9   Thumb Code     2  ap_lab6.o(i.BuildSetAdvertisementDataMsg)
    BuildSetDeviceNameMsg                    0x00001dbb   Thumb Code     2  ap_lab6.o(i.BuildSetDeviceNameMsg)
    BuildStartAdvertisementMsg               0x00001dbd   Thumb Code     2  ap_lab6.o(i.BuildStartAdvertisementMsg)
    Clock_Delay1ms                           0x00001dbf   Thumb Code    22  cortexm.o(i.Clock_Delay1ms)
    EUSCIA2_IRQHandler                       0x00001dd5   Thumb Code    26  uart1.o(i.EUSCIA2_IRQHandler)
    GPIO_Init                                0x00001e5d   Thumb Code   202  gpio.o(i.GPIO_Init)
    Lab6OutCheck                             0x00002a99   Thumb Code   122  texas.o(i.Lab6OutCheck)
    Lab6_AddCharacteristic                   0x00002b35   Thumb Code   228  ap_lab6.o(i.Lab6_AddCharacteristic)
    Lab6_AddNotifyCharacteristic             0x00002c55   Thumb Code   268  ap_lab6.o(i.Lab6_AddNotifyCharacteristic)
    Lab6_AddService                          0x00002da5   Thumb Code    36  ap_lab6.o(i.Lab6_AddService)
    Lab6_GetStatus                           0x00002de1   Thumb Code    58  ap_lab6.o(i.Lab6_GetStatus)
    Lab6_GetVersion                          0x00002e35   Thumb Code    42  ap_lab6.o(i.Lab6_GetVersion)
    Lab6_RegisterService                     0x00002e79   Thumb Code    32  ap_lab6.o(i.Lab6_RegisterService)
    Lab6_StartAdvertisement                  0x00002eb5   Thumb Code   120  ap_lab6.o(i.Lab6_StartAdvertisement)
    LogicAnalyzer                            0x00002f9d   Thumb Code    12  texas.o(i.LogicAnalyzer)
    OS_AddPeriodicEventThread                0x00002fd5   Thumb Code    64  os.o(i.OS_AddPeriodicEventThread)
    OS_AddThreads                            0x0000301d   Thumb Code   164  os.o(i.OS_AddThreads)
    OS_FIFO_Get                              0x000030cd   Thumb Code    42  os.o(i.OS_FIFO_Get)
    OS_FIFO_Init                             0x00003105   Thumb Code    22  os.o(i.OS_FIFO_Init)
    OS_FIFO_Put                              0x00003129   Thumb Code    68  os.o(i.OS_FIFO_Put)
    OS_Init                                  0x0000317d   Thumb Code    36  os.o(i.OS_Init)
    OS_InitSemaphore                         0x000031a9   Thumb Code     4  os.o(i.OS_InitSemaphore)
    OS_Launch                                0x000031ad   Thumb Code    48  os.o(i.OS_Launch)
    OS_Signal                                0x000031e1   Thumb Code    46  os.o(i.OS_Signal)
    OS_Sleep                                 0x00003215   Thumb Code    16  os.o(i.OS_Sleep)
    OS_Suspend                               0x00003229   Thumb Code    18  os.o(i.OS_Suspend)
    OS_Wait                                  0x00003241   Thumb Code    40  os.o(i.OS_Wait)
    OutValue                                 0x0000326d   Thumb Code    20  lab6.o(i.OutValue)
    PeriodicTask2_Init                       0x00003281   Thumb Code   140  texas.o(i.PeriodicTask2_Init)
    Profile_Init                             0x0000331d   Thumb Code   338  profile.o(i.Profile_Init)
    RxFifo_Get                               0x00003475   Thumb Code    44  uart1.o(i.RxFifo_Get)
    RxFifo_Init                              0x000034ad   Thumb Code    16  uart1.o(i.RxFifo_Init)
    RxFifo_Put                               0x000034c9   Thumb Code    56  uart1.o(i.RxFifo_Put)
    Scheduler                                0x00003585   Thumb Code    44  os.o(i.Scheduler)
    SetInitialStack                          0x000036a9   Thumb Code   326  os.o(i.SetInitialStack)
    SystemInit                               0x000037f9   Thumb Code    74  system_msp432p401r.o(i.SystemInit)
    T32_INT1_IRQHandler                      0x00003855   Thumb Code    16  bsp.o(i.T32_INT1_IRQHandler)
    TA1_0_IRQHandler                         0x0000386d   Thumb Code    22  bsp.o(i.TA1_0_IRQHandler)
    TA2_0_IRQHandler                         0x0000388d   Thumb Code    22  bsp.o(i.TA2_0_IRQHandler)
    TA3_0_IRQHandler                         0x000038ad   Thumb Code    22  texas.o(i.TA3_0_IRQHandler)
    TExaS_Grade                              0x000038cd   Thumb Code   148  texas.o(i.TExaS_Grade)
    TExaS_Init                               0x00003995   Thumb Code   306  texas.o(i.TExaS_Init)
    TExaS_Task0                              0x00003b29   Thumb Code    50  texas.o(i.TExaS_Task0)
    TExaS_Task1                              0x00003b69   Thumb Code    50  texas.o(i.TExaS_Task1)
    TExaS_Task2                              0x00003ba9   Thumb Code    50  texas.o(i.TExaS_Task2)
    TExaS_Task3                              0x00003be9   Thumb Code    50  texas.o(i.TExaS_Task3)
    TExaS_Task4                              0x00003c29   Thumb Code    50  texas.o(i.TExaS_Task4)
    TExaS_Task5                              0x00003c69   Thumb Code    50  texas.o(i.TExaS_Task5)
    TExaS_Task6                              0x00003ca9   Thumb Code    50  texas.o(i.TExaS_Task6)
    Task0                                    0x00003ce9   Thumb Code   110  lab6.o(i.Task0)
    Task0_Init                               0x00003d75   Thumb Code    14  lab6.o(i.Task0_Init)
    Task1                                    0x00003d89   Thumb Code    90  lab6.o(i.Task1)
    Task1_Init                               0x00003dfd   Thumb Code    74  lab6.o(i.Task1_Init)
    Task2                                    0x00003e65   Thumb Code   406  lab6.o(i.Task2)
    Task3                                    0x00004029   Thumb Code   302  lab6.o(i.Task3)
    Task4                                    0x00004171   Thumb Code    90  lab6.o(i.Task4)
    Task5                                    0x000041d9   Thumb Code   304  lab6.o(i.Task5)
    Task6                                    0x00004359   Thumb Code    74  lab6.o(i.Task6)
    Task7                                    0x000043ad   Thumb Code    46  lab6.o(i.Task7)
    UART0_Init                               0x000043e5   Thumb Code    76  uart0.o(i.UART0_Init)
    UART0_OutChar                            0x00004439   Thumb Code    20  uart0.o(i.UART0_OutChar)
    UART0_OutString                          0x00004451   Thumb Code    24  uart0.o(i.UART0_OutString)
    UART0_OutUDec                            0x00004469   Thumb Code    42  uart0.o(i.UART0_OutUDec)
    UART0_OutUHex                            0x00004493   Thumb Code    52  uart0.o(i.UART0_OutUHex)
    UART0_OutUHex2                           0x000044c7   Thumb Code    20  uart0.o(i.UART0_OutUHex2)
    UART1_FinishOutput                       0x000044dd   Thumb Code    16  uart1.o(i.UART1_FinishOutput)
    UART1_InChar                             0x000044f1   Thumb Code    20  uart1.o(i.UART1_InChar)
    UART1_Init                               0x00004505   Thumb Code   100  uart1.o(i.UART1_Init)
    UART1_OutChar                            0x0000457d   Thumb Code    22  uart1.o(i.UART1_OutChar)
    drawaxes                                 0x0000472d   Thumb Code   218  lab6.o(i.drawaxes)
    main                                     0x00004a19   Thumb Code   210  lab6.o(i.main)
    outnibble                                0x00004b1d   Thumb Code    32  uart0.o(i.outnibble)
    sqrt32                                   0x00004c4d   Thumb Code    30  lab6.o(i.sqrt32)
    _fp_init                                 0x00004d51   Thumb Code    10  fpinit.o(x$fpl$fpinit)
    __fplib_config_fpu_vfp                   0x00004d59   Thumb Code     0  fpinit.o(x$fpl$fpinit)
    __fplib_config_pureend_doubles           0x00004d59   Thumb Code     0  fpinit.o(x$fpl$fpinit)
    RECVSIZE                                 0x000052d8   Data           4  ap.o(.constdata)
    HCI_EXT_ResetSystemCmd                   0x000052dc   Data           9  ap.o(.constdata)
    NPI_GetStatus                            0x000052e5   Data           6  ap.o(.constdata)
    NPI_GetVersion                           0x000052eb   Data           6  ap.o(.constdata)
    NPI_Register                             0x000052f1   Data           6  ap.o(.constdata)
    NPI_SetAdvertisement1                    0x000052f7   Data          17  ap.o(.constdata)
    NPI_SetAdvertisementSAP                  0x00005308   Data          37  ap.o(.constdata)
    NPI_StartAdvertisement                   0x0000532d   Data          20  ap.o(.constdata)
    MAXCHARACTERISTICS                       0x00005344   Data           4  ap.o(.constdata)
    NOTIFYMAXCHARACTERISTICS                 0x00005348   Data           4  ap.o(.constdata)
    Key                                      0x0000534c   Data           8  texas.o(.constdata)
    Scramble                                 0x00005354   Data          32  texas.o(.constdata)
    DeScramble                               0x00005374   Data          32  texas.o(.constdata)
    Region$$Table$$Base                      0x000053fc   Number         0  anon$$obj.o(Region$$Table)
    Region$$Table$$Limit                     0x0000541c   Number         0  anon$$obj.o(Region$$Table)
    StX                                      0x2000000c   Data           4  bsp.o(.data)
    StY                                      0x20000010   Data           4  bsp.o(.data)
    StTextColor                              0x20000014   Data           2  bsp.o(.data)
    Messageindex                             0x2000001c   Data           4  bsp.o(.data)
    TimeIndex                                0x20000020   Data           4  bsp.o(.data)
    Ymax                                     0x20000024   Data           4  bsp.o(.data)
    Ymin                                     0x20000028   Data           4  bsp.o(.data)
    Yrange                                   0x2000002c   Data           4  bsp.o(.data)
    PlotBGColor                              0x20000030   Data           2  bsp.o(.data)
    Prewait                                  0x20000034   Data           4  bsp.o(.data)
    CPMwait                                  0x20000038   Data           4  bsp.o(.data)
    Postwait                                 0x2000003c   Data           4  bsp.o(.data)
    IFlags                                   0x20000040   Data           4  bsp.o(.data)
    Crystalstable                            0x20000044   Data           4  bsp.o(.data)
    PeriodicTask                             0x20000048   Data           4  bsp.o(.data)
    PeriodicTaskB                            0x2000004c   Data           4  bsp.o(.data)
    PeriodicTaskC                            0x20000050   Data           4  bsp.o(.data)
    LightBusy                                0x20000054   Data           4  bsp.o(.data)
    TempBusy                                 0x20000058   Data           4  bsp.o(.data)
    RunPt                                    0x2000005c   Data           4  os.o(.data)
    PutI                                     0x20000060   Data           4  os.o(.data)
    GetI                                     0x20000064   Data           4  os.o(.data)
    CurrentSize                              0x20000068   Data           4  os.o(.data)
    LostData                                 0x2000006c   Data           4  os.o(.data)
    Time                                     0x20000074   Data           4  lab6.o(.data)
    Steps                                    0x20000078   Data           4  lab6.o(.data)
    Magnitude                                0x2000007c   Data           4  lab6.o(.data)
    EWMA                                     0x20000080   Data           4  lab6.o(.data)
    SoundData                                0x20000084   Data           2  lab6.o(.data)
    SoundAvg                                 0x20000088   Data           4  lab6.o(.data)
    SoundRMS                                 0x2000008c   Data           4  lab6.o(.data)
    LightData                                0x20000090   Data           4  lab6.o(.data)
    TemperatureData                          0x20000094   Data           4  lab6.o(.data)
    TemperatureByteData                      0x20000098   Data           1  lab6.o(.data)
    NewData                                  0x2000009c   Data           4  lab6.o(.data)
    LCDmutex                                 0x200000a0   Data           4  lab6.o(.data)
    I2Cmutex                                 0x200000a4   Data           4  lab6.o(.data)
    ReDrawAxes                               0x200000a8   Data           4  lab6.o(.data)
    Send0Flag                                0x200000ac   Data           4  lab6.o(.data)
    PlotState                                0x200000b0   Data           1  lab6.o(.data)
    LostTask1Data                            0x200000b4   Data           4  lab6.o(.data)
    AccX                                     0x200000b8   Data           2  lab6.o(.data)
    AccY                                     0x200000ba   Data           2  lab6.o(.data)
    AccZ                                     0x200000bc   Data           2  lab6.o(.data)
    AlgorithmState                           0x200000be   Data           1  lab6.o(.data)
    Count7                                   0x200000c0   Data           4  lab6.o(.data)
    fcserr                                   0x200000d0   Data           4  ap.o(.data)
    TimeOutErr                               0x200000d4   Data           4  ap.o(.data)
    NoSOFErr                                 0x200000d8   Data           4  ap.o(.data)
    NPI_AddService                           0x200000dc   Data           9  ap.o(.data)
    NPI_GATTSetDeviceName                    0x200000e5   Data          28  ap.o(.data)
    NPI_SetAdvertisementData                 0x20000101   Data          37  ap.o(.data)
    NPI_ReadConfirmation                     0x20000126   Data          21  ap.o(.data)
    NPI_WriteConfirmation                    0x2000013b   Data           9  ap.o(.data)
    NPI_CCCDUpdatedConfirmation              0x20000144   Data           9  ap.o(.data)
    NPI_SendNotificationIndication           0x2000014d   Data          20  ap.o(.data)
    NPI_AddCharValue                         0x20000161   Data          14  ap.o(.data)
    NPI_AddCharDescriptor                    0x2000016f   Data          32  ap.o(.data)
    CharacteristicCount                      0x20000190   Data           4  ap.o(.data)
    NotifyCharacteristicCount                0x20000194   Data           4  ap.o(.data)
    RxPutI                                   0x20000198   Data           4  uart1.o(.data)
    RxGetI                                   0x2000019c   Data           4  uart1.o(.data)
    RxFifoLost                               0x200001a0   Data           4  uart1.o(.data)
    edXNum                                   0x200001a4   Data           2  texas.o(.data)
    LogicData                                0x200001a6   Data           1  texas.o(.data)
    Id                                       0x200001a8   Data           4  texas.o(.data)
    Index0                                   0x200001b4   Data           4  texas.o(.data)
    Index1                                   0x200001b8   Data           4  texas.o(.data)
    Index2                                   0x200001bc   Data           4  texas.o(.data)
    Index3                                   0x200001c0   Data           4  texas.o(.data)
    Index4                                   0x200001c4   Data           4  texas.o(.data)
    Index5                                   0x200001c8   Data           4  texas.o(.data)
    Index6                                   0x200001cc   Data           4  texas.o(.data)
    PeriodicTask2                            0x200001d0   Data           4  texas.o(.data)
    Message                                  0x200001d4   Data          12  bsp.o(.bss)
    tcbs                                     0x200001e0   Data          96  os.o(.bss)
    Stacks                                   0x20000240   Data        2400  os.o(.bss)
    PerTask                                  0x20000ba0   Data          24  os.o(.bss)
    Fifo                                     0x20000bb8   Data          40  os.o(.bss)
    SoundArray                               0x20000be0   Data        2000  lab6.o(.bss)
    RecvBuf                                  0x200013b0   Data         128  ap.o(.bss)
    CharacteristicList                       0x20001430   Data         160  ap.o(.bss)
    NotifyCharacteristicList                 0x200014d0   Data          80  ap.o(.bss)
    RxFIFO                                   0x20001520   Data         256  uart1.o(.bss)
    MagicCode                                0x20001620   Data          10  texas.o(.bss)
    EncriptedMagicCode                       0x2000162a   Data          10  texas.o(.bss)
    TimeBuffer0                              0x20001634   Data         400  texas.o(.bss)
    TimeBuffer1                              0x200017c4   Data         400  texas.o(.bss)
    TimeBuffer2                              0x20001954   Data         400  texas.o(.bss)
    TimeBuffer3                              0x20001ae4   Data         400  texas.o(.bss)
    TimeBuffer4                              0x20001c74   Data          40  texas.o(.bss)
    TimeBuffer5                              0x20001c9c   Data          40  texas.o(.bss)
    TimeBuffer6                              0x20001cc4   Data          40  texas.o(.bss)
    __libspace_start                         0x20001d2c   Data          96  libspace.o(.bss)
    __temporary_stack_top$libspace           0x20001d8c   Data           0  libspace.o(.bss)



==============================================================================

Memory Map of the image

  Image Entry point : 0x00000295

  Load Region LR_1 (Base: 0x00000000, Size: 0x000055f0, Max: 0xffffffff, ABSOLUTE, COMPRESSED[0x000054ac])

    Execution Region ER_RO (Base: 0x00000000, Size: 0x0000541c, Max: 0xffffffff, ABSOLUTE)

    Base Addr    Size         Type   Attr      Idx    E Section Name        Object

    0x00000000   0x00000144   Data   RO         1651    RESET               startup_msp432p401r_uvision.o
    0x00000144   0x00000008   Code   RO         1709  * !!!main             c_w.l(__main.o)
    0x0000014c   0x00000034   Code   RO         1889    !!!scatter          c_w.l(__scatter.o)
    0x00000180   0x0000005a   Code   RO         1887    !!dczerorl2         c_w.l(__dczerorl2.o)
    0x000001da   0x00000002   PAD
    0x000001dc   0x0000001c   Code   RO         1891    !!handler_zi        c_w.l(__scatter_zi.o)
    0x000001f8   0x00000002   Code   RO         1757    .ARM.Collect$$libinit$$00000000  c_w.l(libinit.o)
    0x000001fa   0x00000004   Code   RO         1763    .ARM.Collect$$libinit$$00000001  c_w.l(libinit2.o)
    0x000001fe   0x00000000   Code   RO         1766    .ARM.Collect$$libinit$$00000004  c_w.l(libinit2.o)
    0x000001fe   0x00000000   Code   RO         1769    .ARM.Collect$$libinit$$0000000A  c_w.l(libinit2.o)
    0x000001fe   0x00000000   Code   RO         1771    .ARM.Collect$$libinit$$0000000C  c_w.l(libinit2.o)
    0x000001fe   0x00000000   Code   RO         1773    .ARM.Collect$$libinit$$0000000E  c_w.l(libinit2.o)
    0x000001fe   0x00000000   Code   RO         1776    .ARM.Collect$$libinit$$00000011  c_w.l(libinit2.o)
    0x000001fe   0x00000000   Code   RO         1778    .ARM.Collect$$libinit$$00000013  c_w.l(libinit2.o)
    0x000001fe   0x00000000   Code   RO         1780    .ARM.Collect$$libinit$$00000015  c_w.l(libinit2.o)
    0x000001fe   0x00000000   Code   RO         1782    .ARM.Collect$$libinit$$00000017  c_w.l(libinit2.o)
    0x000001fe   0x00000000   Code   RO         1784    .ARM.Collect$$libinit$$00000019  c_w.l(libinit2.o)
    0x000001fe   0x00000000   Code   RO         1786    .ARM.Collect$$libinit$$0000001B  c_w.l(libinit2.o)
    0x000001fe   0x00000000   Code   RO         1788    .ARM.Collect$$libinit$$0000001D  c_w.l(libinit2.o)
    0x000001fe   0x00000000   Code   RO         1790    .ARM.Collect$$libinit$$0000001F  c_w.l(libinit2.o)
    0x000001fe   0x00000000   Code   RO         1792    .ARM.Collect$$libinit$$00000021  c_w.l(libinit2.o)
    0x000001fe   0x00000000   Code   RO         1794    .ARM.Collect$$libinit$$00000023  c_w.l(libinit2.o)
    0x000001fe   0x00000000   Code   RO         1796    .ARM.Collect$$libinit$$00000025  c_w.l(libinit2.o)
    0x000001fe   0x00000000   Code   RO         1800    .ARM.Collect$$libinit$$0000002C  c_w.l(libinit2.o)
    0x000001fe   0x00000000   Code   RO         1802    .ARM.Collect$$libinit$$0000002E  c_w.l(libinit2.o)
    0x000001fe   0x00000000   Code   RO         1804    .ARM.Collect$$libinit$$00000030  c_w.l(libinit2.o)
    0x000001fe   0x00000000   Code   RO         1806    .ARM.Collect$$libinit$$00000032  c_w.l(libinit2.o)
    0x000001fe   0x00000002   Code   RO         1807    .ARM.Collect$$libinit$$00000033  c_w.l(libinit2.o)
    0x00000200   0x00000002   Code   RO         1827    .ARM.Collect$$libshutdown$$00000000  c_w.l(libshutdown.o)
    0x00000202   0x00000000   Code   RO         1840    .ARM.Collect$$libshutdown$$00000002  c_w.l(libshutdown2.o)
    0x00000202   0x00000000   Code   RO         1842    .ARM.Collect$$libshutdown$$00000004  c_w.l(libshutdown2.o)
    0x00000202   0x00000000   Code   RO         1845    .ARM.Collect$$libshutdown$$00000007  c_w.l(libshutdown2.o)
    0x00000202   0x00000000   Code   RO         1848    .ARM.Collect$$libshutdown$$0000000A  c_w.l(libshutdown2.o)
    0x00000202   0x00000000   Code   RO         1850    .ARM.Collect$$libshutdown$$0000000C  c_w.l(libshutdown2.o)
    0x00000202   0x00000000   Code   RO         1853    .ARM.Collect$$libshutdown$$0000000F  c_w.l(libshutdown2.o)
    0x00000202   0x00000002   Code   RO         1854    .ARM.Collect$$libshutdown$$00000010  c_w.l(libshutdown2.o)
    0x00000204   0x00000000   Code   RO         1731    .ARM.Collect$$rtentry$$00000000  c_w.l(__rtentry.o)
    0x00000204   0x00000000   Code   RO         1734    .ARM.Collect$$rtentry$$00000002  c_w.l(__rtentry2.o)
    0x00000204   0x00000006   Code   RO         1746    .ARM.Collect$$rtentry$$00000004  c_w.l(__rtentry4.o)
    0x0000020a   0x00000000   Code   RO         1736    .ARM.Collect$$rtentry$$00000009  c_w.l(__rtentry2.o)
    0x0000020a   0x00000004   Code   RO         1737    .ARM.Collect$$rtentry$$0000000A  c_w.l(__rtentry2.o)
    0x0000020e   0x00000000   Code   RO         1739    .ARM.Collect$$rtentry$$0000000C  c_w.l(__rtentry2.o)
    0x0000020e   0x00000008   Code   RO         1740    .ARM.Collect$$rtentry$$0000000D  c_w.l(__rtentry2.o)
    0x00000216   0x00000002   Code   RO         1761    .ARM.Collect$$rtexit$$00000000  c_w.l(rtexit.o)
    0x00000218   0x00000000   Code   RO         1809    .ARM.Collect$$rtexit$$00000002  c_w.l(rtexit2.o)
    0x00000218   0x00000004   Code   RO         1810    .ARM.Collect$$rtexit$$00000003  c_w.l(rtexit2.o)
    0x0000021c   0x00000006   Code   RO         1811    .ARM.Collect$$rtexit$$00000004  c_w.l(rtexit2.o)
    0x00000222   0x00000002   PAD
    0x00000224   0x00000006   Code   RO            4    .emb_text           bsp.o
    0x0000022a   0x00000002   PAD
    0x0000022c   0x00000020   Code   RO          527    .emb_text           cortexm.o
    0x0000024c   0x00000048   Code   RO          656    .text               osasm.o
    0x00000294   0x0000003c   Code   RO         1652  * .text               startup_msp432p401r_uvision.o
    0x000002d0   0x00000006   Code   RO         1707    .text               c_w.l(heapauxi.o)
    0x000002d6   0x0000004a   Code   RO         1748    .text               c_w.l(sys_stackheap_outer.o)
    0x00000320   0x00000012   Code   RO         1750    .text               c_w.l(exit.o)
    0x00000332   0x00000002   PAD
    0x00000334   0x00000008   Code   RO         1758    .text               c_w.l(libspace.o)
    0x0000033c   0x0000000c   Code   RO         1819    .text               c_w.l(sys_exit.o)
    0x00000348   0x00000002   Code   RO         1830    .text               c_w.l(use_no_semi.o)
    0x0000034a   0x00000000   Code   RO         1832    .text               c_w.l(indicate_semi.o)
    0x0000034a   0x00000002   PAD
    0x0000034c   0x00000208   Code   RO         1005    i.AP_BackgroundProcess  ap.o
    0x00000554   0x00000064   Code   RO         1006    i.AP_EchoReceived   ap.o
    0x000005b8   0x00000054   Code   RO         1007    i.AP_EchoSendMessage  ap.o
    0x0000060c   0x00000014   Code   RO         1008    i.AP_GetNotifyCCCD  ap.o
    0x00000620   0x0000000e   Code   RO         1009    i.AP_GetSize        ap.o
    0x0000062e   0x00000002   PAD
    0x00000630   0x000000e4   Code   RO         1012    i.AP_Init           ap.o
    0x00000714   0x00000164   Code   RO         1013    i.AP_RecvMessage    ap.o
    0x00000878   0x00000010   Code   RO         1014    i.AP_RecvStatus     ap.o
    0x00000888   0x00000038   Code   RO         1016    i.AP_Reset          ap.o
    0x000008c0   0x000000e8   Code   RO         1017    i.AP_SendMessage    ap.o
    0x000009a8   0x0000003a   Code   RO         1018    i.AP_SendMessageResponse  ap.o
    0x000009e2   0x00000002   PAD
    0x000009e4   0x000000d0   Code   RO         1019    i.AP_SendNotification  ap.o
    0x00000ab4   0x00000060   Code   RO            5    i.BSP_Accelerometer_Init  bsp.o
    0x00000b14   0x0000008c   Code   RO            6    i.BSP_Accelerometer_Input  bsp.o
    0x00000ba0   0x0000003c   Code   RO            7    i.BSP_Button1_Init  bsp.o
    0x00000bdc   0x0000000c   Code   RO            8    i.BSP_Button1_Input  bsp.o
    0x00000be8   0x0000003c   Code   RO            9    i.BSP_Button2_Init  bsp.o
    0x00000c24   0x0000000c   Code   RO           10    i.BSP_Button2_Input  bsp.o
    0x00000c30   0x00000090   Code   RO           11    i.BSP_Buzzer_Init   bsp.o
    0x00000cc0   0x00000020   Code   RO           12    i.BSP_Buzzer_Set    bsp.o
    0x00000ce0   0x0000000c   Code   RO           13    i.BSP_Clock_GetFreq  bsp.o
    0x00000cec   0x00000188   Code   RO           14    i.BSP_Clock_InitFastest  bsp.o
    0x00000e74   0x00000016   Code   RO           15    i.BSP_Delay1ms      bsp.o
    0x00000e8a   0x00000002   PAD
    0x00000e8c   0x00000094   Code   RO           16    i.BSP_Joystick_Init  bsp.o
    0x00000f20   0x00000088   Code   RO           17    i.BSP_Joystick_Input  bsp.o
    0x00000fa8   0x00000018   Code   RO           18    i.BSP_LCD_Color565  bsp.o
    0x00000fc0   0x00000110   Code   RO           20    i.BSP_LCD_DrawChar  bsp.o
    0x000010d0   0x0000007c   Code   RO           22    i.BSP_LCD_DrawFastHLine  bsp.o
    0x0000114c   0x0000007c   Code   RO           23    i.BSP_LCD_DrawFastVLine  bsp.o
    0x000011c8   0x00000048   Code   RO           24    i.BSP_LCD_DrawPixel  bsp.o
    0x00001210   0x00000056   Code   RO           25    i.BSP_LCD_DrawString  bsp.o
    0x00001266   0x00000002   PAD
    0x00001268   0x00000124   Code   RO           26    i.BSP_LCD_Drawaxes  bsp.o
    0x0000138c   0x000000ac   Code   RO           27    i.BSP_LCD_FillRect  bsp.o
    0x00001438   0x00000024   Code   RO           28    i.BSP_LCD_FillScreen  bsp.o
    0x0000145c   0x0000000a   Code   RO           29    i.BSP_LCD_Init      bsp.o
    0x00001466   0x00000002   PAD
    0x00001468   0x00000088   Code   RO           31    i.BSP_LCD_OutUDec4  bsp.o
    0x000014f0   0x00000070   Code   RO           33    i.BSP_LCD_OutUFix2_1  bsp.o
    0x00001560   0x00000038   Code   RO           35    i.BSP_LCD_PlotIncrement  bsp.o
    0x00001598   0x00000064   Code   RO           36    i.BSP_LCD_PlotPoint  bsp.o
    0x000015fc   0x00000020   Code   RO           37    i.BSP_LCD_SetCursor  bsp.o
    0x0000161c   0x00000044   Code   RO           39    i.BSP_LightSensor_End  bsp.o
    0x00001660   0x00000040   Code   RO           40    i.BSP_LightSensor_Init  bsp.o
    0x000016a0   0x0000001c   Code   RO           42    i.BSP_LightSensor_Start  bsp.o
    0x000016bc   0x0000003c   Code   RO           43    i.BSP_Microphone_Init  bsp.o
    0x000016f8   0x00000074   Code   RO           44    i.BSP_Microphone_Input  bsp.o
    0x0000176c   0x00000070   Code   RO           45    i.BSP_PeriodicTask_Init  bsp.o
    0x000017dc   0x000000a0   Code   RO           46    i.BSP_PeriodicTask_InitB  bsp.o
    0x0000187c   0x00000124   Code   RO           54    i.BSP_RGB_Init      bsp.o
    0x000019a0   0x0000004c   Code   RO           55    i.BSP_RGB_Set       bsp.o
    0x000019ec   0x0000004c   Code   RO           56    i.BSP_TempSensor_End  bsp.o
    0x00001a38   0x00000040   Code   RO           57    i.BSP_TempSensor_Init  bsp.o
    0x00001a78   0x0000001c   Code   RO           59    i.BSP_TempSensor_Start  bsp.o
    0x00001a94   0x00000014   Code   RO           60    i.BSP_Time_Get      bsp.o
    0x00001aa8   0x00000024   Code   RO           61    i.BSP_Time_Init     bsp.o
    0x00001acc   0x000001a4   Code   RO          689    i.Bluetooth_Init    lab6.o
    0x00001c70   0x00000024   Code   RO          690    i.Bluetooth_ReadLight  lab6.o
    0x00001c94   0x00000028   Code   RO          691    i.Bluetooth_ReadPlotState  lab6.o
    0x00001cbc   0x00000028   Code   RO          692    i.Bluetooth_ReadSound  lab6.o
    0x00001ce4   0x0000003c   Code   RO          693    i.Bluetooth_ReadTemperature  lab6.o
    0x00001d20   0x00000024   Code   RO          694    i.Bluetooth_ReadTime  lab6.o
    0x00001d44   0x0000001c   Code   RO          695    i.Bluetooth_Steps   lab6.o
    0x00001d60   0x00000048   Code   RO          696    i.Bluetooth_WritePlotState  lab6.o
    0x00001da8   0x00000002   Code   RO          848    i.BuildAddCharDescriptorMsg  ap_lab6.o
    0x00001daa   0x00000002   Code   RO          849    i.BuildAddCharValueMsg  ap_lab6.o
    0x00001dac   0x00000002   Code   RO          850    i.BuildAddNotifyCharDescriptorMsg  ap_lab6.o
    0x00001dae   0x00000002   Code   RO          851    i.BuildAddServiceMsg  ap_lab6.o
    0x00001db0   0x00000002   Code   RO          852    i.BuildGetStatusMsg  ap_lab6.o
    0x00001db2   0x00000002   Code   RO          853    i.BuildGetVersionMsg  ap_lab6.o
    0x00001db4   0x00000002   Code   RO          854    i.BuildRegisterServiceMsg  ap_lab6.o
    0x00001db6   0x00000002   Code   RO          855    i.BuildSetAdvertisementData1Msg  ap_lab6.o
    0x00001db8   0x00000002   Code   RO          856    i.BuildSetAdvertisementDataMsg  ap_lab6.o
    0x00001dba   0x00000002   Code   RO          857    i.BuildSetDeviceNameMsg  ap_lab6.o
    0x00001dbc   0x00000002   Code   RO          858    i.BuildStartAdvertisementMsg  ap_lab6.o
    0x00001dbe   0x00000016   Code   RO          528    i.Clock_Delay1ms    cortexm.o
    0x00001dd4   0x00000020   Code   RO         1281    i.EUSCIA2_IRQHandler  uart1.o
    0x00001df4   0x00000068   Code   RO         1366    i.Encrypt           texas.o
    0x00001e5c   0x000000d0   Code   RO          975    i.GPIO_Init         gpio.o
    0x00001f2c   0x000000bc   Code   RO           62    i.I2C_Recv2         bsp.o
    0x00001fe8   0x000000a0   Code   RO           63    i.I2C_Send1         bsp.o
    0x00002088   0x00000110   Code   RO           64    i.I2C_Send3         bsp.o
    0x00002198   0x00000058   Code   RO         1367    i.Lab6BuildAddCharDescriptorMsgSolution  texas.o
    0x000021f0   0x00000040   Code   RO         1368    i.Lab6BuildAddCharValueMsgSolution  texas.o
    0x00002230   0x0000005c   Code   RO         1369    i.Lab6BuildAddNotifyCharDescriptorMsgSolution  texas.o
    0x0000228c   0x0000002c   Code   RO         1370    i.Lab6BuildAddServiceMsgSolution  texas.o
    0x000022b8   0x0000001e   Code   RO         1371    i.Lab6BuildGetStatusMsgSolution  texas.o
    0x000022d6   0x0000001e   Code   RO         1372    i.Lab6BuildGetVersionMsgSolution  texas.o
    0x000022f4   0x0000001e   Code   RO         1373    i.Lab6BuildRegisterServiceMsgSolution  texas.o
    0x00002312   0x00000048   Code   RO         1374    i.Lab6BuildSetAdvertisementData1MsgSolution  texas.o
    0x0000235a   0x0000007e   Code   RO         1375    i.Lab6BuildSetAdvertisementDataMsgSolution  texas.o
    0x000023d8   0x0000007e   Code   RO         1376    i.Lab6BuildSetAdvertisementDataMsgSolutionold  texas.o
    0x00002456   0x00000044   Code   RO         1377    i.Lab6BuildSetDeviceNameMsgSolution  texas.o
    0x0000249a   0x0000004c   Code   RO         1378    i.Lab6BuildStartAdvertisementMsgSolution  texas.o
    0x000024e6   0x00000002   PAD
    0x000024e8   0x00000088   Code   RO         1379    i.Lab6GradeAddCharDescriptorMsg  texas.o
    0x00002570   0x0000008c   Code   RO         1380    i.Lab6GradeAddCharValueMsg  texas.o
    0x000025fc   0x0000008c   Code   RO         1381    i.Lab6GradeAddNotifyCharDescriptorMsg  texas.o
    0x00002688   0x00000090   Code   RO         1382    i.Lab6GradeAddServiceMsg  texas.o
    0x00002718   0x00000050   Code   RO         1383    i.Lab6GradeGetStatusMsg  texas.o
    0x00002768   0x00000050   Code   RO         1384    i.Lab6GradeGetVersionMsg  texas.o
    0x000027b8   0x00000054   Code   RO         1385    i.Lab6GradeRegisterServiceMsg  texas.o
    0x0000280c   0x0000005c   Code   RO         1386    i.Lab6GradeSetAdvertisementData1Msg  texas.o
    0x00002868   0x00000094   Code   RO         1387    i.Lab6GradeSetAdvertisementDataMsg  texas.o
    0x000028fc   0x000000a0   Code   RO         1388    i.Lab6GradeSetAdvertisementDataMsgold  texas.o
    0x0000299c   0x0000008c   Code   RO         1389    i.Lab6GradeSetDeviceNameMsg  texas.o
    0x00002a28   0x00000070   Code   RO         1390    i.Lab6GradeStartAdvertisementMsg  texas.o
    0x00002a98   0x0000009c   Code   RO         1391    i.Lab6OutCheck      texas.o
    0x00002b34   0x00000120   Code   RO          859    i.Lab6_AddCharacteristic  ap_lab6.o
    0x00002c54   0x00000150   Code   RO          860    i.Lab6_AddNotifyCharacteristic  ap_lab6.o
    0x00002da4   0x0000003c   Code   RO          861    i.Lab6_AddService   ap_lab6.o
    0x00002de0   0x00000054   Code   RO          862    i.Lab6_GetStatus    ap_lab6.o
    0x00002e34   0x00000044   Code   RO          863    i.Lab6_GetVersion   ap_lab6.o
    0x00002e78   0x0000003c   Code   RO          864    i.Lab6_RegisterService  ap_lab6.o
    0x00002eb4   0x000000e8   Code   RO          865    i.Lab6_StartAdvertisement  ap_lab6.o
    0x00002f9c   0x00000014   Code   RO         1392    i.LogicAnalyzer     texas.o
    0x00002fb0   0x00000024   Code   RO         1393    i.NextRandom        texas.o
    0x00002fd4   0x00000048   Code   RO          543    i.OS_AddPeriodicEventThread  os.o
    0x0000301c   0x000000b0   Code   RO          544    i.OS_AddThreads     os.o
    0x000030cc   0x00000038   Code   RO          545    i.OS_FIFO_Get       os.o
    0x00003104   0x00000024   Code   RO          546    i.OS_FIFO_Init      os.o
    0x00003128   0x00000054   Code   RO          547    i.OS_FIFO_Put       os.o
    0x0000317c   0x0000002c   Code   RO          548    i.OS_Init           os.o
    0x000031a8   0x00000004   Code   RO          549    i.OS_InitSemaphore  os.o
    0x000031ac   0x00000034   Code   RO          550    i.OS_Launch         os.o
    0x000031e0   0x00000034   Code   RO          551    i.OS_Signal         os.o
    0x00003214   0x00000014   Code   RO          552    i.OS_Sleep          os.o
    0x00003228   0x00000018   Code   RO          553    i.OS_Suspend        os.o
    0x00003240   0x0000002c   Code   RO          554    i.OS_Wait           os.o
    0x0000326c   0x00000014   Code   RO          697    i.OutValue          lab6.o
    0x00003280   0x0000009c   Code   RO         1394    i.PeriodicTask2_Init  texas.o
    0x0000331c   0x00000158   Code   RO          663    i.Profile_Init      profile.o
    0x00003474   0x00000038   Code   RO         1282    i.RxFifo_Get        uart1.o
    0x000034ac   0x0000001c   Code   RO         1283    i.RxFifo_Init       uart1.o
    0x000034c8   0x00000048   Code   RO         1284    i.RxFifo_Put        uart1.o
    0x00003510   0x00000074   Code   RO           65    i.ST7735_InitR      bsp.o
    0x00003584   0x00000030   Code   RO          555    i.Scheduler         os.o
    0x000035b4   0x00000026   Code   RO         1396    i.SetFCSSolution    texas.o
    0x000035da   0x00000002   PAD
    0x000035dc   0x000000cc   Code   RO         1397    i.SetGrade          texas.o
    0x000036a8   0x00000150   Code   RO          556    i.SetInitialStack   os.o
    0x000037f8   0x0000005c   Code   RO         1660    i.SystemInit        system_msp432p401r.o
    0x00003854   0x00000018   Code   RO           66    i.T32_INT1_IRQHandler  bsp.o
    0x0000386c   0x00000020   Code   RO           67    i.TA1_0_IRQHandler  bsp.o
    0x0000388c   0x00000020   Code   RO           68    i.TA2_0_IRQHandler  bsp.o
    0x000038ac   0x00000020   Code   RO         1398    i.TA3_0_IRQHandler  texas.o
    0x000038cc   0x000000c8   Code   RO         1399    i.TExaS_Grade       texas.o
    0x00003994   0x00000194   Code   RO         1400    i.TExaS_Init        texas.o
    0x00003b28   0x00000040   Code   RO         1402    i.TExaS_Task0       texas.o
    0x00003b68   0x00000040   Code   RO         1403    i.TExaS_Task1       texas.o
    0x00003ba8   0x00000040   Code   RO         1404    i.TExaS_Task2       texas.o
    0x00003be8   0x00000040   Code   RO         1405    i.TExaS_Task3       texas.o
    0x00003c28   0x00000040   Code   RO         1406    i.TExaS_Task4       texas.o
    0x00003c68   0x00000040   Code   RO         1407    i.TExaS_Task5       texas.o
    0x00003ca8   0x00000040   Code   RO         1408    i.TExaS_Task6       texas.o
    0x00003ce8   0x0000008c   Code   RO          698    i.Task0             lab6.o
    0x00003d74   0x00000014   Code   RO          699    i.Task0_Init        lab6.o
    0x00003d88   0x00000074   Code   RO          700    i.Task1             lab6.o
    0x00003dfc   0x00000068   Code   RO          701    i.Task1_Init        lab6.o
    0x00003e64   0x000001c4   Code   RO          702    i.Task2             lab6.o
    0x00004028   0x00000148   Code   RO          703    i.Task3             lab6.o
    0x00004170   0x00000068   Code   RO          704    i.Task4             lab6.o
    0x000041d8   0x00000180   Code   RO          705    i.Task5             lab6.o
    0x00004358   0x00000054   Code   RO          706    i.Task6             lab6.o
    0x000043ac   0x00000038   Code   RO          707    i.Task7             lab6.o
    0x000043e4   0x00000054   Code   RO         1162    i.UART0_Init        uart0.o
    0x00004438   0x00000018   Code   RO         1163    i.UART0_OutChar     uart0.o
    0x00004450   0x00000018   Code   RO         1164    i.UART0_OutString   uart0.o
    0x00004468   0x0000002a   Code   RO         1165    i.UART0_OutUDec     uart0.o
    0x00004492   0x00000034   Code   RO         1169    i.UART0_OutUHex     uart0.o
    0x000044c6   0x00000014   Code   RO         1170    i.UART0_OutUHex2    uart0.o
    0x000044da   0x00000002   PAD
    0x000044dc   0x00000014   Code   RO         1285    i.UART1_FinishOutput  uart1.o
    0x000044f0   0x00000014   Code   RO         1286    i.UART1_InChar      uart1.o
    0x00004504   0x00000078   Code   RO         1288    i.UART1_Init        uart1.o
    0x0000457c   0x0000001c   Code   RO         1289    i.UART1_OutChar     uart1.o
    0x00004598   0x00000040   Code   RO           69    i.adcinit           bsp.o
    0x000045d8   0x00000056   Code   RO           70    i.commandList       bsp.o
    0x0000462e   0x00000002   PAD
    0x00004630   0x000000fc   Code   RO           71    i.commonInit        bsp.o
    0x0000472c   0x00000114   Code   RO          708    i.drawaxes          lab6.o
    0x00004840   0x00000048   Code   RO           72    i.fillmessage       bsp.o
    0x00004888   0x00000060   Code   RO           73    i.fillmessage2_1    bsp.o
    0x000048e8   0x00000064   Code   RO           75    i.fillmessage4      bsp.o
    0x0000494c   0x00000058   Code   RO           77    i.i2cinit           bsp.o
    0x000049a4   0x00000050   Code   RO           78    i.lightsensorend    bsp.o
    0x000049f4   0x00000024   Code   RO           79    i.lightsensorstart  bsp.o
    0x00004a18   0x00000104   Code   RO          709    i.main              lab6.o
    0x00004b1c   0x00000020   Code   RO         1174    i.outnibble         uart0.o
    0x00004b3c   0x00000012   Code   RO           80    i.pushColor         bsp.o
    0x00004b4e   0x00000002   PAD
    0x00004b50   0x0000005c   Code   RO          557    i.runperiodicevents  os.o
    0x00004bac   0x0000002c   Code   RO          558    i.runsleep          os.o
    0x00004bd8   0x00000074   Code   RO           81    i.setAddrWindow     bsp.o
    0x00004c4c   0x0000001e   Code   RO          710    i.sqrt32            lab6.o
    0x00004c6a   0x00000044   Code   RO           82    i.tempsensorend     bsp.o
    0x00004cae   0x00000012   Code   RO           83    i.tempsensorstart   bsp.o
    0x00004cc0   0x00000048   Code   RO           84    i.writecommand      bsp.o
    0x00004d08   0x00000048   Code   RO           85    i.writedata         bsp.o
    0x00004d50   0x0000000a   Code   RO         1817    x$fpl$fpinit        fz_wm.l(fpinit.o)
    0x00004d5a   0x0000057b   Data   RO           87    .constdata          bsp.o
    0x000052d5   0x00000003   PAD
    0x000052d8   0x00000074   Data   RO         1022    .constdata          ap.o
    0x0000534c   0x00000048   Data   RO         1410    .constdata          texas.o
    0x00005394   0x00000066   Data   RO         1411    .conststring        texas.o
    0x000053fa   0x00000002   PAD
    0x000053fc   0x00000020   Data   RO         1885    Region$$Table       anon$$obj.o


    Execution Region ER_RW (Base: 0x20000000, Size: 0x000001d4, Max: 0xffffffff, ABSOLUTE, COMPRESSED[0x00000090])

    Base Addr    Size         Type   Attr      Idx    E Section Name        Object

    0x20000000   0x0000005c   Data   RW           88    .data               bsp.o
    0x2000005c   0x00000018   Data   RW          560    .data               os.o
    0x20000074   0x0000005a   Data   RW          712    .data               lab6.o
    0x200000ce   0x00000002   PAD
    0x200000d0   0x000000c8   Data   RW         1023    .data               ap.o
    0x20000198   0x0000000c   Data   RW         1292    .data               uart1.o
    0x200001a4   0x00000030   Data   RW         1412    .data               texas.o


    Execution Region ER_ZI (Base: 0x200001d4, Size: 0x00001dbc, Max: 0xffffffff, ABSOLUTE)

    Base Addr    Size         Type   Attr      Idx    E Section Name        Object

    0x200001d4   0x0000000c   Zero   RW           86    .bss                bsp.o
    0x200001e0   0x00000a00   Zero   RW          559    .bss                os.o
    0x20000be0   0x000007d0   Zero   RW          711    .bss                lab6.o
    0x200013b0   0x00000170   Zero   RW         1021    .bss                ap.o
    0x20001520   0x00000100   Zero   RW         1291    .bss                uart1.o
    0x20001620   0x0000070c   Zero   RW         1409    .bss                texas.o
    0x20001d2c   0x00000060   Zero   RW         1759    .bss                c_w.l(libspace.o)
    0x20001d8c   0x00000004   PAD
    0x20001d90   0x00000000   Zero   RW         1650    HEAP                startup_msp432p401r_uvision.o
    0x20001d90   0x00000200   Zero   RW         1649    STACK               startup_msp432p401r_uvision.o


==============================================================================

Image component sizes


      Code (inc. data)   RO Data    RW Data    ZI Data      Debug   Object Name

      1892        214        116        200        368      11169   ap.o
      1150        344          0          0          0      11096   ap_lab6.o
      6182        600       1403         92         12      42670   bsp.o
        54          0          0          0          0       1025   cortexm.o
       208          6          0          0          0        440   gpio.o
      3106        716          0         90       2000      12579   lab6.o
      1184        118          0         24       2560       8564   os.o
        72          4          0          0          0        232   osasm.o
       344          6          0          0          0        491   profile.o
        60         22        324          0        512        876   startup_msp432p401r_uvision.o
        92         18          0          0          0        481   system_msp432p401r.o
      4100        964        174         48       1804      27998   texas.o
       278         12          0          0          0       3276   uart0.o
       376         76          0         12        256       4292   uart1.o

    ----------------------------------------------------------------------
     19120       3100       2054        468       7512     125189   Object Totals
         0          0         32          0          0          0   (incl. Generated)
        22          0          5          2          0          0   (incl. Padding)

    ----------------------------------------------------------------------

      Code (inc. data)   RO Data    RW Data    ZI Data      Debug   Library Member Name

        90          0          0          0          0          0   __dczerorl2.o
         8          0          0          0          0         68   __main.o
         0          0          0          0          0          0   __rtentry.o
        12          0          0          0          0          0   __rtentry2.o
         6          0          0          0          0          0   __rtentry4.o
        52          8          0          0          0          0   __scatter.o
        28          0          0          0          0          0   __scatter_zi.o
        18          0          0          0          0         80   exit.o
         6          0          0          0          0        152   heapauxi.o
         0          0          0          0          0          0   indicate_semi.o
         2          0          0          0          0          0   libinit.o
         6          0          0          0          0          0   libinit2.o
         2          0          0          0          0          0   libshutdown.o
         2          0          0          0          0          0   libshutdown2.o
         8          4          0          0         96         68   libspace.o
         2          0          0          0          0          0   rtexit.o
        10          0          0          0          0          0   rtexit2.o
        12          4          0          0          0         68   sys_exit.o
        74          0          0          0          0         80   sys_stackheap_outer.o
         2          0          0          0          0         68   use_no_semi.o
        10          0          0          0          0        116   fpinit.o

    ----------------------------------------------------------------------
       358         16          0          0        100        700   Library Totals
         8          0          0          0          4          0   (incl. Padding)

    ----------------------------------------------------------------------

      Code (inc. data)   RO Data    RW Data    ZI Data      Debug   Library Name

       340         16          0          0         96        584   c_w.l
        10          0          0          0          0        116   fz_wm.l

    ----------------------------------------------------------------------
       358         16          0          0        100        700   Library Totals

    ----------------------------------------------------------------------

==============================================================================


      Code (inc. data)   RO Data    RW Data    ZI Data      Debug   

     19478       3116       2054        468       7612     114081   Grand Totals
     19478       3116       2054        144       7612     114081   ELF Image Totals (compressed)
     19478       3116       2054        144          0          0   ROM Totals

==============================================================================

    Total RO  Size (Code + RO Data)                21532 (  21.03kB)
    Total RW  Size (RW Data + ZI Data)              8080 (   7.89kB)
    Total ROM Size (Code + RO Data + RW Data)      21676 (  21.17kB)

==============================================================================

