Component: ARM Compiler 5.06 update 3 (build 300) Tool: armlink [4d35c9]

==============================================================================

Section Cross References

    lab2.o(i.Task0) refers to texas.o(i.TExaS_Task0) for TExaS_Task0
    lab2.o(i.Task0) refers to cortexm.o(.emb_text) for StartCritical
    lab2.o(i.Task0) refers to bsp.o(i.BSP_Microphone_Input) for BSP_Microphone_Input
    lab2.o(i.Task0) refers to os.o(i.OS_Signal) for OS_Signal
    lab2.o(i.Task0) refers to lab2.o(.data) for SoundData
    lab2.o(i.Task0) refers to lab2.o(.bss) for SoundArray
    lab2.o(i.Task0_Init) refers to bsp.o(i.BSP_Microphone_Init) for BSP_Microphone_Init
    lab2.o(i.Task1) refers to texas.o(i.TExaS_Task1) for TExaS_Task1
    lab2.o(i.Task1) refers to cortexm.o(.emb_text) for StartCritical
    lab2.o(i.Task1) refers to bsp.o(i.BSP_Accelerometer_Input) for BSP_Accelerometer_Input
    lab2.o(i.Task1) refers to os.o(i.OS_MailBox_Send) for OS_MailBox_Send
    lab2.o(i.Task1) refers to lab2.o(.data) for AccZ
    lab2.o(i.Task1_Init) refers to bsp.o(i.BSP_Accelerometer_Init) for BSP_Accelerometer_Init
    lab2.o(i.Task1_Init) refers to bsp.o(i.BSP_Accelerometer_Input) for BSP_Accelerometer_Input
    lab2.o(i.Task1_Init) refers to lab2.o(i.sqrt32) for sqrt32
    lab2.o(i.Task1_Init) refers to lab2.o(.data) for AccZ
    lab2.o(i.Task2) refers to lab2.o(i.drawaxes) for drawaxes
    lab2.o(i.Task2) refers to os.o(i.OS_MailBox_Recv) for OS_MailBox_Recv
    lab2.o(i.Task2) refers to texas.o(i.TExaS_Task2) for TExaS_Task2
    lab2.o(i.Task2) refers to lab2.o(i.sqrt32) for sqrt32
    lab2.o(i.Task2) refers to os.o(i.OS_Wait) for OS_Wait
    lab2.o(i.Task2) refers to bsp.o(i.BSP_LCD_PlotPoint) for BSP_LCD_PlotPoint
    lab2.o(i.Task2) refers to bsp.o(i.BSP_LCD_PlotIncrement) for BSP_LCD_PlotIncrement
    lab2.o(i.Task2) refers to os.o(i.OS_Signal) for OS_Signal
    lab2.o(i.Task2) refers to bsp.o(i.BSP_RGB_Set) for BSP_RGB_Set
    lab2.o(i.Task2) refers to lab2.o(.data) for Magnitude
    lab2.o(i.Task3) refers to bsp.o(i.BSP_Button1_Init) for BSP_Button1_Init
    lab2.o(i.Task3) refers to bsp.o(i.BSP_Button2_Init) for BSP_Button2_Init
    lab2.o(i.Task3) refers to bsp.o(i.BSP_Buzzer_Init) for BSP_Buzzer_Init
    lab2.o(i.Task3) refers to bsp.o(i.BSP_RGB_Init) for BSP_RGB_Init
    lab2.o(i.Task3) refers to texas.o(i.TExaS_Task3) for TExaS_Task3
    lab2.o(i.Task3) refers to bsp.o(i.BSP_Buzzer_Set) for BSP_Buzzer_Set
    lab2.o(i.Task3) refers to bsp.o(i.BSP_Button1_Input) for BSP_Button1_Input
    lab2.o(i.Task3) refers to bsp.o(i.BSP_Button2_Input) for BSP_Button2_Input
    lab2.o(i.Task3) refers to bsp.o(i.BSP_Delay1ms) for BSP_Delay1ms
    lab2.o(i.Task3) refers to lab2.o(.data) for prev1
    lab2.o(i.Task4) refers to bsp.o(i.BSP_TempSensor_Init) for BSP_TempSensor_Init
    lab2.o(i.Task4) refers to texas.o(i.TExaS_Task4) for TExaS_Task4
    lab2.o(i.Task4) refers to bsp.o(i.BSP_TempSensor_Start) for BSP_TempSensor_Start
    lab2.o(i.Task4) refers to bsp.o(i.BSP_TempSensor_End) for BSP_TempSensor_End
    lab2.o(i.Task4) refers to lab2.o(.data) for TemperatureData
    lab2.o(i.Task5) refers to os.o(i.OS_Wait) for OS_Wait
    lab2.o(i.Task5) refers to bsp.o(i.BSP_LCD_DrawString) for BSP_LCD_DrawString
    lab2.o(i.Task5) refers to os.o(i.OS_Signal) for OS_Signal
    lab2.o(i.Task5) refers to texas.o(i.TExaS_Task5) for TExaS_Task5
    lab2.o(i.Task5) refers to lab2.o(i.sqrt32) for sqrt32
    lab2.o(i.Task5) refers to bsp.o(i.BSP_LCD_SetCursor) for BSP_LCD_SetCursor
    lab2.o(i.Task5) refers to bsp.o(i.BSP_LCD_OutUDec4) for BSP_LCD_OutUDec4
    lab2.o(i.Task5) refers to bsp.o(i.BSP_LCD_OutUFix2_1) for BSP_LCD_OutUFix2_1
    lab2.o(i.Task5) refers to lab2.o(.data) for LCDmutex
    lab2.o(i.Task5) refers to lab2.o(.bss) for SoundArray
    lab2.o(i.drawaxes) refers to os.o(i.OS_Wait) for OS_Wait
    lab2.o(i.drawaxes) refers to bsp.o(i.BSP_LCD_Drawaxes) for BSP_LCD_Drawaxes
    lab2.o(i.drawaxes) refers to os.o(i.OS_Signal) for OS_Signal
    lab2.o(i.drawaxes) refers to lab2.o(.data) for LCDmutex
    lab2.o(i.main) refers to os.o(i.OS_Init) for OS_Init
    lab2.o(i.main) refers to profile.o(i.Profile_Init) for Profile_Init
    lab2.o(i.main) refers to lab2.o(i.Task0_Init) for Task0_Init
    lab2.o(i.main) refers to lab2.o(i.Task1_Init) for Task1_Init
    lab2.o(i.main) refers to bsp.o(i.BSP_LCD_Init) for BSP_LCD_Init
    lab2.o(i.main) refers to bsp.o(i.BSP_LCD_Color565) for BSP_LCD_Color565
    lab2.o(i.main) refers to bsp.o(i.BSP_LCD_FillScreen) for BSP_LCD_FillScreen
    lab2.o(i.main) refers to os.o(i.OS_InitSemaphore) for OS_InitSemaphore
    lab2.o(i.main) refers to os.o(i.OS_MailBox_Init) for OS_MailBox_Init
    lab2.o(i.main) refers to os.o(i.OS_AddPeriodicEventThreads) for OS_AddPeriodicEventThreads
    lab2.o(i.main) refers to os.o(i.OS_AddThreads) for OS_AddThreads
    lab2.o(i.main) refers to bsp.o(i.BSP_Clock_GetFreq) for BSP_Clock_GetFreq
    lab2.o(i.main) refers to os.o(i.OS_Launch) for OS_Launch
[...]
    system_msp432p401r.o(i.SystemCoreClockUpdate) refers to fflt_clz.o(x$fpl$ffltu) for __aeabi_ui2f
    system_msp432p401r.o(i.SystemCoreClockUpdate) refers to ffixu.o(x$fpl$ffixu) for __aeabi_f2uiz
    system_msp432p401r.o(i.SystemCoreClockUpdate) refers to system_msp432p401r.o(.data) for SystemCoreClock
    __main.o(!!!main) refers to __rtentry.o(.ARM.Collect$$rtentry$$00000000) for __rt_entry
    faddsub_clz.o(x$fpl$fadd) refers (Special) to usenofp.o(x$fpl$usenofp) for __I$use$fp
    faddsub_clz.o(x$fpl$fadd) refers to faddsub_clz.o(x$fpl$fsub) for _fsub1
    faddsub_clz.o(x$fpl$fadd) refers to fretinf.o(x$fpl$fretinf) for __fpl_fretinf
    faddsub_clz.o(x$fpl$fadd) refers to fnaninf.o(x$fpl$fnaninf) for __fpl_fnaninf
    faddsub_clz.o(x$fpl$frsb) refers (Special) to usenofp.o(x$fpl$usenofp) for __I$use$fp
    faddsub_clz.o(x$fpl$frsb) refers to faddsub_clz.o(x$fpl$fadd) for _fadd1
    faddsub_clz.o(x$fpl$frsb) refers to faddsub_clz.o(x$fpl$fsub) for _fsub1
    faddsub_clz.o(x$fpl$fsub) refers (Special) to usenofp.o(x$fpl$usenofp) for __I$use$fp
    faddsub_clz.o(x$fpl$fsub) refers to faddsub_clz.o(x$fpl$fadd) for _fadd1
    faddsub_clz.o(x$fpl$fsub) refers to fnaninf.o(x$fpl$fnaninf) for __fpl_fnaninf
    fdiv.o(x$fpl$frdiv) refers (Special) to usenofp.o(x$fpl$usenofp) for __I$use$fp
    fdiv.o(x$fpl$frdiv) refers to fdiv.o(x$fpl$fdiv) for _fdiv1
    fdiv.o(x$fpl$fdiv) refers (Special) to usenofp.o(x$fpl$usenofp) for __I$use$fp
    fdiv.o(x$fpl$fdiv) refers to fretinf.o(x$fpl$fretinf) for __fpl_fretinf
    fdiv.o(x$fpl$fdiv) refers to fnaninf.o(x$fpl$fnaninf) for __fpl_fnaninf
    ffixu.o(x$fpl$ffixu) refers (Special) to usenofp.o(x$fpl$usenofp) for __I$use$fp
    ffixu.o(x$fpl$ffixu) refers to fnaninf.o(x$fpl$fnaninf) for __fpl_fnaninf
    ffixu.o(x$fpl$ffixur) refers (Special) to usenofp.o(x$fpl$usenofp) for __I$use$fp
    ffixu.o(x$fpl$ffixur) refers to fnaninf.o(x$fpl$fnaninf) for __fpl_fnaninf
    fflt_clz.o(x$fpl$ffltu) refers (Special) to usenofp.o(x$fpl$usenofp) for __I$use$fp
    fflt_clz.o(x$fpl$fflt) refers (Special) to usenofp.o(x$fpl$usenofp) for __I$use$fp
    fflt_clz.o(x$fpl$ffltn) refers (Special) to usenofp.o(x$fpl$usenofp) for __I$use$fp
    fmul.o(x$fpl$fmul) refers (Special) to usenofp.o(x$fpl$usenofp) for __I$use$fp
    fmul.o(x$fpl$fmul) refers to fretinf.o(x$fpl$fretinf) for __fpl_fretinf
    fmul.o(x$fpl$fmul) refers to fnaninf.o(x$fpl$fnaninf) for __fpl_fnaninf
    __rtentry.o(.ARM.Collect$$rtentry$$00000000) refers (Special) to __rtentry2.o(.ARM.Collect$$rtentry$$0000000A) for __rt_entry_li
    __rtentry.o(.ARM.Collect$$rtentry$$00000000) refers (Special) to __rtentry2.o(.ARM.Collect$$rtentry$$0000000D) for __rt_entry_main
    __rtentry.o(.ARM.Collect$$rtentry$$00000000) refers (Special) to __rtentry2.o(.ARM.Collect$$rtentry$$0000000C) for __rt_entry_postli_1
    __rtentry.o(.ARM.Collect$$rtentry$$00000000) refers (Special) to __rtentry2.o(.ARM.Collect$$rtentry$$00000009) for __rt_entry_postsh_1
    __rtentry.o(.ARM.Collect$$rtentry$$00000000) refers (Special) to __rtentry2.o(.ARM.Collect$$rtentry$$00000002) for __rt_entry_presh_1
    __rtentry.o(.ARM.Collect$$rtentry$$00000000) refers (Special) to __rtentry4.o(.ARM.Collect$$rtentry$$00000004) for __rt_entry_sh
    fnaninf.o(x$fpl$fnaninf) refers (Special) to usenofp.o(x$fpl$usenofp) for __I$use$fp
    fretinf.o(x$fpl$fretinf) refers (Special) to usenofp.o(x$fpl$usenofp) for __I$use$fp
    __rtentry2.o(.ARM.Collect$$rtentry$$00000008) refers to boardinit2.o(.text) for _platform_post_stackheap_init
    __rtentry2.o(.ARM.Collect$$rtentry$$0000000A) refers to libinit.o(.ARM.Collect$$libinit$$00000000) for __rt_lib_init
    __rtentry2.o(.ARM.Collect$$rtentry$$0000000B) refers to boardinit3.o(.text) for _platform_post_lib_init
    __rtentry2.o(.ARM.Collect$$rtentry$$0000000D) refers to lab2.o(i.main) for main
    __rtentry2.o(.ARM.Collect$$rtentry$$0000000D) refers to exit.o(.text) for exit
    __rtentry2.o(.ARM.exidx) refers to __rtentry2.o(.ARM.Collect$$rtentry$$00000001) for .ARM.Collect$$rtentry$$00000001
    __rtentry2.o(.ARM.exidx) refers to __rtentry2.o(.ARM.Collect$$rtentry$$00000008) for .ARM.Collect$$rtentry$$00000008
    __rtentry2.o(.ARM.exidx) refers to __rtentry2.o(.ARM.Collect$$rtentry$$0000000A) for .ARM.Collect$$rtentry$$0000000A
    __rtentry2.o(.ARM.exidx) refers to __rtentry2.o(.ARM.Collect$$rtentry$$0000000B) for .ARM.Collect$$rtentry$$0000000B
    __rtentry2.o(.ARM.exidx) refers to __rtentry2.o(.ARM.Collect$$rtentry$$0000000D) for .ARM.Collect$$rtentry$$0000000D
    __rtentry4.o(.ARM.Collect$$rtentry$$00000004) refers to sys_stackheap_outer.o(.text) for __user_setup_stackheap
    __rtentry4.o(.ARM.exidx) refers to __rtentry4.o(.ARM.Collect$$rtentry$$00000004) for .ARM.Collect$$rtentry$$00000004
    sys_stackheap_outer.o(.text) refers to libspace.o(.text) for __user_perproc_libspace
    sys_stackheap_outer.o(.text) refers to startup_msp432p401r_uvision.o(.text) for __user_initial_stackheap
    exit.o(.text) refers to rtexit.o(.ARM.Collect$$rtexit$$00000000) for __rt_exit
    libinit.o(.ARM.Collect$$libinit$$00000000) refers (Special) to libinit2.o(.ARM.Collect$$libinit$$0000002E) for __rt_lib_init_alloca_1
    libinit.o(.ARM.Collect$$libinit$$00000000) refers (Special) to libinit2.o(.ARM.Collect$$libinit$$0000002C) for __rt_lib_init_argv_1
    libinit.o(.ARM.Collect$$libinit$$00000000) refers (Special) to libinit2.o(.ARM.Collect$$libinit$$0000001B) for __rt_lib_init_atexit_1
    libinit.o(.ARM.Collect$$libinit$$00000000) refers (Special) to libinit2.o(.ARM.Collect$$libinit$$00000021) for __rt_lib_init_clock_1
    libinit.o(.ARM.Collect$$libinit$$00000000) refers (Special) to libinit2.o(.ARM.Collect$$libinit$$00000032) for __rt_lib_init_cpp_1
    libinit.o(.ARM.Collect$$libinit$$00000000) refers (Special) to libinit2.o(.ARM.Collect$$libinit$$00000030) for __rt_lib_init_exceptions_1
    libinit.o(.ARM.Collect$$libinit$$00000000) refers (Special) to libinit2.o(.ARM.Collect$$libinit$$00000002) for __rt_lib_init_fp_1
    libinit.o(.ARM.Collect$$libinit$$00000000) refers (Special) to libinit2.o(.ARM.Collect$$libinit$$0000001F) for __rt_lib_init_fp_trap_1
    libinit.o(.ARM.Collect$$libinit$$00000000) refers (Special) to libinit2.o(.ARM.Collect$$libinit$$00000023) for __rt_lib_init_getenv_1
    libinit.o(.ARM.Collect$$libinit$$00000000) refers (Special) to libinit2.o(.ARM.Collect$$libinit$$0000000A) for __rt_lib_init_heap_1
    libinit.o(.ARM.Collect$$libinit$$00000000) refers (Special) to libinit2.o(.ARM.Collect$$libinit$$00000011) for __rt_lib_init_lc_collate_1
    libinit.o(.ARM.Collect$$libinit$$00000000) refers (Special) to libinit2.o(.ARM.Collect$$libinit$$00000013) for __rt_lib_init_lc_ctype_1
    libinit.o(.ARM.Collect$$libinit$$00000000) refers (Special) to libinit2.o(.ARM.Collect$$libinit$$00000015) for __rt_lib_init_lc_monetary_1
    libinit.o(.ARM.Collect$$libinit$$00000000) refers (Special) to libinit2.o(.ARM.Collect$$libinit$$00000017) for __rt_lib_init_lc_numeric_1
    libinit.o(.ARM.Collect$$libinit$$00000000) refers (Special) to libinit2.o(.ARM.Collect$$libinit$$00000019) for __rt_lib_init_lc_time_1
    libinit.o(.ARM.Collect$$libinit$$00000000) refers (Special) to libinit2.o(.ARM.Collect$$libinit$$00000004) for __rt_lib_init_preinit_1
    libinit.o(.ARM.Collect$$libinit$$00000000) refers (Special) to libinit2.o(.ARM.Collect$$libinit$$0000000E) for __rt_lib_init_rand_1
    libinit.o(.ARM.Collect$$libinit$$00000000) refers (Special) to libinit2.o(.ARM.Collect$$libinit$$00000033) for __rt_lib_init_return
    libinit.o(.ARM.Collect$$libinit$$00000000) refers (Special) to libinit2.o(.ARM.Collect$$libinit$$0000001D) for __rt_lib_init_signal_1
    libinit.o(.ARM.Collect$$libinit$$00000000) refers (Special) to libinit2.o(.ARM.Collect$$libinit$$00000025) for __rt_lib_init_stdio_1
    libinit.o(.ARM.Collect$$libinit$$00000000) refers (Special) to libinit2.o(.ARM.Collect$$libinit$$0000000C) for __rt_lib_init_user_alloc_1
    libspace.o(.text) refers to libspace.o(.bss) for __libspace_start
    rtexit.o(.ARM.Collect$$rtexit$$00000000) refers (Special) to rtexit2.o(.ARM.Collect$$rtexit$$00000004) for __rt_exit_exit
    rtexit.o(.ARM.Collect$$rtexit$$00000000) refers (Special) to rtexit2.o(.ARM.Collect$$rtexit$$00000003) for __rt_exit_ls
    rtexit.o(.ARM.Collect$$rtexit$$00000000) refers (Special) to rtexit2.o(.ARM.Collect$$rtexit$$00000002) for __rt_exit_prels_1
    rtexit.o(.ARM.exidx) refers (Special) to rtexit2.o(.ARM.Collect$$rtexit$$00000004) for __rt_exit_exit
    rtexit.o(.ARM.exidx) refers (Special) to rtexit2.o(.ARM.Collect$$rtexit$$00000003) for __rt_exit_ls
    rtexit.o(.ARM.exidx) refers (Special) to rtexit2.o(.ARM.Collect$$rtexit$$00000002) for __rt_exit_prels_1
    rtexit.o(.ARM.exidx) refers to rtexit.o(.ARM.Collect$$rtexit$$00000000) for .ARM.Collect$$rtexit$$00000000
    libinit2.o(.ARM.Collect$$libinit$$00000010) refers to libinit2.o(.ARM.Collect$$libinit$$0000000F) for .ARM.Collect$$libinit$$0000000F
    libinit2.o(.ARM.Collect$$libinit$$00000012) refers to libinit2.o(.ARM.Collect$$libinit$$0000000F) for .ARM.Collect$$libinit$$0000000F
    libinit2.o(.ARM.Collect$$libinit$$00000014) refers to libinit2.o(.ARM.Collect$$libinit$$0000000F) for .ARM.Collect$$libinit$$0000000F
    libinit2.o(.ARM.Collect$$libinit$$00000016) refers to libinit2.o(.ARM.Collect$$libinit$$0000000F) for .ARM.Collect$$libinit$$0000000F
    libinit2.o(.ARM.Collect$$libinit$$00000018) refers to libinit2.o(.ARM.Collect$$libinit$$0000000F) for .ARM.Collect$$libinit$$0000000F
    libinit2.o(.ARM.Collect$$libinit$$00000026) refers to argv_veneer.o(.emb_text) for __ARM_argv_veneer
    libinit2.o(.ARM.Collect$$libinit$$00000027) refers to argv_veneer.o(.emb_text) for __ARM_argv_veneer
    rtexit2.o(.ARM.Collect$$rtexit$$00000003) refers to libshutdown.o(.ARM.Collect$$libshutdown$$00000000) for __rt_lib_shutdown
    rtexit2.o(.ARM.Collect$$rtexit$$00000004) refers to sys_exit.o(.text) for _sys_exit
    rtexit2.o(.ARM.exidx) refers to rtexit2.o(.ARM.Collect$$rtexit$$00000001) for .ARM.Collect$$rtexit$$00000001
    rtexit2.o(.ARM.exidx) refers to rtexit2.o(.ARM.Collect$$rtexit$$00000003) for .ARM.Collect$$rtexit$$00000003
    rtexit2.o(.ARM.exidx) refers to rtexit2.o(.ARM.Collect$$rtexit$$00000004) for .ARM.Collect$$rtexit$$00000004
    argv_veneer.o(.emb_text) refers to no_argv.o(.text) for __ARM_get_argv
    sys_exit.o(.text) refers (Special) to use_no_semi.o(.text) for __I$use$semihosting
    sys_exit.o(.text) refers (Special) to indicate_semi.o(.text) for __semihosting_library_function
    _get_argv_nomalloc.o(.text) refers (Special) to hrguard.o(.text) for __heap_region$guard
    _get_argv_nomalloc.o(.text) refers to defsig_rtmem_outer.o(.text) for __rt_SIGRTMEM
    _get_argv_nomalloc.o(.text) refers to sys_command.o(.text) for _sys_command_string
    libshutdown.o(.ARM.Collect$$libshutdown$$00000000) refers (Special) to libshutdown2.o(.ARM.Collect$$libshutdown$$00000002) for __rt_lib_shutdown_cpp_1
    libshutdown.o(.ARM.Collect$$libshutdown$$00000000) refers (Special) to libshutdown2.o(.ARM.Collect$$libshutdown$$00000007) for __rt_lib_shutdown_fp_trap_1
    libshutdown.o(.ARM.Collect$$libshutdown$$00000000) refers (Special) to libshutdown2.o(.ARM.Collect$$libshutdown$$0000000F) for __rt_lib_shutdown_heap_1
    libshutdown.o(.ARM.Collect$$libshutdown$$00000000) refers (Special) to libshutdown2.o(.ARM.Collect$$libshutdown$$00000010) for __rt_lib_shutdown_return
    libshutdown.o(.ARM.Collect$$libshutdown$$00000000) refers (Special) to libshutdown2.o(.ARM.Collect$$libshutdown$$0000000A) for __rt_lib_shutdown_signal_1
    libshutdown.o(.ARM.Collect$$libshutdown$$00000000) refers (Special) to libshutdown2.o(.ARM.Collect$$libshutdown$$00000004) for __rt_lib_shutdown_stdio_1
    libshutdown.o(.ARM.Collect$$libshutdown$$00000000) refers (Special) to libshutdown2.o(.ARM.Collect$$libshutdown$$0000000C) for __rt_lib_shutdown_user_alloc_1
    sys_command.o(.text) refers (Special) to use_no_semi.o(.text) for __I$use$semihosting
    sys_command.o(.text) refers (Special) to indicate_semi.o(.text) for __semihosting_library_function
    defsig_rtmem_outer.o(.text) refers to defsig_rtmem_inner.o(.text) for __rt_SIGRTMEM_inner
    defsig_rtmem_outer.o(.text) refers to defsig_exit.o(.text) for __sig_exit
    defsig_rtmem_formal.o(.text) refers to rt_raise.o(.text) for __rt_raise
    rt_raise.o(.text) refers to __raise.o(.text) for __raise
    rt_raise.o(.text) refers to sys_exit.o(.text) for _sys_exit
    defsig_exit.o(.text) refers to sys_exit.o(.text) for _sys_exit
    defsig_rtmem_inner.o(.text) refers to defsig_general.o(.text) for __default_signal_display
    __raise.o(.text) refers to defsig.o(CL$$defsig) for __default_signal_handler
    defsig_general.o(.text) refers to sys_wrch.o(.text) for _ttywrch
    sys_wrch.o(.text) refers (Special) to use_no_semi.o(.text) for __I$use$semihosting
    sys_wrch.o(.text) refers (Special) to indicate_semi.o(.text) for __semihosting_library_function
    defsig.o(CL$$defsig) refers to defsig_rtmem_inner.o(.text) for __rt_SIGRTMEM_inner
    defsig_abrt_inner.o(.text) refers to defsig_general.o(.text) for __default_signal_display
    defsig_fpe_inner.o(.text) refers to defsig_general.o(.text) for __default_signal_display
    defsig_rtred_inner.o(.text) refers to defsig_general.o(.text) for __default_signal_display
    defsig_stak_inner.o(.text) refers to defsig_general.o(.text) for __default_signal_display
    defsig_pvfn_inner.o(.text) refers to defsig_general.o(.text) for __default_signal_display
    defsig_cppl_inner.o(.text) refers to defsig_general.o(.text) for __default_signal_display
    defsig_segv_inner.o(.text) refers to defsig_general.o(.text) for __default_signal_display
    defsig_other.o(.text) refers to defsig_general.o(.text) for __default_signal_display


==============================================================================

Removing Unused input sections from the image.

    Removing lab2.o(i.Dummy), (2 bytes).
    Removing lab2.o(i.main_step1), (64 bytes).
    Removing lab2.o(i.main_step2), (32 bytes).
    Removing lab2.o(i.main_step3), (104 bytes).
    Removing lab2.o(i.main_step4), (136 bytes).
    Removing lab2.o(i.main_step5), (156 bytes).
    Removing os.o(i.OS_AddThreads3), (6 bytes).
    Removing bsp.o(.rev16_text), (4 bytes).
    Removing bsp.o(.revsh_text), (4 bytes).
    Removing bsp.o(.rrx_text), (6 bytes).
    Removing bsp.o(i.BSP_Joystick_Init), (148 bytes).
    Removing bsp.o(i.BSP_Joystick_Input), (136 bytes).
    Removing bsp.o(i.BSP_LCD_DrawBitmap), (288 bytes).
    Removing bsp.o(i.BSP_LCD_DrawCharS), (248 bytes).
    Removing bsp.o(i.BSP_LCD_OutUDec), (144 bytes).
    Removing bsp.o(i.BSP_LCD_OutUDec5), (136 bytes).
    Removing bsp.o(i.BSP_LCD_OutUHex2), (112 bytes).
    Removing bsp.o(i.BSP_LCD_SwapColor), (18 bytes).
    Removing bsp.o(i.BSP_LightSensor_End), (68 bytes).
    Removing bsp.o(i.BSP_LightSensor_Init), (64 bytes).
    Removing bsp.o(i.BSP_LightSensor_Input), (52 bytes).
    Removing bsp.o(i.BSP_LightSensor_Start), (28 bytes).
    Removing bsp.o(i.BSP_PeriodicTask_Init), (112 bytes).
    Removing bsp.o(i.BSP_PeriodicTask_InitB), (160 bytes).
    Removing bsp.o(i.BSP_PeriodicTask_InitC), (160 bytes).
    Removing bsp.o(i.BSP_PeriodicTask_Stop), (24 bytes).
    Removing bsp.o(i.BSP_PeriodicTask_StopB), (28 bytes).
    Removing bsp.o(i.BSP_PeriodicTask_StopC), (28 bytes).
    Removing bsp.o(i.BSP_RGB_D_Init), (152 bytes).
    Removing bsp.o(i.BSP_RGB_D_Set), (64 bytes).
    Removing bsp.o(i.BSP_RGB_D_Toggle), (64 bytes).
    Removing bsp.o(i.BSP_TempSensor_Input), (64 bytes).
    Removing bsp.o(i.BSP_Time_Init), (36 bytes).
    Removing bsp.o(i.fillmessage2_Hex), (84 bytes).
    Removing bsp.o(i.fillmessage5), (128 bytes).
    Removing bsp.o(i.lightsensorend), (80 bytes).
    Removing bsp.o(i.lightsensorstart), (36 bytes).
    Removing cortexm.o(i.Clock_Delay1ms), (22 bytes).
    Removing profile.o(.rev16_text), (4 bytes).
    Removing profile.o(.revsh_text), (4 bytes).
    Removing profile.o(.rrx_text), (6 bytes).
    Removing profile.o(i.Profile_Get), (88 bytes).
    Removing texas.o(.rev16_text), (4 bytes).
    Removing texas.o(.revsh_text), (4 bytes).
    Removing texas.o(.rrx_text), (6 bytes).
    Removing texas.o(i.CheckMailBox), (72 bytes).
    Removing texas.o(i.CheckRoundRobin), (220 bytes).
    Removing texas.o(i.CheckRunPt), (100 bytes).
    Removing texas.o(i.CheckScheduler), (288 bytes).
    Removing texas.o(i.CheckSemaphore), (240 bytes).
    Removing texas.o(i.CheckStack), (140 bytes).
    Removing texas.o(i.Encrypt), (104 bytes).
    Removing texas.o(i.Grader), (1160 bytes).
    Removing texas.o(i.LogicAnalyzer), (20 bytes).
    Removing texas.o(i.NonrealTimeResults), (160 bytes).
    Removing texas.o(i.PeriodicTask2_Init), (156 bytes).
    Removing texas.o(i.PeriodicTask2_Stop), (28 bytes).
    Removing texas.o(i.RealTimeResults), (184 bytes).
    Removing texas.o(i.RealTimeResultsNoJitter), (180 bytes).
    Removing texas.o(i.SetGrade), (204 bytes).
    Removing texas.o(i.TExaS_Init), (200 bytes).
    Removing texas.o(i.TExaS_Stop), (8 bytes).
    Removing texas.o(i.UART_InChar), (28 bytes).
    Removing texas.o(i.UART_InCharNonBlocking), (28 bytes).
    Removing texas.o(i.UART_InString), (66 bytes).
    Removing texas.o(i.UART_InUDec), (76 bytes).
    Removing texas.o(i.UART_InUHex), (104 bytes).
    Removing texas.o(i.UART_Init), (108 bytes).
    Removing texas.o(i.UART_OutChar), (24 bytes).
    Removing texas.o(i.UART_OutCharNonBlock), (12 bytes).
    Removing texas.o(i.UART_OutString), (24 bytes).
    Removing texas.o(i.UART_OutUDec), (42 bytes).
    Removing texas.o(i.UART_OutUDec4), (68 bytes).
    Removing texas.o(i.UART_OutUDec5), (68 bytes).
    Removing texas.o(i.UART_OutUDec6), (68 bytes).
    Removing texas.o(i.UART_OutUDec7), (68 bytes).
    Removing texas.o(i.UART_OutUFix1), (46 bytes).
    Removing texas.o(i.UART_OutUHex), (52 bytes).
    Removing texas.o(i.fillmessage4b), (88 bytes).
    Removing texas.o(i.fillmessage5b), (128 bytes).
    Removing texas.o(i.fillmessage6b), (160 bytes).
    Removing texas.o(i.fillmessage7b), (196 bytes).
    Removing texas.o(i.fillmessageb), (72 bytes).
    Removing texas.o(.constdata), (72 bytes).
    Removing system_msp432p401r.o(.rev16_text), (4 bytes).
    Removing system_msp432p401r.o(.revsh_text), (4 bytes).
    Removing system_msp432p401r.o(.rrx_text), (6 bytes).
    Removing system_msp432p401r.o(i.SystemCoreClockUpdate), (612 bytes).
    Removing system_msp432p401r.o(.data), (4 bytes).

89 unused section(s) (total 9006 bytes) removed from the image.

==============================================================================

Image Symbol Table

    Local Symbols

    Symbol Name                              Value     Ov Type        Size  Object(Section)

    RESET                                    0x00000000   Section      324  startup_msp432p401r_uvision.o(RESET)
    ../clib/angel/boardlib.s                 0x00000000   Number         0  boardinit3.o ABSOLUTE
    ../clib/angel/boardlib.s                 0x00000000   Number         0  boardinit1.o ABSOLUTE
    ../clib/angel/boardlib.s                 0x00000000   Number         0  boardshut.o ABSOLUTE
    ../clib/angel/boardlib.s                 0x00000000   Number         0  boardinit2.o ABSOLUTE
    ../clib/angel/handlers.s                 0x00000000   Number         0  __scatter_copy.o ABSOLUTE
    ../clib/angel/handlers.s                 0x00000000   Number         0  __scatter_zi.o ABSOLUTE
    ../clib/angel/kernel.s                   0x00000000   Number         0  __rtentry4.o ABSOLUTE
    ../clib/angel/kernel.s                   0x00000000   Number         0  __rtentry2.o ABSOLUTE
    ../clib/angel/kernel.s                   0x00000000   Number         0  __rtentry.o ABSOLUTE
    ../clib/angel/kernel.s                   0x00000000   Number         0  rtexit.o ABSOLUTE
    ../clib/angel/kernel.s                   0x00000000   Number         0  rtexit2.o ABSOLUTE
    ../clib/angel/rt.s                       0x00000000   Number         0  rt_raise.o ABSOLUTE
    ../clib/angel/scatter.s                  0x00000000   Number         0  __scatter.o ABSOLUTE
    ../clib/angel/startup.s                  0x00000000   Number         0  __main.o ABSOLUTE
    ../clib/angel/sys.s                      0x00000000   Number         0  use_no_semi.o ABSOLUTE
    ../clib/angel/sys.s                      0x00000000   Number         0  sys_stackheap_outer.o ABSOLUTE
    ../clib/angel/sys.s                      0x00000000   Number         0  libspace.o ABSOLUTE
    ../clib/angel/sys.s                      0x00000000   Number         0  indicate_semi.o ABSOLUTE
    ../clib/angel/sysapp.c                   0x00000000   Number         0  sys_wrch.o ABSOLUTE
    ../clib/angel/sysapp.c                   0x00000000   Number         0  sys_exit.o ABSOLUTE
    ../clib/angel/sysapp.c                   0x00000000   Number         0  sys_command.o ABSOLUTE
    ../clib/armsys.c                         0x00000000   Number         0  _get_argv_nomalloc.o ABSOLUTE
    ../clib/armsys.c                         0x00000000   Number         0  argv_veneer.o ABSOLUTE
    ../clib/armsys.c                         0x00000000   Number         0  argv_veneer.o ABSOLUTE
    ../clib/armsys.c                         0x00000000   Number         0  no_argv.o ABSOLUTE
    ../clib/heapalloc.c                      0x00000000   Number         0  hrguard.o ABSOLUTE
    ../clib/heapaux.c                        0x00000000   Number         0  heapauxi.o ABSOLUTE
    ../clib/libinit.s                        0x00000000   Number         0  libinit.o ABSOLUTE
    ../clib/libinit.s                        0x00000000   Number         0  libinit2.o ABSOLUTE
    ../clib/libinit.s                        0x00000000   Number         0  libshutdown.o ABSOLUTE
    ../clib/libinit.s                        0x00000000   Number         0  libshutdown2.o ABSOLUTE
    ../clib/signal.c                         0x00000000   Number         0  defsig_general.o ABSOLUTE
    ../clib/signal.c                         0x00000000   Number         0  __raise.o ABSOLUTE
    ../clib/signal.c                         0x00000000   Number         0  defsig_rtmem_inner.o ABSOLUTE
    ../clib/signal.c                         0x00000000   Number         0  defsig_exit.o ABSOLUTE
    ../clib/signal.c                         0x00000000   Number         0  defsig_rtmem_formal.o ABSOLUTE
    ../clib/signal.c                         0x00000000   Number         0  defsig_rtmem_outer.o ABSOLUTE
    ../clib/signal.c                         0x00000000   Number         0  defsig_other.o ABSOLUTE
    ../clib/signal.c                         0x00000000   Number         0  defsig_segv_inner.o ABSOLUTE
    ../clib/signal.c                         0x00000000   Number         0  defsig_cppl_inner.o ABSOLUTE
    ../clib/signal.c                         0x00000000   Number         0  defsig_pvfn_inner.o ABSOLUTE
    ../clib/signal.c                         0x00000000   Number         0  defsig_stak_inner.o ABSOLUTE
    ../clib/signal.c                         0x00000000   Number         0  defsig_rtred_inner.o ABSOLUTE
    ../clib/signal.c                         0x00000000   Number         0  defsig_fpe_inner.o ABSOLUTE
    ../clib/signal.c                         0x00000000   Number         0  defsig_abrt_inner.o ABSOLUTE
    ../clib/signal.s                         0x00000000   Number         0  defsig.o ABSOLUTE
    ../clib/stdlib.c                         0x00000000   Number         0  exit.o ABSOLUTE
    ../fplib/faddsub.s                       0x00000000   Number         0  faddsub_clz.o ABSOLUTE
    ../fplib/fdiv.s                          0x00000000   Number         0  fdiv.o ABSOLUTE
    ../fplib/ffixu.s                         0x00000000   Number         0  ffixu.o ABSOLUTE
    ../fplib/fflt.s                          0x00000000   Number         0  fflt_clz.o ABSOLUTE
    ../fplib/fmul.s                          0x00000000   Number         0  fmul.o ABSOLUTE
    ../fplib/fnaninf.s                       0x00000000   Number         0  fnaninf.o ABSOLUTE
    ../fplib/fpinit.s                        0x00000000   Number         0  fpinit.o ABSOLUTE
    ../fplib/fretinf.s                       0x00000000   Number         0  fretinf.o ABSOLUTE
    ../fplib/usenofp.s                       0x00000000   Number         0  usenofp.o ABSOLUTE
    ..\\inc\\BSP.c                           0x00000000   Number         0  bsp.o ABSOLUTE
    ..\\inc\\CortexM.c                       0x00000000   Number         0  cortexm.o ABSOLUTE
    ..\\inc\\Profile.c                       0x00000000   Number         0  profile.o ABSOLUTE
    ..\inc\BSP.c                             0x00000000   Number         0  bsp.o ABSOLUTE
    ..\inc\CortexM.c                         0x00000000   Number         0  cortexm.o ABSOLUTE
    ..\inc\Profile.c                         0x00000000   Number         0  profile.o ABSOLUTE
    Lab2.c                                   0x00000000   Number         0  lab2.o ABSOLUTE
    RTE\Device\MSP432P401R\startup_msp432p401r_uvision.s 0x00000000   Number         0  startup_msp432p401r_uvision.o ABSOLUTE
    RTE\Device\MSP432P401R\system_msp432p401r.c 0x00000000   Number         0  system_msp432p401r.o ABSOLUTE
    RTE\\Device\\MSP432P401R\\system_msp432p401r.c 0x00000000   Number         0  system_msp432p401r.o ABSOLUTE
    Texas.c                                  0x00000000   Number         0  texas.o ABSOLUTE
    Texas.c                                  0x00000000   Number         0  texas.o ABSOLUTE
    dc.s                                     0x00000000   Number         0  dc.o ABSOLUTE
    os.c                                     0x00000000   Number         0  os.o ABSOLUTE
    osasm.s                                  0x00000000   Number         0  osasm.o ABSOLUTE
    !!!main                                  0x00000144   Section        8  __main.o(!!!main)
    !!!scatter                               0x0000014c   Section       52  __scatter.o(!!!scatter)
    !!handler_copy                           0x00000180   Section       26  __scatter_copy.o(!!handler_copy)
    !!handler_zi                             0x0000019c   Section       28  __scatter_zi.o(!!handler_zi)
    .ARM.Collect$$libinit$$00000000          0x000001b8   Section        2  libinit.o(.ARM.Collect$$libinit$$00000000)
    .ARM.Collect$$libinit$$00000002          0x000001ba   Section        0  libinit2.o(.ARM.Collect$$libinit$$00000002)
    .ARM.Collect$$libinit$$00000004          0x000001ba   Section        0  libinit2.o(.ARM.Collect$$libinit$$00000004)
    .ARM.Collect$$libinit$$0000000A          0x000001ba   Section        0  libinit2.o(.ARM.Collect$$libinit$$0000000A)
    .ARM.Collect$$libinit$$0000000C          0x000001ba   Section        0  libinit2.o(.ARM.Collect$$libinit$$0000000C)
    .ARM.Collect$$libinit$$0000000E          0x000001ba   Section        0  libinit2.o(.ARM.Collect$$libinit$$0000000E)
    .ARM.Collect$$libinit$$00000011          0x000001ba   Section        0  libinit2.o(.ARM.Collect$$libinit$$00000011)
    .ARM.Collect$$libinit$$00000013          0x000001ba   Section        0  libinit2.o(.ARM.Collect$$libinit$$00000013)
    .ARM.Collect$$libinit$$00000015          0x000001ba   Section        0  libinit2.o(.ARM.Collect$$libinit$$00000015)
    .ARM.Collect$$libinit$$00000017          0x000001ba   Section        0  libinit2.o(.ARM.Collect$$libinit$$00000017)
    .ARM.Collect$$libinit$$00000019          0x000001ba   Section        0  libinit2.o(.ARM.Collect$$libinit$$00000019)
    .ARM.Collect$$libinit$$0000001B          0x000001ba   Section        0  libinit2.o(.ARM.Collect$$libinit$$0000001B)
    .ARM.Collect$$libinit$$0000001D          0x000001ba   Section        0  libinit2.o(.ARM.Collect$$libinit$$0000001D)
    .ARM.Collect$$libinit$$0000001F          0x000001ba   Section        0  libinit2.o(.ARM.Collect$$libinit$$0000001F)
    .ARM.Collect$$libinit$$00000021          0x000001ba   Section        0  libinit2.o(.ARM.Collect$$libinit$$00000021)
    .ARM.Collect$$libinit$$00000023          0x000001ba   Section        0  libinit2.o(.ARM.Collect$$libinit$$00000023)
    .ARM.Collect$$libinit$$00000025          0x000001ba   Section        0  libinit2.o(.ARM.Collect$$libinit$$00000025)
    .ARM.Collect$$libinit$$0000002C          0x000001ba   Section        0  libinit2.o(.ARM.Collect$$libinit$$0000002C)
    .ARM.Collect$$libinit$$0000002E          0x000001ba   Section        0  libinit2.o(.ARM.Collect$$libinit$$0000002E)
    .ARM.Collect$$libinit$$00000030          0x000001ba   Section        0  libinit2.o(.ARM.Collect$$libinit$$00000030)
    .ARM.Collect$$libinit$$00000032          0x000001ba   Section        0  libinit2.o(.ARM.Collect$$libinit$$00000032)
    .ARM.Collect$$libinit$$00000033          0x000001ba   Section        2  libinit2.o(.ARM.Collect$$libinit$$00000033)
    .ARM.Collect$$libshutdown$$00000000      0x000001bc   Section        2  libshutdown.o(.ARM.Collect$$libshutdown$$00000000)
    .ARM.Collect$$libshutdown$$00000002      0x000001be   Section        0  libshutdown2.o(.ARM.Collect$$libshutdown$$00000002)
    .ARM.Collect$$libshutdown$$00000004      0x000001be   Section        0  libshutdown2.o(.ARM.Collect$$libshutdown$$00000004)
    .ARM.Collect$$libshutdown$$00000007      0x000001be   Section        0  libshutdown2.o(.ARM.Collect$$libshutdown$$00000007)
    .ARM.Collect$$libshutdown$$0000000A      0x000001be   Section        0  libshutdown2.o(.ARM.Collect$$libshutdown$$0000000A)
    .ARM.Collect$$libshutdown$$0000000C      0x000001be   Section        0  libshutdown2.o(.ARM.Collect$$libshutdown$$0000000C)
    .ARM.Collect$$libshutdown$$0000000F      0x000001be   Section        0  libshutdown2.o(.ARM.Collect$$libshutdown$$0000000F)
    .ARM.Collect$$libshutdown$$00000010      0x000001be   Section        2  libshutdown2.o(.ARM.Collect$$libshutdown$$00000010)
    .ARM.Collect$$rtentry$$00000000          0x000001c0   Section        0  __rtentry.o(.ARM.Collect$$rtentry$$00000000)
    .ARM.Collect$$rtentry$$00000002          0x000001c0   Section        0  __rtentry2.o(.ARM.Collect$$rtentry$$00000002)
    .ARM.Collect$$rtentry$$00000004          0x000001c0   Section        6  __rtentry4.o(.ARM.Collect$$rtentry$$00000004)
    .ARM.Collect$$rtentry$$00000009          0x000001c6   Section        0  __rtentry2.o(.ARM.Collect$$rtentry$$00000009)
    .ARM.Collect$$rtentry$$0000000A          0x000001c6   Section        4  __rtentry2.o(.ARM.Collect$$rtentry$$0000000A)
    .ARM.Collect$$rtentry$$0000000C          0x000001ca   Section        0  __rtentry2.o(.ARM.Collect$$rtentry$$0000000C)
    .ARM.Collect$$rtentry$$0000000D          0x000001ca   Section        8  __rtentry2.o(.ARM.Collect$$rtentry$$0000000D)
    .ARM.Collect$$rtexit$$00000000           0x000001d2   Section        2  rtexit.o(.ARM.Collect$$rtexit$$00000000)
    .ARM.Collect$$rtexit$$00000002           0x000001d4   Section        0  rtexit2.o(.ARM.Collect$$rtexit$$00000002)
    .ARM.Collect$$rtexit$$00000003           0x000001d4   Section        4  rtexit2.o(.ARM.Collect$$rtexit$$00000003)
    .ARM.Collect$$rtexit$$00000004           0x000001d8   Section        6  rtexit2.o(.ARM.Collect$$rtexit$$00000004)
    .emb_text                                0x000001e0   Section        6  bsp.o(.emb_text)
    .emb_text                                0x000001e8   Section       32  cortexm.o(.emb_text)
    .text                                    0x00000208   Section       64  osasm.o(.text)
    .text                                    0x00000248   Section       60  startup_msp432p401r_uvision.o(.text)
    .text                                    0x00000284   Section        0  heapauxi.o(.text)
    .text                                    0x0000028a   Section       74  sys_stackheap_outer.o(.text)
    .text                                    0x000002d4   Section        0  exit.o(.text)
    .text                                    0x000002e8   Section        8  libspace.o(.text)
    .text                                    0x000002f0   Section        0  sys_exit.o(.text)
    .text                                    0x000002fc   Section        2  use_no_semi.o(.text)
    .text                                    0x000002fe   Section        0  indicate_semi.o(.text)
    i.BSP_Accelerometer_Init                 0x00000300   Section        0  bsp.o(i.BSP_Accelerometer_Init)
    i.BSP_Accelerometer_Input                0x00000360   Section        0  bsp.o(i.BSP_Accelerometer_Input)
    i.BSP_Button1_Init                       0x000003ec   Section        0  bsp.o(i.BSP_Button1_Init)
    i.BSP_Button1_Input                      0x00000428   Section        0  bsp.o(i.BSP_Button1_Input)
    i.BSP_Button2_Init                       0x00000434   Section        0  bsp.o(i.BSP_Button2_Init)
    i.BSP_Button2_Input                      0x00000470   Section        0  bsp.o(i.BSP_Button2_Input)
    i.BSP_Buzzer_Init                        0x0000047c   Section        0  bsp.o(i.BSP_Buzzer_Init)
    i.BSP_Buzzer_Set                         0x0000050c   Section        0  bsp.o(i.BSP_Buzzer_Set)
    i.BSP_Clock_GetFreq                      0x0000052c   Section        0  bsp.o(i.BSP_Clock_GetFreq)
    i.BSP_Clock_InitFastest                  0x00000538   Section        0  bsp.o(i.BSP_Clock_InitFastest)
    i.BSP_Delay1ms                           0x000006c0   Section        0  bsp.o(i.BSP_Delay1ms)
    i.BSP_LCD_Color565                       0x000006d6   Section        0  bsp.o(i.BSP_LCD_Color565)
    i.BSP_LCD_DrawChar                       0x000006f0   Section        0  bsp.o(i.BSP_LCD_DrawChar)
    i.BSP_LCD_DrawFastHLine                  0x00000800   Section        0  bsp.o(i.BSP_LCD_DrawFastHLine)
    i.BSP_LCD_DrawFastVLine                  0x0000087c   Section        0  bsp.o(i.BSP_LCD_DrawFastVLine)
    i.BSP_LCD_DrawPixel                      0x000008f8   Section        0  bsp.o(i.BSP_LCD_DrawPixel)
    i.BSP_LCD_DrawString                     0x00000940   Section        0  bsp.o(i.BSP_LCD_DrawString)
    i.BSP_LCD_Drawaxes                       0x00000998   Section        0  bsp.o(i.BSP_LCD_Drawaxes)
    i.BSP_LCD_FillRect                       0x00000abc   Section        0  bsp.o(i.BSP_LCD_FillRect)
    i.BSP_LCD_FillScreen                     0x00000b68   Section        0  bsp.o(i.BSP_LCD_FillScreen)
    i.BSP_LCD_Init                           0x00000b8c   Section        0  bsp.o(i.BSP_LCD_Init)
    i.BSP_LCD_OutUDec4                       0x00000b98   Section        0  bsp.o(i.BSP_LCD_OutUDec4)
    i.BSP_LCD_OutUFix2_1                     0x00000c20   Section        0  bsp.o(i.BSP_LCD_OutUFix2_1)
    i.BSP_LCD_PlotIncrement                  0x00000c90   Section        0  bsp.o(i.BSP_LCD_PlotIncrement)
    i.BSP_LCD_PlotPoint                      0x00000cc8   Section        0  bsp.o(i.BSP_LCD_PlotPoint)
    i.BSP_LCD_SetCursor                      0x00000d2c   Section        0  bsp.o(i.BSP_LCD_SetCursor)
    i.BSP_Microphone_Init                    0x00000d4c   Section        0  bsp.o(i.BSP_Microphone_Init)
    i.BSP_Microphone_Input                   0x00000d88   Section        0  bsp.o(i.BSP_Microphone_Input)
    i.BSP_RGB_Init                           0x00000dfc   Section        0  bsp.o(i.BSP_RGB_Init)
    i.BSP_RGB_Set                            0x00000f20   Section        0  bsp.o(i.BSP_RGB_Set)
    i.BSP_TempSensor_End                     0x00000f6c   Section        0  bsp.o(i.BSP_TempSensor_End)
    i.BSP_TempSensor_Init                    0x00000fb8   Section        0  bsp.o(i.BSP_TempSensor_Init)
    i.BSP_TempSensor_Start                   0x00000ff8   Section        0  bsp.o(i.BSP_TempSensor_Start)
    i.BSP_Time_Get                           0x00001014   Section        0  bsp.o(i.BSP_Time_Get)
    i.I2C_Recv2                              0x00001028   Section        0  bsp.o(i.I2C_Recv2)
    I2C_Recv2                                0x00001029   Thumb Code   184  bsp.o(i.I2C_Recv2)
    i.I2C_Send1                              0x000010e4   Section        0  bsp.o(i.I2C_Send1)
    I2C_Send1                                0x000010e5   Thumb Code   154  bsp.o(i.I2C_Send1)
    i.I2C_Send3                              0x00001184   Section        0  bsp.o(i.I2C_Send3)
    I2C_Send3                                0x00001185   Thumb Code   262  bsp.o(i.I2C_Send3)
    i.OS_AddPeriodicEventThreads             0x00001294   Section        0  os.o(i.OS_AddPeriodicEventThreads)
    i.OS_AddThreads                          0x000012bc   Section        0  os.o(i.OS_AddThreads)
    i.OS_Init                                0x00001330   Section        0  os.o(i.OS_Init)
    i.OS_InitSemaphore                       0x0000133c   Section        0  os.o(i.OS_InitSemaphore)
    i.OS_Launch                              0x00001340   Section        0  os.o(i.OS_Launch)
    i.OS_MailBox_Init                        0x00001374   Section        0  os.o(i.OS_MailBox_Init)
    i.OS_MailBox_Recv                        0x00001390   Section        0  os.o(i.OS_MailBox_Recv)
    i.OS_MailBox_Send                        0x000013a8   Section        0  os.o(i.OS_MailBox_Send)
    i.OS_Signal                              0x000013d8   Section        0  os.o(i.OS_Signal)
    i.OS_Wait                                0x000013ea   Section        0  os.o(i.OS_Wait)
    i.Profile_Init                           0x0000140c   Section        0  profile.o(i.Profile_Init)
    i.ST7735_InitR                           0x00001564   Section        0  bsp.o(i.ST7735_InitR)
    ST7735_InitR                             0x00001565   Thumb Code    86  bsp.o(i.ST7735_InitR)
    i.Scheduler                              0x000015d8   Section        0  os.o(i.Scheduler)
    i.SetInitialStack                        0x00001644   Section        0  os.o(i.SetInitialStack)
    i.SystemInit                             0x00001790   Section        0  system_msp432p401r.o(i.SystemInit)
    i.T32_INT1_IRQHandler                    0x000017f0   Section        0  bsp.o(i.T32_INT1_IRQHandler)
    i.TA1_0_IRQHandler                       0x00001808   Section        0  bsp.o(i.TA1_0_IRQHandler)
    i.TA2_0_IRQHandler                       0x00001828   Section        0  bsp.o(i.TA2_0_IRQHandler)
    i.TA3_0_IRQHandler                       0x00001848   Section        0  texas.o(i.TA3_0_IRQHandler)
    i.TExaS_Task0                            0x00001868   Section        0  texas.o(i.TExaS_Task0)
    i.TExaS_Task1                            0x000018a8   Section        0  texas.o(i.TExaS_Task1)
    i.TExaS_Task2                            0x000018e8   Section        0  texas.o(i.TExaS_Task2)
    i.TExaS_Task3                            0x00001928   Section        0  texas.o(i.TExaS_Task3)
    i.TExaS_Task4                            0x00001968   Section        0  texas.o(i.TExaS_Task4)
    i.TExaS_Task5                            0x000019a8   Section        0  texas.o(i.TExaS_Task5)
    i.Task0                                  0x000019e8   Section        0  lab2.o(i.Task0)
    i.Task0_Init                             0x00001a80   Section        0  lab2.o(i.Task0_Init)
    i.Task1                                  0x00001a88   Section        0  lab2.o(i.Task1)
    i.Task1_Init                             0x00001af4   Section        0  lab2.o(i.Task1_Init)
    i.Task2                                  0x00001b54   Section        0  lab2.o(i.Task2)
    i.Task3                                  0x00001d58   Section        0  lab2.o(i.Task3)
    i.Task4                                  0x00001e38   Section        0  lab2.o(i.Task4)
    i.Task5                                  0x00001e80   Section        0  lab2.o(i.Task5)
    i.adcinit                                0x00001fbc   Section        0  bsp.o(i.adcinit)
    adcinit                                  0x00001fbd   Thumb Code    50  bsp.o(i.adcinit)
    i.commandList                            0x00001ffc   Section        0  bsp.o(i.commandList)
    commandList                              0x00001ffd   Thumb Code    86  bsp.o(i.commandList)
    i.commonInit                             0x00002054   Section        0  bsp.o(i.commonInit)
    commonInit                               0x00002055   Thumb Code   232  bsp.o(i.commonInit)
    i.drawaxes                               0x00002150   Section        0  lab2.o(i.drawaxes)
    i.fillmessage                            0x0000222c   Section        0  bsp.o(i.fillmessage)
    fillmessage                              0x0000222d   Thumb Code    64  bsp.o(i.fillmessage)
    i.fillmessage2_1                         0x00002274   Section        0  bsp.o(i.fillmessage2_1)
    fillmessage2_1                           0x00002275   Thumb Code    90  bsp.o(i.fillmessage2_1)
    i.fillmessage4                           0x000022d4   Section        0  bsp.o(i.fillmessage4)
    fillmessage4                             0x000022d5   Thumb Code    90  bsp.o(i.fillmessage4)
    i.i2cinit                                0x00002338   Section        0  bsp.o(i.i2cinit)
    i2cinit                                  0x00002339   Thumb Code    78  bsp.o(i.i2cinit)
    i.main                                   0x00002390   Section        0  lab2.o(i.main)
    i.pushColor                              0x00002424   Section        0  bsp.o(i.pushColor)
    pushColor                                0x00002425   Thumb Code    18  bsp.o(i.pushColor)
    i.setAddrWindow                          0x00002438   Section        0  bsp.o(i.setAddrWindow)
    setAddrWindow                            0x00002439   Thumb Code   106  bsp.o(i.setAddrWindow)
    i.sqrt32                                 0x000024ac   Section        0  lab2.o(i.sqrt32)
    i.tempsensorend                          0x000024ca   Section        0  bsp.o(i.tempsensorend)
    tempsensorend                            0x000024cb   Thumb Code    68  bsp.o(i.tempsensorend)
    i.tempsensorstart                        0x0000250e   Section        0  bsp.o(i.tempsensorstart)
    tempsensorstart                          0x0000250f   Thumb Code    18  bsp.o(i.tempsensorstart)
    i.writecommand                           0x00002520   Section        0  bsp.o(i.writecommand)
    writecommand                             0x00002521   Thumb Code    58  bsp.o(i.writecommand)
    i.writedata                              0x00002568   Section        0  bsp.o(i.writedata)
    writedata                                0x00002569   Thumb Code    60  bsp.o(i.writedata)
    .constdata                               0x000025b0   Section     1403  bsp.o(.constdata)
    Font                                     0x000025b0   Data        1275  bsp.o(.constdata)
    Rcmd1                                    0x00002aab   Data          59  bsp.o(.constdata)
    Rcmd2green                               0x00002ae6   Data          13  bsp.o(.constdata)
    Rcmd2red                                 0x00002af3   Data          13  bsp.o(.constdata)
    Rcmd3                                    0x00002b00   Data          43  bsp.o(.constdata)
    .data                                    0x20000000   Section       78  lab2.o(.data)
    soundSum                                 0x20000044   Data           4  lab2.o(.data)
    time                                     0x20000048   Data           4  lab2.o(.data)
    prev1                                    0x2000004c   Data           1  lab2.o(.data)
    prev2                                    0x2000004d   Data           1  lab2.o(.data)
    .data                                    0x20000050   Section       36  os.o(.data)
    Counter                                  0x20000070   Data           4  os.o(.data)
    .data                                    0x20000074   Section       92  bsp.o(.data)
    ClockFrequency                           0x20000074   Data           4  bsp.o(.data)
    SubsystemFrequency                       0x20000078   Data           4  bsp.o(.data)
    PWMCycles                                0x2000007c   Data           2  bsp.o(.data)
    ColStart                                 0x2000008a   Data           1  bsp.o(.data)
    RowStart                                 0x2000008b   Data           1  bsp.o(.data)
    _width                                   0x2000008c   Data           2  bsp.o(.data)
    _height                                  0x2000008e   Data           2  bsp.o(.data)
    .data                                    0x200000d0   Section       52  texas.o(.data)
    count                                    0x20000100   Data           4  texas.o(.data)
    .bss                                     0x20000104   Section     2000  lab2.o(.bss)
    .bss                                     0x200008d4   Section     1632  os.o(.bss)
    .bss                                     0x20000f34   Section       12  bsp.o(.bss)
    .bss                                     0x20000f40   Section     1700  texas.o(.bss)
    .bss                                     0x200015e4   Section       96  libspace.o(.bss)
    HEAP                                     0x20001648   Section        0  startup_msp432p401r_uvision.o(HEAP)
    STACK                                    0x20001648   Section      512  startup_msp432p401r_uvision.o(STACK)
    Heap_Mem                                 0x20001648   Data           0  startup_msp432p401r_uvision.o(HEAP)
    Stack_Mem                                0x20001648   Data         512  startup_msp432p401r_uvision.o(STACK)
    __initial_sp                             0x20001848   Data           0  startup_msp432p401r_uvision.o(STACK)

    Global Symbols

    Symbol Name                              Value     Ov Type        Size  Object(Section)

    BuildAttributes$$THM_ISAv4$E$P$D$K$B$S$7EM$PE$A:L22UL41UL21$X:L11$S22US41US21$IEEE1$IW$USESV6$~STKCKD$USESV7$~SHL$OSPACE$ROPI$EBA8$UX$STANDARDLIB$REQ8$PRES8$EABIv2 0x00000000   Number         0  anon$$obj.o ABSOLUTE
    __ARM_use_no_argv                        0x00000000   Number         0  lab2.o ABSOLUTE
    __Vectors                                0x00000000   Data           4  startup_msp432p401r_uvision.o(RESET)
    __ARM_exceptions_init                     - Undefined Weak Reference
    __alloca_initialize                       - Undefined Weak Reference
    __arm_preinit_                            - Undefined Weak Reference
    __cpp_initialize__aeabi_                  - Undefined Weak Reference
    __cxa_finalize                            - Undefined Weak Reference
    __rt_locale                               - Undefined Weak Reference
    __sigvec_lookup                           - Undefined Weak Reference
    _atexit_init                              - Undefined Weak Reference
    _call_atexit_fns                          - Undefined Weak Reference
    _clock_init                               - Undefined Weak Reference
    _fp_trap_init                             - Undefined Weak Reference
    _fp_trap_shutdown                         - Undefined Weak Reference
    _get_lc_collate                           - Undefined Weak Reference
    _get_lc_ctype                             - Undefined Weak Reference
    _get_lc_monetary                          - Undefined Weak Reference
    _get_lc_numeric                           - Undefined Weak Reference
    _get_lc_time                              - Undefined Weak Reference
    _getenv_init                              - Undefined Weak Reference
    _handle_redirection                       - Undefined Weak Reference
    _init_alloc                               - Undefined Weak Reference
    _init_user_alloc                          - Undefined Weak Reference
    _initio                                   - Undefined Weak Reference
    _rand_init                                - Undefined Weak Reference
    _signal_finish                            - Undefined Weak Reference
    _signal_init                              - Undefined Weak Reference
    _terminate_alloc                          - Undefined Weak Reference
    _terminate_user_alloc                     - Undefined Weak Reference
    _terminateio                              - Undefined Weak Reference
    __Vectors_End                            0x00000144   Data           0  startup_msp432p401r_uvision.o(RESET)
    __Vectors_Size                           0x00000144   Number         0  startup_msp432p401r_uvision.o ABSOLUTE
    __main                                   0x00000145   Thumb Code     8  __main.o(!!!main)
    __scatterload                            0x0000014d   Thumb Code     0  __scatter.o(!!!scatter)
    __scatterload_rt2                        0x0000014d   Thumb Code    44  __scatter.o(!!!scatter)
    __scatterload_rt2_thumb_only             0x0000014d   Thumb Code     0  __scatter.o(!!!scatter)
    __scatterload_null                       0x0000015b   Thumb Code     0  __scatter.o(!!!scatter)
    __scatterload_copy                       0x00000181   Thumb Code    26  __scatter_copy.o(!!handler_copy)
    __scatterload_zeroinit                   0x0000019d   Thumb Code    28  __scatter_zi.o(!!handler_zi)
    __rt_lib_init                            0x000001b9   Thumb Code     0  libinit.o(.ARM.Collect$$libinit$$00000000)
    __rt_lib_init_alloca_1                   0x000001bb   Thumb Code     0  libinit2.o(.ARM.Collect$$libinit$$0000002E)
    __rt_lib_init_argv_1                     0x000001bb   Thumb Code     0  libinit2.o(.ARM.Collect$$libinit$$0000002C)
    __rt_lib_init_atexit_1                   0x000001bb   Thumb Code     0  libinit2.o(.ARM.Collect$$libinit$$0000001B)
    __rt_lib_init_clock_1                    0x000001bb   Thumb Code     0  libinit2.o(.ARM.Collect$$libinit$$00000021)
    __rt_lib_init_cpp_1                      0x000001bb   Thumb Code     0  libinit2.o(.ARM.Collect$$libinit$$00000032)
    __rt_lib_init_exceptions_1               0x000001bb   Thumb Code     0  libinit2.o(.ARM.Collect$$libinit$$00000030)
    __rt_lib_init_fp_1                       0x000001bb   Thumb Code     0  libinit2.o(.ARM.Collect$$libinit$$00000002)
    __rt_lib_init_fp_trap_1                  0x000001bb   Thumb Code     0  libinit2.o(.ARM.Collect$$libinit$$0000001F)
    __rt_lib_init_getenv_1                   0x000001bb   Thumb Code     0  libinit2.o(.ARM.Collect$$libinit$$00000023)
    __rt_lib_init_heap_1                     0x000001bb   Thumb Code     0  libinit2.o(.ARM.Collect$$libinit$$0000000A)
    __rt_lib_init_lc_collate_1               0x000001bb   Thumb Code     0  libinit2.o(.ARM.Collect$$libinit$$00000011)
    __rt_lib_init_lc_ctype_1                 0x000001bb   Thumb Code     0  libinit2.o(.ARM.Collect$$libinit$$00000013)
    __rt_lib_init_lc_monetary_1              0x000001bb   Thumb Code     0  libinit2.o(.ARM.Collect$$libinit$$00000015)
    __rt_lib_init_lc_numeric_1               0x000001bb   Thumb Code     0  libinit2.o(.ARM.Collect$$libinit$$00000017)
    __rt_lib_init_lc_time_1                  0x000001bb   Thumb Code     0  libinit2.o(.ARM.Collect$$libinit$$00000019)
    __rt_lib_init_preinit_1                  0x000001bb   Thumb Code     0  libinit2.o(.ARM.Collect$$libinit$$00000004)
    __rt_lib_init_rand_1                     0x000001bb   Thumb Code     0  libinit2.o(.ARM.Collect$$libinit$$0000000E)
    __rt_lib_init_return                     0x000001bb   Thumb Code     0  libinit2.o(.ARM.Collect$$libinit$$00000033)
    __rt_lib_init_signal_1                   0x000001bb   Thumb Code     0  libinit2.o(.ARM.Collect$$libinit$$0000001D)
    __rt_lib_init_stdio_1                    0x000001bb   Thumb Code     0  libinit2.o(.ARM.Collect$$libinit$$00000025)
    __rt_lib_init_user_alloc_1               0x000001bb   Thumb Code     0  libinit2.o(.ARM.Collect$$libinit$$0000000C)
    __rt_lib_shutdown                        0x000001bd   Thumb Code     0  libshutdown.o(.ARM.Collect$$libshutdown$$00000000)
    __rt_lib_shutdown_cpp_1                  0x000001bf   Thumb Code     0  libshutdown2.o(.ARM.Collect$$libshutdown$$00000002)
    __rt_lib_shutdown_fp_trap_1              0x000001bf   Thumb Code     0  libshutdown2.o(.ARM.Collect$$libshutdown$$00000007)
    __rt_lib_shutdown_heap_1                 0x000001bf   Thumb Code     0  libshutdown2.o(.ARM.Collect$$libshutdown$$0000000F)
    __rt_lib_shutdown_return                 0x000001bf   Thumb Code     0  libshutdown2.o(.ARM.Collect$$libshutdown$$00000010)
    __rt_lib_shutdown_signal_1               0x000001bf   Thumb Code     0  libshutdown2.o(.ARM.Collect$$libshutdown$$0000000A)
    __rt_lib_shutdown_stdio_1                0x000001bf   Thumb Code     0  libshutdown2.o(.ARM.Collect$$libshutdown$$00000004)
    __rt_lib_shutdown_user_alloc_1           0x000001bf   Thumb Code     0  libshutdown2.o(.ARM.Collect$$libshutdown$$0000000C)
    __rt_entry                               0x000001c1   Thumb Code     0  __rtentry.o(.ARM.Collect$$rtentry$$00000000)
    __rt_entry_presh_1                       0x000001c1   Thumb Code     0  __rtentry2.o(.ARM.Collect$$rtentry$$00000002)
    __rt_entry_sh                            0x000001c1   Thumb Code     0  __rtentry4.o(.ARM.Collect$$rtentry$$00000004)
    __rt_entry_li                            0x000001c7   Thumb Code     0  __rtentry2.o(.ARM.Collect$$rtentry$$0000000A)
    __rt_entry_postsh_1                      0x000001c7   Thumb Code     0  __rtentry2.o(.ARM.Collect$$rtentry$$00000009)
    __rt_entry_main                          0x000001cb   Thumb Code     0  __rtentry2.o(.ARM.Collect$$rtentry$$0000000D)
    __rt_entry_postli_1                      0x000001cb   Thumb Code     0  __rtentry2.o(.ARM.Collect$$rtentry$$0000000C)
    __rt_exit                                0x000001d3   Thumb Code     0  rtexit.o(.ARM.Collect$$rtexit$$00000000)
    __rt_exit_ls                             0x000001d5   Thumb Code     0  rtexit2.o(.ARM.Collect$$rtexit$$00000003)
    __rt_exit_prels_1                        0x000001d5   Thumb Code     0  rtexit2.o(.ARM.Collect$$rtexit$$00000002)
    __rt_exit_exit                           0x000001d9   Thumb Code     0  rtexit2.o(.ARM.Collect$$rtexit$$00000004)
    parrotdelay                              0x000001e1   Thumb Code     6  bsp.o(.emb_text)
    DisableInterrupts                        0x000001e9   Thumb Code     4  cortexm.o(.emb_text)
    EnableInterrupts                         0x000001ed   Thumb Code     4  cortexm.o(.emb_text)
    StartCritical                            0x000001f1   Thumb Code     8  cortexm.o(.emb_text)
    EndCritical                              0x000001f9   Thumb Code     6  cortexm.o(.emb_text)
    WaitForInterrupt                         0x000001ff   Thumb Code     4  cortexm.o(.emb_text)
    delay                                    0x00000203   Thumb Code     6  cortexm.o(.emb_text)
    SysTick_Handler                          0x00000209   Thumb Code     0  osasm.o(.text)
    StartOS                                  0x00000227   Thumb Code     0  osasm.o(.text)
    Reset_Handler                            0x00000249   Thumb Code     8  startup_msp432p401r_uvision.o(.text)
    NMI_Handler                              0x00000251   Thumb Code     2  startup_msp432p401r_uvision.o(.text)
    HardFault_Handler                        0x00000253   Thumb Code     2  startup_msp432p401r_uvision.o(.text)
    MemManage_Handler                        0x00000255   Thumb Code     2  startup_msp432p401r_uvision.o(.text)
    BusFault_Handler                         0x00000257   Thumb Code     2  startup_msp432p401r_uvision.o(.text)
    UsageFault_Handler                       0x00000259   Thumb Code     2  startup_msp432p401r_uvision.o(.text)
    SVC_Handler                              0x0000025b   Thumb Code     2  startup_msp432p401r_uvision.o(.text)
    DebugMon_Handler                         0x0000025d   Thumb Code     2  startup_msp432p401r_uvision.o(.text)
    PendSV_Handler                           0x0000025f   Thumb Code     2  startup_msp432p401r_uvision.o(.text)
    ADC14_IRQHandler                         0x00000263   Thumb Code     0  startup_msp432p401r_uvision.o(.text)
    AES256_IRQHandler                        0x00000263   Thumb Code     0  startup_msp432p401r_uvision.o(.text)
    COMP_E0_IRQHandler                       0x00000263   Thumb Code     0  startup_msp432p401r_uvision.o(.text)
    COMP_E1_IRQHandler                       0x00000263   Thumb Code     0  startup_msp432p401r_uvision.o(.text)
    CS_IRQHandler                            0x00000263   Thumb Code     0  startup_msp432p401r_uvision.o(.text)
    DMA_ERR_IRQHandler                       0x00000263   Thumb Code     0  startup_msp432p401r_uvision.o(.text)
    DMA_INT0_IRQHandler                      0x00000263   Thumb Code     0  startup_msp432p401r_uvision.o(.text)
    DMA_INT1_IRQHandler                      0x00000263   Thumb Code     0  startup_msp432p401r_uvision.o(.text)
    DMA_INT2_IRQHandler                      0x00000263   Thumb Code     0  startup_msp432p401r_uvision.o(.text)
    DMA_INT3_IRQHandler                      0x00000263   Thumb Code     0  startup_msp432p401r_uvision.o(.text)
    EUSCIA0_IRQHandler                       0x00000263   Thumb Code     0  startup_msp432p401r_uvision.o(.text)
    EUSCIA1_IRQHandler                       0x00000263   Thumb Code     0  startup_msp432p401r_uvision.o(.text)
    EUSCIA2_IRQHandler                       0x00000263   Thumb Code     0  startup_msp432p401r_uvision.o(.text)
    EUSCIA3_IRQHandler                       0x00000263   Thumb Code     0  startup_msp432p401r_uvision.o(.text)
    EUSCIB0_IRQHandler                       0x00000263   Thumb Code     0  startup_msp432p401r_uvision.o(.text)
    EUSCIB1_IRQHandler                       0x00000263   Thumb Code     0  startup_msp432p401r_uvision.o(.text)
    EUSCIB2_IRQHandler                       0x00000263   Thumb Code     0  startup_msp432p401r_uvision.o(.text)
    EUSCIB3_IRQHandler                       0x00000263   Thumb Code     0  startup_msp432p401r_uvision.o(.text)
    FLCTL_IRQHandler                         0x00000263   Thumb Code     0  startup_msp432p401r_uvision.o(.text)
    FPU_IRQHandler                           0x00000263   Thumb Code     0  startup_msp432p401r_uvision.o(.text)
    PCM_IRQHandler                           0x00000263   Thumb Code     0  startup_msp432p401r_uvision.o(.text)
    PORT1_IRQHandler                         0x00000263   Thumb Code     0  startup_msp432p401r_uvision.o(.text)
    PORT2_IRQHandler                         0x00000263   Thumb Code     0  startup_msp432p401r_uvision.o(.text)
    PORT3_IRQHandler                         0x00000263   Thumb Code     0  startup_msp432p401r_uvision.o(.text)
    PORT4_IRQHandler                         0x00000263   Thumb Code     0  startup_msp432p401r_uvision.o(.text)
    PORT5_IRQHandler                         0x00000263   Thumb Code     0  startup_msp432p401r_uvision.o(.text)
    PORT6_IRQHandler                         0x00000263   Thumb Code     0  startup_msp432p401r_uvision.o(.text)
    PSS_IRQHandler                           0x00000263   Thumb Code     0  startup_msp432p401r_uvision.o(.text)
    RTC_C_IRQHandler                         0x00000263   Thumb Code     0  startup_msp432p401r_uvision.o(.text)
    T32_INT2_IRQHandler                      0x00000263   Thumb Code     0  startup_msp432p401r_uvision.o(.text)
    T32_INTC_IRQHandler                      0x00000263   Thumb Code     0  startup_msp432p401r_uvision.o(.text)
    TA0_0_IRQHandler                         0x00000263   Thumb Code     0  startup_msp432p401r_uvision.o(.text)
    TA0_N_IRQHandler                         0x00000263   Thumb Code     0  startup_msp432p401r_uvision.o(.text)
    TA1_N_IRQHandler                         0x00000263   Thumb Code     0  startup_msp432p401r_uvision.o(.text)
    TA2_N_IRQHandler                         0x00000263   Thumb Code     0  startup_msp432p401r_uvision.o(.text)
    TA3_N_IRQHandler                         0x00000263   Thumb Code     0  startup_msp432p401r_uvision.o(.text)
    WDT_A_IRQHandler                         0x00000263   Thumb Code     0  startup_msp432p401r_uvision.o(.text)
    __user_initial_stackheap                 0x00000265   Thumb Code    10  startup_msp432p401r_uvision.o(.text)
    __use_two_region_memory                  0x00000285   Thumb Code     2  heapauxi.o(.text)
    __rt_heap_escrow$2region                 0x00000287   Thumb Code     2  heapauxi.o(.text)
    __rt_heap_expand$2region                 0x00000289   Thumb Code     2  heapauxi.o(.text)
    __user_setup_stackheap                   0x0000028b   Thumb Code    74  sys_stackheap_outer.o(.text)
    exit                                     0x000002d5   Thumb Code    18  exit.o(.text)
    __user_libspace                          0x000002e9   Thumb Code     8  libspace.o(.text)
    __user_perproc_libspace                  0x000002e9   Thumb Code     0  libspace.o(.text)
    __user_perthread_libspace                0x000002e9   Thumb Code     0  libspace.o(.text)
    _sys_exit                                0x000002f1   Thumb Code     8  sys_exit.o(.text)
    __I$use$semihosting                      0x000002fd   Thumb Code     0  use_no_semi.o(.text)
    __use_no_semihosting_swi                 0x000002fd   Thumb Code     2  use_no_semi.o(.text)
    __semihosting_library_function           0x000002ff   Thumb Code     0  indicate_semi.o(.text)
    BSP_Accelerometer_Init                   0x00000301   Thumb Code    86  bsp.o(i.BSP_Accelerometer_Init)
    BSP_Accelerometer_Input                  0x00000361   Thumb Code   132  bsp.o(i.BSP_Accelerometer_Input)
    BSP_Button1_Init                         0x000003ed   Thumb Code    54  bsp.o(i.BSP_Button1_Init)
    BSP_Button1_Input                        0x00000429   Thumb Code     6  bsp.o(i.BSP_Button1_Input)
    BSP_Button2_Init                         0x00000435   Thumb Code    54  bsp.o(i.BSP_Button2_Init)
    BSP_Button2_Input                        0x00000471   Thumb Code     6  bsp.o(i.BSP_Button2_Input)
    BSP_Buzzer_Init                          0x0000047d   Thumb Code   132  bsp.o(i.BSP_Buzzer_Init)
    BSP_Buzzer_Set                           0x0000050d   Thumb Code    28  bsp.o(i.BSP_Buzzer_Set)
    BSP_Clock_GetFreq                        0x0000052d   Thumb Code     6  bsp.o(i.BSP_Clock_GetFreq)
    BSP_Clock_InitFastest                    0x00000539   Thumb Code   328  bsp.o(i.BSP_Clock_InitFastest)
    BSP_Delay1ms                             0x000006c1   Thumb Code    22  bsp.o(i.BSP_Delay1ms)
    BSP_LCD_Color565                         0x000006d7   Thumb Code    24  bsp.o(i.BSP_LCD_Color565)
    BSP_LCD_DrawChar                         0x000006f1   Thumb Code   260  bsp.o(i.BSP_LCD_DrawChar)
    BSP_LCD_DrawFastHLine                    0x00000801   Thumb Code   116  bsp.o(i.BSP_LCD_DrawFastHLine)
    BSP_LCD_DrawFastVLine                    0x0000087d   Thumb Code   116  bsp.o(i.BSP_LCD_DrawFastVLine)
    BSP_LCD_DrawPixel                        0x000008f9   Thumb Code    64  bsp.o(i.BSP_LCD_DrawPixel)
    BSP_LCD_DrawString                       0x00000941   Thumb Code    86  bsp.o(i.BSP_LCD_DrawString)
    BSP_LCD_Drawaxes                         0x00000999   Thumb Code   272  bsp.o(i.BSP_LCD_Drawaxes)
    BSP_LCD_FillRect                         0x00000abd   Thumb Code   164  bsp.o(i.BSP_LCD_FillRect)
    BSP_LCD_FillScreen                       0x00000b69   Thumb Code    28  bsp.o(i.BSP_LCD_FillScreen)
    BSP_LCD_Init                             0x00000b8d   Thumb Code    10  bsp.o(i.BSP_LCD_Init)
    BSP_LCD_OutUDec4                         0x00000b99   Thumb Code   116  bsp.o(i.BSP_LCD_OutUDec4)
    BSP_LCD_OutUFix2_1                       0x00000c21   Thumb Code    96  bsp.o(i.BSP_LCD_OutUFix2_1)
    BSP_LCD_PlotIncrement                    0x00000c91   Thumb Code    46  bsp.o(i.BSP_LCD_PlotIncrement)
    BSP_LCD_PlotPoint                        0x00000cc9   Thumb Code    86  bsp.o(i.BSP_LCD_PlotPoint)
    BSP_LCD_SetCursor                        0x00000d2d   Thumb Code    22  bsp.o(i.BSP_LCD_SetCursor)
    BSP_Microphone_Init                      0x00000d4d   Thumb Code    50  bsp.o(i.BSP_Microphone_Init)
    BSP_Microphone_Input                     0x00000d89   Thumb Code   106  bsp.o(i.BSP_Microphone_Input)
    BSP_RGB_Init                             0x00000dfd   Thumb Code   274  bsp.o(i.BSP_RGB_Init)
    BSP_RGB_Set                              0x00000f21   Thumb Code    68  bsp.o(i.BSP_RGB_Set)
    BSP_TempSensor_End                       0x00000f6d   Thumb Code    68  bsp.o(i.BSP_TempSensor_End)
    BSP_TempSensor_Init                      0x00000fb9   Thumb Code    60  bsp.o(i.BSP_TempSensor_Init)
    BSP_TempSensor_Start                     0x00000ff9   Thumb Code    22  bsp.o(i.BSP_TempSensor_Start)
    BSP_Time_Get                             0x00001015   Thumb Code    16  bsp.o(i.BSP_Time_Get)
    OS_AddPeriodicEventThreads               0x00001295   Thumb Code    24  os.o(i.OS_AddPeriodicEventThreads)
    OS_AddThreads                            0x000012bd   Thumb Code   104  os.o(i.OS_AddThreads)
    OS_Init                                  0x00001331   Thumb Code    12  os.o(i.OS_Init)
    OS_InitSemaphore                         0x0000133d   Thumb Code     4  os.o(i.OS_InitSemaphore)
    OS_Launch                                0x00001341   Thumb Code    48  os.o(i.OS_Launch)
    OS_MailBox_Init                          0x00001375   Thumb Code    16  os.o(i.OS_MailBox_Init)
    OS_MailBox_Recv                          0x00001391   Thumb Code    16  os.o(i.OS_MailBox_Recv)
    OS_MailBox_Send                          0x000013a9   Thumb Code    34  os.o(i.OS_MailBox_Send)
    OS_Signal                                0x000013d9   Thumb Code    18  os.o(i.OS_Signal)
    OS_Wait                                  0x000013eb   Thumb Code    34  os.o(i.OS_Wait)
    Profile_Init                             0x0000140d   Thumb Code   338  profile.o(i.Profile_Init)
    Scheduler                                0x000015d9   Thumb Code    82  os.o(i.Scheduler)
    SetInitialStack                          0x00001645   Thumb Code   324  os.o(i.SetInitialStack)
    SystemInit                               0x00001791   Thumb Code    74  system_msp432p401r.o(i.SystemInit)
    T32_INT1_IRQHandler                      0x000017f1   Thumb Code    16  bsp.o(i.T32_INT1_IRQHandler)
    TA1_0_IRQHandler                         0x00001809   Thumb Code    22  bsp.o(i.TA1_0_IRQHandler)
    TA2_0_IRQHandler                         0x00001829   Thumb Code    22  bsp.o(i.TA2_0_IRQHandler)
    TA3_0_IRQHandler                         0x00001849   Thumb Code    22  texas.o(i.TA3_0_IRQHandler)
    TExaS_Task0                              0x00001869   Thumb Code    50  texas.o(i.TExaS_Task0)
    TExaS_Task1                              0x000018a9   Thumb Code    50  texas.o(i.TExaS_Task1)
    TExaS_Task2                              0x000018e9   Thumb Code    50  texas.o(i.TExaS_Task2)
    TExaS_Task3                              0x00001929   Thumb Code    50  texas.o(i.TExaS_Task3)
    TExaS_Task4                              0x00001969   Thumb Code    50  texas.o(i.TExaS_Task4)
    TExaS_Task5                              0x000019a9   Thumb Code    50  texas.o(i.TExaS_Task5)
    Task0                                    0x000019e9   Thumb Code   122  lab2.o(i.Task0)
    Task0_Init                               0x00001a81   Thumb Code     8  lab2.o(i.Task0_Init)
    Task1                                    0x00001a89   Thumb Code    88  lab2.o(i.Task1)
    Task1_Init                               0x00001af5   Thumb Code    70  lab2.o(i.Task1_Init)
    Task2                                    0x00001b55   Thumb Code   474  lab2.o(i.Task2)
    Task3                                    0x00001d59   Thumb Code   204  lab2.o(i.Task3)
    Task4                                    0x00001e39   Thumb Code    62  lab2.o(i.Task4)
    Task5                                    0x00001e81   Thumb Code   248  lab2.o(i.Task5)
    drawaxes                                 0x00002151   Thumb Code   172  lab2.o(i.drawaxes)
    main                                     0x00002391   Thumb Code   110  lab2.o(i.main)
    sqrt32                                   0x000024ad   Thumb Code    30  lab2.o(i.sqrt32)
    Region$$Table$$Base                      0x00002b2c   Number         0  anon$$obj.o(Region$$Table)
    Region$$Table$$Limit                     0x00002b4c   Number         0  anon$$obj.o(Region$$Table)
    Time                                     0x20000000   Data           4  lab2.o(.data)
    Steps                                    0x20000004   Data           4  lab2.o(.data)
    Magnitude                                0x20000008   Data           4  lab2.o(.data)
    EWMA                                     0x2000000c   Data           4  lab2.o(.data)
    SoundData                                0x20000010   Data           2  lab2.o(.data)
    SoundAvg                                 0x20000014   Data           4  lab2.o(.data)
    LightData                                0x20000018   Data           4  lab2.o(.data)
    TemperatureData                          0x2000001c   Data           4  lab2.o(.data)
    NewData                                  0x20000020   Data           4  lab2.o(.data)
    LCDmutex                                 0x20000024   Data           4  lab2.o(.data)
    ReDrawAxes                               0x20000028   Data           4  lab2.o(.data)
    PlotState                                0x2000002c   Data           1  lab2.o(.data)
    AccX                                     0x2000002e   Data           2  lab2.o(.data)
    AccY                                     0x20000030   Data           2  lab2.o(.data)
    AccZ                                     0x20000032   Data           2  lab2.o(.data)
    AlgorithmState                           0x20000034   Data           1  lab2.o(.data)
    s1                                       0x20000038   Data           4  lab2.o(.data)
    s2                                       0x2000003c   Data           4  lab2.o(.data)
    Out                                      0x20000040   Data           4  lab2.o(.data)
    RunPt                                    0x20000050   Data           4  os.o(.data)
    PerThread0                               0x20000054   Data           4  os.o(.data)
    PerThread1                               0x20000058   Data           4  os.o(.data)
    PerThread0_Period                        0x2000005c   Data           4  os.o(.data)
    PerThread1_Period                        0x20000060   Data           4  os.o(.data)
    Mail                                     0x20000064   Data           4  os.o(.data)
    Sent                                     0x20000068   Data           4  os.o(.data)
    Lost                                     0x2000006c   Data           4  os.o(.data)
    StX                                      0x20000080   Data           4  bsp.o(.data)
    StY                                      0x20000084   Data           4  bsp.o(.data)
    StTextColor                              0x20000088   Data           2  bsp.o(.data)
    Messageindex                             0x20000090   Data           4  bsp.o(.data)
    TimeIndex                                0x20000094   Data           4  bsp.o(.data)
    Ymax                                     0x20000098   Data           4  bsp.o(.data)
    Ymin                                     0x2000009c   Data           4  bsp.o(.data)
    Yrange                                   0x200000a0   Data           4  bsp.o(.data)
    PlotBGColor                              0x200000a4   Data           2  bsp.o(.data)
    Prewait                                  0x200000a8   Data           4  bsp.o(.data)
    CPMwait                                  0x200000ac   Data           4  bsp.o(.data)
    Postwait                                 0x200000b0   Data           4  bsp.o(.data)
    IFlags                                   0x200000b4   Data           4  bsp.o(.data)
    Crystalstable                            0x200000b8   Data           4  bsp.o(.data)
    PeriodicTask                             0x200000bc   Data           4  bsp.o(.data)
    PeriodicTaskB                            0x200000c0   Data           4  bsp.o(.data)
    PeriodicTaskC                            0x200000c4   Data           4  bsp.o(.data)
    LightBusy                                0x200000c8   Data           4  bsp.o(.data)
    TempBusy                                 0x200000cc   Data           4  bsp.o(.data)
    LogicData                                0x200000d0   Data           1  texas.o(.data)
    Id                                       0x200000d4   Data           4  texas.o(.data)
    Index0                                   0x200000d8   Data           4  texas.o(.data)
    Index1                                   0x200000dc   Data           4  texas.o(.data)
    Index2                                   0x200000e0   Data           4  texas.o(.data)
    Index3                                   0x200000e4   Data           4  texas.o(.data)
    Index4                                   0x200000e8   Data           4  texas.o(.data)
    Index5                                   0x200000ec   Data           4  texas.o(.data)
    PeriodicTask2                            0x200000f0   Data           4  texas.o(.data)
    Messageindexb                            0x200000f4   Data           4  texas.o(.data)
    Messageb                                 0x200000f8   Data           8  texas.o(.data)
    SoundArray                               0x20000104   Data        2000  lab2.o(.bss)
    tcbs                                     0x200008d4   Data          32  os.o(.bss)
    Stacks                                   0x200008f4   Data        1600  os.o(.bss)
    Message                                  0x20000f34   Data          12  bsp.o(.bss)
    MagicCode                                0x20000f40   Data          10  texas.o(.bss)
    EncriptedMagicCode                       0x20000f4a   Data          10  texas.o(.bss)
    TimeBuffer0                              0x20000f54   Data         400  texas.o(.bss)
    TimeBuffer1                              0x200010e4   Data         400  texas.o(.bss)
    TimeBuffer2                              0x20001274   Data         400  texas.o(.bss)
    TimeBuffer3                              0x20001404   Data         400  texas.o(.bss)
    TimeBuffer4                              0x20001594   Data          40  texas.o(.bss)
    TimeBuffer5                              0x200015bc   Data          40  texas.o(.bss)
    __libspace_start                         0x200015e4   Data          96  libspace.o(.bss)
    __temporary_stack_top$libspace           0x20001644   Data           0  libspace.o(.bss)



==============================================================================

Memory Map of the image

  Image Entry point : 0x00000249

  Load Region LR_1 (Base: 0x00000000, Size: 0x00002c50, Max: 0xffffffff, ABSOLUTE)

    Execution Region ER_RO (Base: 0x00000000, Size: 0x00002b4c, Max: 0xffffffff, ABSOLUTE)

    Base Addr    Size         Type   Attr      Idx    E Section Name        Object

    0x00000000   0x00000144   Data   RO         1113    RESET               startup_msp432p401r_uvision.o
    0x00000144   0x00000008   Code   RO         1171  * !!!main             c_w.l(__main.o)
    0x0000014c   0x00000034   Code   RO         1355    !!!scatter          c_w.l(__scatter.o)
    0x00000180   0x0000001a   Code   RO         1357    !!handler_copy      c_w.l(__scatter_copy.o)
    0x0000019a   0x00000002   PAD
    0x0000019c   0x0000001c   Code   RO         1359    !!handler_zi        c_w.l(__scatter_zi.o)
    0x000001b8   0x00000002   Code   RO         1225    .ARM.Collect$$libinit$$00000000  c_w.l(libinit.o)
    0x000001ba   0x00000000   Code   RO         1232    .ARM.Collect$$libinit$$00000002  c_w.l(libinit2.o)
    0x000001ba   0x00000000   Code   RO         1234    .ARM.Collect$$libinit$$00000004  c_w.l(libinit2.o)
    0x000001ba   0x00000000   Code   RO         1237    .ARM.Collect$$libinit$$0000000A  c_w.l(libinit2.o)
    0x000001ba   0x00000000   Code   RO         1239    .ARM.Collect$$libinit$$0000000C  c_w.l(libinit2.o)
    0x000001ba   0x00000000   Code   RO         1241    .ARM.Collect$$libinit$$0000000E  c_w.l(libinit2.o)
    0x000001ba   0x00000000   Code   RO         1244    .ARM.Collect$$libinit$$00000011  c_w.l(libinit2.o)
    0x000001ba   0x00000000   Code   RO         1246    .ARM.Collect$$libinit$$00000013  c_w.l(libinit2.o)
    0x000001ba   0x00000000   Code   RO         1248    .ARM.Collect$$libinit$$00000015  c_w.l(libinit2.o)
    0x000001ba   0x00000000   Code   RO         1250    .ARM.Collect$$libinit$$00000017  c_w.l(libinit2.o)
    0x000001ba   0x00000000   Code   RO         1252    .ARM.Collect$$libinit$$00000019  c_w.l(libinit2.o)
    0x000001ba   0x00000000   Code   RO         1254    .ARM.Collect$$libinit$$0000001B  c_w.l(libinit2.o)
    0x000001ba   0x00000000   Code   RO         1256    .ARM.Collect$$libinit$$0000001D  c_w.l(libinit2.o)
    0x000001ba   0x00000000   Code   RO         1258    .ARM.Collect$$libinit$$0000001F  c_w.l(libinit2.o)
    0x000001ba   0x00000000   Code   RO         1260    .ARM.Collect$$libinit$$00000021  c_w.l(libinit2.o)
    0x000001ba   0x00000000   Code   RO         1262    .ARM.Collect$$libinit$$00000023  c_w.l(libinit2.o)
    0x000001ba   0x00000000   Code   RO         1264    .ARM.Collect$$libinit$$00000025  c_w.l(libinit2.o)
    0x000001ba   0x00000000   Code   RO         1268    .ARM.Collect$$libinit$$0000002C  c_w.l(libinit2.o)
    0x000001ba   0x00000000   Code   RO         1270    .ARM.Collect$$libinit$$0000002E  c_w.l(libinit2.o)
    0x000001ba   0x00000000   Code   RO         1272    .ARM.Collect$$libinit$$00000030  c_w.l(libinit2.o)
    0x000001ba   0x00000000   Code   RO         1274    .ARM.Collect$$libinit$$00000032  c_w.l(libinit2.o)
    0x000001ba   0x00000002   Code   RO         1275    .ARM.Collect$$libinit$$00000033  c_w.l(libinit2.o)
    0x000001bc   0x00000002   Code   RO         1295    .ARM.Collect$$libshutdown$$00000000  c_w.l(libshutdown.o)
    0x000001be   0x00000000   Code   RO         1308    .ARM.Collect$$libshutdown$$00000002  c_w.l(libshutdown2.o)
    0x000001be   0x00000000   Code   RO         1310    .ARM.Collect$$libshutdown$$00000004  c_w.l(libshutdown2.o)
    0x000001be   0x00000000   Code   RO         1313    .ARM.Collect$$libshutdown$$00000007  c_w.l(libshutdown2.o)
    0x000001be   0x00000000   Code   RO         1316    .ARM.Collect$$libshutdown$$0000000A  c_w.l(libshutdown2.o)
    0x000001be   0x00000000   Code   RO         1318    .ARM.Collect$$libshutdown$$0000000C  c_w.l(libshutdown2.o)
    0x000001be   0x00000000   Code   RO         1321    .ARM.Collect$$libshutdown$$0000000F  c_w.l(libshutdown2.o)
    0x000001be   0x00000002   Code   RO         1322    .ARM.Collect$$libshutdown$$00000010  c_w.l(libshutdown2.o)
    0x000001c0   0x00000000   Code   RO         1195    .ARM.Collect$$rtentry$$00000000  c_w.l(__rtentry.o)
    0x000001c0   0x00000000   Code   RO         1202    .ARM.Collect$$rtentry$$00000002  c_w.l(__rtentry2.o)
    0x000001c0   0x00000006   Code   RO         1214    .ARM.Collect$$rtentry$$00000004  c_w.l(__rtentry4.o)
    0x000001c6   0x00000000   Code   RO         1204    .ARM.Collect$$rtentry$$00000009  c_w.l(__rtentry2.o)
    0x000001c6   0x00000004   Code   RO         1205    .ARM.Collect$$rtentry$$0000000A  c_w.l(__rtentry2.o)
    0x000001ca   0x00000000   Code   RO         1207    .ARM.Collect$$rtentry$$0000000C  c_w.l(__rtentry2.o)
    0x000001ca   0x00000008   Code   RO         1208    .ARM.Collect$$rtentry$$0000000D  c_w.l(__rtentry2.o)
    0x000001d2   0x00000002   Code   RO         1229    .ARM.Collect$$rtexit$$00000000  c_w.l(rtexit.o)
    0x000001d4   0x00000000   Code   RO         1277    .ARM.Collect$$rtexit$$00000002  c_w.l(rtexit2.o)
    0x000001d4   0x00000004   Code   RO         1278    .ARM.Collect$$rtexit$$00000003  c_w.l(rtexit2.o)
    0x000001d8   0x00000006   Code   RO         1279    .ARM.Collect$$rtexit$$00000004  c_w.l(rtexit2.o)
    0x000001de   0x00000002   PAD
    0x000001e0   0x00000006   Code   RO          226    .emb_text           bsp.o
    0x000001e6   0x00000002   PAD
    0x000001e8   0x00000020   Code   RO          743    .emb_text           cortexm.o
    0x00000208   0x00000040   Code   RO          131    .text               osasm.o
    0x00000248   0x0000003c   Code   RO         1114  * .text               startup_msp432p401r_uvision.o
    0x00000284   0x00000006   Code   RO         1169    .text               c_w.l(heapauxi.o)
    0x0000028a   0x0000004a   Code   RO         1216    .text               c_w.l(sys_stackheap_outer.o)
    0x000002d4   0x00000012   Code   RO         1218    .text               c_w.l(exit.o)
    0x000002e6   0x00000002   PAD
    0x000002e8   0x00000008   Code   RO         1226    .text               c_w.l(libspace.o)
    0x000002f0   0x0000000c   Code   RO         1287    .text               c_w.l(sys_exit.o)
    0x000002fc   0x00000002   Code   RO         1298    .text               c_w.l(use_no_semi.o)
    0x000002fe   0x00000000   Code   RO         1300    .text               c_w.l(indicate_semi.o)
    0x000002fe   0x00000002   PAD
    0x00000300   0x00000060   Code   RO          227    i.BSP_Accelerometer_Init  bsp.o
    0x00000360   0x0000008c   Code   RO          228    i.BSP_Accelerometer_Input  bsp.o
    0x000003ec   0x0000003c   Code   RO          229    i.BSP_Button1_Init  bsp.o
    0x00000428   0x0000000c   Code   RO          230    i.BSP_Button1_Input  bsp.o
    0x00000434   0x0000003c   Code   RO          231    i.BSP_Button2_Init  bsp.o
    0x00000470   0x0000000c   Code   RO          232    i.BSP_Button2_Input  bsp.o
    0x0000047c   0x00000090   Code   RO          233    i.BSP_Buzzer_Init   bsp.o
    0x0000050c   0x00000020   Code   RO          234    i.BSP_Buzzer_Set    bsp.o
    0x0000052c   0x0000000c   Code   RO          235    i.BSP_Clock_GetFreq  bsp.o
    0x00000538   0x00000188   Code   RO          236    i.BSP_Clock_InitFastest  bsp.o
    0x000006c0   0x00000016   Code   RO          237    i.BSP_Delay1ms      bsp.o
    0x000006d6   0x00000018   Code   RO          240    i.BSP_LCD_Color565  bsp.o
    0x000006ee   0x00000002   PAD
    0x000006f0   0x00000110   Code   RO          242    i.BSP_LCD_DrawChar  bsp.o
    0x00000800   0x0000007c   Code   RO          244    i.BSP_LCD_DrawFastHLine  bsp.o
    0x0000087c   0x0000007c   Code   RO          245    i.BSP_LCD_DrawFastVLine  bsp.o
    0x000008f8   0x00000048   Code   RO          246    i.BSP_LCD_DrawPixel  bsp.o
    0x00000940   0x00000056   Code   RO          247    i.BSP_LCD_DrawString  bsp.o
    0x00000996   0x00000002   PAD
    0x00000998   0x00000124   Code   RO          248    i.BSP_LCD_Drawaxes  bsp.o
    0x00000abc   0x000000ac   Code   RO          249    i.BSP_LCD_FillRect  bsp.o
    0x00000b68   0x00000024   Code   RO          250    i.BSP_LCD_FillScreen  bsp.o
    0x00000b8c   0x0000000a   Code   RO          251    i.BSP_LCD_Init      bsp.o
    0x00000b96   0x00000002   PAD
    0x00000b98   0x00000088   Code   RO          253    i.BSP_LCD_OutUDec4  bsp.o
    0x00000c20   0x00000070   Code   RO          255    i.BSP_LCD_OutUFix2_1  bsp.o
    0x00000c90   0x00000038   Code   RO          257    i.BSP_LCD_PlotIncrement  bsp.o
    0x00000cc8   0x00000064   Code   RO          258    i.BSP_LCD_PlotPoint  bsp.o
    0x00000d2c   0x00000020   Code   RO          259    i.BSP_LCD_SetCursor  bsp.o
    0x00000d4c   0x0000003c   Code   RO          265    i.BSP_Microphone_Init  bsp.o
    0x00000d88   0x00000074   Code   RO          266    i.BSP_Microphone_Input  bsp.o
    0x00000dfc   0x00000124   Code   RO          276    i.BSP_RGB_Init      bsp.o
    0x00000f20   0x0000004c   Code   RO          277    i.BSP_RGB_Set       bsp.o
    0x00000f6c   0x0000004c   Code   RO          278    i.BSP_TempSensor_End  bsp.o
    0x00000fb8   0x00000040   Code   RO          279    i.BSP_TempSensor_Init  bsp.o
    0x00000ff8   0x0000001c   Code   RO          281    i.BSP_TempSensor_Start  bsp.o
    0x00001014   0x00000014   Code   RO          282    i.BSP_Time_Get      bsp.o
    0x00001028   0x000000bc   Code   RO          284    i.I2C_Recv2         bsp.o
    0x000010e4   0x000000a0   Code   RO          285    i.I2C_Send1         bsp.o
    0x00001184   0x00000110   Code   RO          286    i.I2C_Send3         bsp.o
    0x00001294   0x00000028   Code   RO          135    i.OS_AddPeriodicEventThreads  os.o
    0x000012bc   0x00000074   Code   RO          136    i.OS_AddThreads     os.o
    0x00001330   0x0000000c   Code   RO          138    i.OS_Init           os.o
    0x0000133c   0x00000004   Code   RO          139    i.OS_InitSemaphore  os.o
    0x00001340   0x00000034   Code   RO          140    i.OS_Launch         os.o
    0x00001374   0x0000001c   Code   RO          141    i.OS_MailBox_Init   os.o
    0x00001390   0x00000018   Code   RO          142    i.OS_MailBox_Recv   os.o
    0x000013a8   0x00000030   Code   RO          143    i.OS_MailBox_Send   os.o
    0x000013d8   0x00000012   Code   RO          144    i.OS_Signal         os.o
    0x000013ea   0x00000022   Code   RO          145    i.OS_Wait           os.o
    0x0000140c   0x00000158   Code   RO          763    i.Profile_Init      profile.o
    0x00001564   0x00000074   Code   RO          287    i.ST7735_InitR      bsp.o
    0x000015d8   0x0000006c   Code   RO          146    i.Scheduler         os.o
    0x00001644   0x0000014c   Code   RO          147    i.SetInitialStack   os.o
    0x00001790   0x00000060   Code   RO         1122    i.SystemInit        system_msp432p401r.o
    0x000017f0   0x00000018   Code   RO          288    i.T32_INT1_IRQHandler  bsp.o
    0x00001808   0x00000020   Code   RO          289    i.TA1_0_IRQHandler  bsp.o
    0x00001828   0x00000020   Code   RO          290    i.TA2_0_IRQHandler  bsp.o
    0x00001848   0x00000020   Code   RO          807    i.TA3_0_IRQHandler  texas.o
    0x00001868   0x00000040   Code   RO          810    i.TExaS_Task0       texas.o
    0x000018a8   0x00000040   Code   RO          811    i.TExaS_Task1       texas.o
    0x000018e8   0x00000040   Code   RO          812    i.TExaS_Task2       texas.o
    0x00001928   0x00000040   Code   RO          813    i.TExaS_Task3       texas.o
    0x00001968   0x00000040   Code   RO          814    i.TExaS_Task4       texas.o
    0x000019a8   0x00000040   Code   RO          815    i.TExaS_Task5       texas.o
    0x000019e8   0x00000098   Code   RO            2    i.Task0             lab2.o
    0x00001a80   0x00000008   Code   RO            3    i.Task0_Init        lab2.o
    0x00001a88   0x0000006c   Code   RO            4    i.Task1             lab2.o
    0x00001af4   0x00000060   Code   RO            5    i.Task1_Init        lab2.o
    0x00001b54   0x00000204   Code   RO            6    i.Task2             lab2.o
    0x00001d58   0x000000e0   Code   RO            7    i.Task3             lab2.o
    0x00001e38   0x00000048   Code   RO            8    i.Task4             lab2.o
    0x00001e80   0x0000013c   Code   RO            9    i.Task5             lab2.o
    0x00001fbc   0x00000040   Code   RO          291    i.adcinit           bsp.o
    0x00001ffc   0x00000056   Code   RO          292    i.commandList       bsp.o
    0x00002052   0x00000002   PAD
    0x00002054   0x000000fc   Code   RO          293    i.commonInit        bsp.o
    0x00002150   0x000000dc   Code   RO           10    i.drawaxes          lab2.o
    0x0000222c   0x00000048   Code   RO          294    i.fillmessage       bsp.o
    0x00002274   0x00000060   Code   RO          295    i.fillmessage2_1    bsp.o
    0x000022d4   0x00000064   Code   RO          297    i.fillmessage4      bsp.o
    0x00002338   0x00000058   Code   RO          299    i.i2cinit           bsp.o
    0x00002390   0x00000094   Code   RO           11    i.main              lab2.o
    0x00002424   0x00000012   Code   RO          302    i.pushColor         bsp.o
    0x00002436   0x00000002   PAD
    0x00002438   0x00000074   Code   RO          303    i.setAddrWindow     bsp.o
    0x000024ac   0x0000001e   Code   RO           17    i.sqrt32            lab2.o
    0x000024ca   0x00000044   Code   RO          304    i.tempsensorend     bsp.o
    0x0000250e   0x00000012   Code   RO          305    i.tempsensorstart   bsp.o
    0x00002520   0x00000048   Code   RO          306    i.writecommand      bsp.o
    0x00002568   0x00000048   Code   RO          307    i.writedata         bsp.o
    0x000025b0   0x0000057b   Data   RO          309    .constdata          bsp.o
    0x00002b2b   0x00000001   PAD
    0x00002b2c   0x00000020   Data   RO         1353    Region$$Table       anon$$obj.o


    Execution Region ER_RW (Base: 0x20000000, Size: 0x00000104, Max: 0xffffffff, ABSOLUTE)

    Base Addr    Size         Type   Attr      Idx    E Section Name        Object

    0x20000000   0x0000004e   Data   RW           19    .data               lab2.o
    0x2000004e   0x00000002   PAD
    0x20000050   0x00000024   Data   RW          149    .data               os.o
    0x20000074   0x0000005c   Data   RW          310    .data               bsp.o
    0x200000d0   0x00000034   Data   RW          839    .data               texas.o


    Execution Region ER_ZI (Base: 0x20000104, Size: 0x00001744, Max: 0xffffffff, ABSOLUTE)

    Base Addr    Size         Type   Attr      Idx    E Section Name        Object

    0x20000104   0x000007d0   Zero   RW           18    .bss                lab2.o
    0x200008d4   0x00000660   Zero   RW          148    .bss                os.o
    0x20000f34   0x0000000c   Zero   RW          308    .bss                bsp.o
    0x20000f40   0x000006a4   Zero   RW          837    .bss                texas.o
    0x200015e4   0x00000060   Zero   RW         1227    .bss                c_w.l(libspace.o)
    0x20001644   0x00000004   PAD
    0x20001648   0x00000000   Zero   RW         1112    HEAP                startup_msp432p401r_uvision.o
    0x20001648   0x00000200   Zero   RW         1111    STACK               startup_msp432p401r_uvision.o


==============================================================================

Image component sizes


      Code (inc. data)   RO Data    RW Data    ZI Data      Debug   Object Name

      5314        520       1403         92         12      32515   bsp.o
        32          0          0          0          0        536   cortexm.o
      1890        302          0         78       2000      12099   lab2.o
       816        100          0         36       1632       6609   os.o
        64          4          0          0          0        256   osasm.o
       344          6          0          0          0        487   profile.o
        60         22        324          0        512        872   startup_msp432p401r_uvision.o
        96         22          0          0          0        473   system_msp432p401r.o
       416         94          0         52       1700       9951   texas.o

    ----------------------------------------------------------------------
      9044       1070       1760        260       5856      63798   Object Totals
         0          0         32          0          0          0   (incl. Generated)
        12          0          1          2          0          0   (incl. Padding)

    ----------------------------------------------------------------------

      Code (inc. data)   RO Data    RW Data    ZI Data      Debug   Library Member Name

         8          0          0          0          0         68   __main.o
         0          0          0          0          0          0   __rtentry.o
        12          0          0          0          0          0   __rtentry2.o
         6          0          0          0          0          0   __rtentry4.o
        52          8          0          0          0          0   __scatter.o
        26          0          0          0          0          0   __scatter_copy.o
        28          0          0          0          0          0   __scatter_zi.o
        18          0          0          0          0         80   exit.o
         6          0          0          0          0        152   heapauxi.o
         0          0          0          0          0          0   indicate_semi.o
         2          0          0          0          0          0   libinit.o
         2          0          0          0          0          0   libinit2.o
         2          0          0          0          0          0   libshutdown.o
         2          0          0          0          0          0   libshutdown2.o
         8          4          0          0         96         68   libspace.o
         2          0          0          0          0          0   rtexit.o
        10          0          0          0          0          0   rtexit2.o
        12          4          0          0          0         68   sys_exit.o
        74          0          0          0          0         80   sys_stackheap_outer.o
         2          0          0          0          0         68   use_no_semi.o

    ----------------------------------------------------------------------
       280         16          0          0        100        584   Library Totals
         8          0          0          0          4          0   (incl. Padding)

    ----------------------------------------------------------------------

      Code (inc. data)   RO Data    RW Data    ZI Data      Debug   Library Name

       272         16          0          0         96        584   c_w.l

    ----------------------------------------------------------------------
       280         16          0          0        100        584   Library Totals

    ----------------------------------------------------------------------

==============================================================================


      Code (inc. data)   RO Data    RW Data    ZI Data      Debug   

      9324       1086       1760        260       5956      59854   Grand Totals
      9324       1086       1760        260       5956      59854   ELF Image Totals
      9324       1086       1760        260          0          0   ROM Totals

==============================================================================

    Total RO  Size (Code + RO Data)                11084 (  10.82kB)
    Total RW  Size (RW Data + ZI Data)              6216 (   6.07kB)
    Total ROM Size (Code + RO Data + RW Data)      11344 (  11.08kB)

==============================================================================

