Component: ARM Compiler 5.06 update 3 (build 300) Tool: armlink [4d35c9]

==============================================================================

Section Cross References

    bsp.o(i.BSP_Accelerometer_Init) refers to bsp.o(i.adcinit) for adcinit
    bsp.o(i.BSP_Buzzer_Init) refers to bsp.o(.data) for SubsystemFrequency
    bsp.o(i.BSP_Buzzer_Set) refers to bsp.o(.data) for PWMCycles
    bsp.o(i.BSP_Clock_GetFreq) refers to bsp.o(.data) for ClockFrequency
    bsp.o(i.BSP_Clock_InitFastest) refers to bsp.o(.data) for Prewait
    bsp.o(i.BSP_Delay1ms) refers to bsp.o(.emb_text) for parrotdelay
    bsp.o(i.BSP_Joystick_Init) refers to bsp.o(i.adcinit) for adcinit
    bsp.o(i.BSP_LCD_DrawBitmap) refers to bsp.o(i.setAddrWindow) for setAddrWindow
    bsp.o(i.BSP_LCD_DrawBitmap) refers to bsp.o(i.writedata) for writedata
    bsp.o(i.BSP_LCD_DrawBitmap) refers to bsp.o(.data) for _width
    bsp.o(i.BSP_LCD_DrawChar) refers to bsp.o(i.setAddrWindow) for setAddrWindow
    bsp.o(i.BSP_LCD_DrawChar) refers to bsp.o(i.pushColor) for pushColor
    bsp.o(i.BSP_LCD_DrawChar) refers to bsp.o(.data) for _width
    bsp.o(i.BSP_LCD_DrawChar) refers to bsp.o(.constdata) for Font
    bsp.o(i.BSP_LCD_DrawCharS) refers to bsp.o(i.BSP_LCD_DrawPixel) for BSP_LCD_DrawPixel
    bsp.o(i.BSP_LCD_DrawCharS) refers to bsp.o(i.BSP_LCD_FillRect) for BSP_LCD_FillRect
    bsp.o(i.BSP_LCD_DrawCharS) refers to bsp.o(.data) for _width
    bsp.o(i.BSP_LCD_DrawCharS) refers to bsp.o(.constdata) for Font
    bsp.o(i.BSP_LCD_DrawFastHLine) refers to bsp.o(i.setAddrWindow) for setAddrWindow
    bsp.o(i.BSP_LCD_DrawFastHLine) refers to bsp.o(i.writedata) for writedata
    bsp.o(i.BSP_LCD_DrawFastHLine) refers to bsp.o(.data) for _width
    bsp.o(i.BSP_LCD_DrawFastVLine) refers to bsp.o(i.setAddrWindow) for setAddrWindow
    bsp.o(i.BSP_LCD_DrawFastVLine) refers to bsp.o(i.writedata) for writedata
    bsp.o(i.BSP_LCD_DrawFastVLine) refers to bsp.o(.data) for _width
    bsp.o(i.BSP_LCD_DrawPixel) refers to bsp.o(i.setAddrWindow) for setAddrWindow
    bsp.o(i.BSP_LCD_DrawPixel) refers to bsp.o(i.pushColor) for pushColor
    bsp.o(i.BSP_LCD_DrawPixel) refers to bsp.o(.data) for _width
    bsp.o(i.BSP_LCD_DrawString) refers to bsp.o(i.BSP_LCD_DrawChar) for BSP_LCD_DrawChar
    bsp.o(i.BSP_LCD_Drawaxes) refers to bsp.o(i.BSP_LCD_FillRect) for BSP_LCD_FillRect
    bsp.o(i.BSP_LCD_Drawaxes) refers to bsp.o(i.BSP_LCD_DrawFastHLine) for BSP_LCD_DrawFastHLine
    bsp.o(i.BSP_LCD_Drawaxes) refers to bsp.o(i.BSP_LCD_DrawFastVLine) for BSP_LCD_DrawFastVLine
    bsp.o(i.BSP_LCD_Drawaxes) refers to bsp.o(i.BSP_LCD_DrawPixel) for BSP_LCD_DrawPixel
    bsp.o(i.BSP_LCD_Drawaxes) refers to bsp.o(i.BSP_LCD_DrawChar) for BSP_LCD_DrawChar
    bsp.o(i.BSP_LCD_Drawaxes) refers to bsp.o(.data) for Ymax
    bsp.o(i.BSP_LCD_FillRect) refers to bsp.o(i.setAddrWindow) for setAddrWindow
    bsp.o(i.BSP_LCD_FillRect) refers to bsp.o(i.writedata) for writedata
    bsp.o(i.BSP_LCD_FillRect) refers to bsp.o(.data) for _width
    bsp.o(i.BSP_LCD_FillScreen) refers to bsp.o(i.BSP_LCD_FillRect) for BSP_LCD_FillRect
    bsp.o(i.BSP_LCD_FillScreen) refers to bsp.o(.data) for _height
    bsp.o(i.BSP_LCD_Init) refers to bsp.o(i.ST7735_InitR) for ST7735_InitR
    bsp.o(i.BSP_LCD_OutUDec) refers to bsp.o(i.fillmessage) for fillmessage
    bsp.o(i.BSP_LCD_OutUDec) refers to bsp.o(i.BSP_LCD_DrawString) for BSP_LCD_DrawString
    bsp.o(i.BSP_LCD_OutUDec) refers to bsp.o(i.BSP_LCD_DrawChar) for BSP_LCD_DrawChar
    bsp.o(i.BSP_LCD_OutUDec) refers to bsp.o(.data) for StTextColor
    bsp.o(i.BSP_LCD_OutUDec) refers to bsp.o(.bss) for Message
    bsp.o(i.BSP_LCD_OutUDec4) refers to bsp.o(i.fillmessage4) for fillmessage4
    bsp.o(i.BSP_LCD_OutUDec4) refers to bsp.o(i.BSP_LCD_DrawString) for BSP_LCD_DrawString
    bsp.o(i.BSP_LCD_OutUDec4) refers to bsp.o(i.BSP_LCD_DrawChar) for BSP_LCD_DrawChar
    bsp.o(i.BSP_LCD_OutUDec4) refers to bsp.o(.data) for Messageindex
    bsp.o(i.BSP_LCD_OutUDec4) refers to bsp.o(.bss) for Message
    bsp.o(i.BSP_LCD_OutUDec5) refers to bsp.o(i.fillmessage5) for fillmessage5
    bsp.o(i.BSP_LCD_OutUDec5) refers to bsp.o(i.BSP_LCD_DrawString) for BSP_LCD_DrawString
    bsp.o(i.BSP_LCD_OutUDec5) refers to bsp.o(i.BSP_LCD_DrawChar) for BSP_LCD_DrawChar
    bsp.o(i.BSP_LCD_OutUDec5) refers to bsp.o(.data) for Messageindex
    bsp.o(i.BSP_LCD_OutUDec5) refers to bsp.o(.bss) for Message
    bsp.o(i.BSP_LCD_OutUFix2_1) refers to bsp.o(i.fillmessage2_1) for fillmessage2_1
    bsp.o(i.BSP_LCD_OutUFix2_1) refers to bsp.o(i.BSP_LCD_DrawString) for BSP_LCD_DrawString
    bsp.o(i.BSP_LCD_OutUFix2_1) refers to bsp.o(i.BSP_LCD_DrawChar) for BSP_LCD_DrawChar
    bsp.o(i.BSP_LCD_OutUFix2_1) refers to bsp.o(.data) for StY
    bsp.o(i.BSP_LCD_OutUFix2_1) refers to bsp.o(.bss) for Message
    bsp.o(i.BSP_LCD_OutUHex2) refers to bsp.o(i.fillmessage2_Hex) for fillmessage2_Hex
    bsp.o(i.BSP_LCD_OutUHex2) refers to bsp.o(i.BSP_LCD_DrawString) for BSP_LCD_DrawString
[...]
    .ARM.Collect$$libshutdown$$0000000C      0x00000202   Section        0  libshutdown2.o(.ARM.Collect$$libshutdown$$0000000C)
    .ARM.Collect$$libshutdown$$0000000F      0x00000202   Section        0  libshutdown2.o(.ARM.Collect$$libshutdown$$0000000F)
    .ARM.Collect$$libshutdown$$00000010      0x00000202   Section        2  libshutdown2.o(.ARM.Collect$$libshutdown$$00000010)
    .ARM.Collect$$rtentry$$00000000          0x00000204   Section        0  __rtentry.o(.ARM.Collect$$rtentry$$00000000)
    .ARM.Collect$$rtentry$$00000002          0x00000204   Section        0  __rtentry2.o(.ARM.Collect$$rtentry$$00000002)
    .ARM.Collect$$rtentry$$00000004          0x00000204   Section        6  __rtentry4.o(.ARM.Collect$$rtentry$$00000004)
    .ARM.Collect$$rtentry$$00000009          0x0000020a   Section        0  __rtentry2.o(.ARM.Collect$$rtentry$$00000009)
    .ARM.Collect$$rtentry$$0000000A          0x0000020a   Section        4  __rtentry2.o(.ARM.Collect$$rtentry$$0000000A)
    .ARM.Collect$$rtentry$$0000000C          0x0000020e   Section        0  __rtentry2.o(.ARM.Collect$$rtentry$$0000000C)
    .ARM.Collect$$rtentry$$0000000D          0x0000020e   Section        8  __rtentry2.o(.ARM.Collect$$rtentry$$0000000D)
    .ARM.Collect$$rtexit$$00000000           0x00000216   Section        2  rtexit.o(.ARM.Collect$$rtexit$$00000000)
    .ARM.Collect$$rtexit$$00000002           0x00000218   Section        0  rtexit2.o(.ARM.Collect$$rtexit$$00000002)
    .ARM.Collect$$rtexit$$00000003           0x00000218   Section        4  rtexit2.o(.ARM.Collect$$rtexit$$00000003)
    .ARM.Collect$$rtexit$$00000004           0x0000021c   Section        6  rtexit2.o(.ARM.Collect$$rtexit$$00000004)
    .emb_text                                0x00000224   Section        6  bsp.o(.emb_text)
    $v0                                      0x00000224   Number         0  bsp.o(.emb_text)
    .emb_text                                0x0000022c   Section       32  cortexm.o(.emb_text)
    $v0                                      0x0000022c   Number         0  cortexm.o(.emb_text)
    .text                                    0x0000024c   Section       60  startup_msp432p401r_uvision.o(.text)
    $v0                                      0x0000024c   Number         0  startup_msp432p401r_uvision.o(.text)
    .text                                    0x00000288   Section        0  heapauxi.o(.text)
    .text                                    0x0000028e   Section       74  sys_stackheap_outer.o(.text)
    .text                                    0x000002d8   Section        0  exit.o(.text)
    .text                                    0x000002ec   Section        8  libspace.o(.text)
    .text                                    0x000002f4   Section        0  sys_exit.o(.text)
    .text                                    0x00000300   Section        2  use_no_semi.o(.text)
    .text                                    0x00000302   Section        0  indicate_semi.o(.text)
    i.AP_BackgroundProcess                   0x00000304   Section        0  ap.o(i.AP_BackgroundProcess)
    i.AP_EchoReceived                        0x0000050c   Section        0  ap.o(i.AP_EchoReceived)
    i.AP_EchoSendMessage                     0x00000570   Section        0  ap.o(i.AP_EchoSendMessage)
    i.AP_GetNotifyCCCD                       0x000005c4   Section        0  ap.o(i.AP_GetNotifyCCCD)
    i.AP_GetSize                             0x000005d8   Section        0  ap.o(i.AP_GetSize)
    i.AP_Init                                0x000005e8   Section        0  ap.o(i.AP_Init)
    i.AP_RecvMessage                         0x000006cc   Section        0  ap.o(i.AP_RecvMessage)
    i.AP_RecvStatus                          0x00000830   Section        0  ap.o(i.AP_RecvStatus)
    i.AP_Reset                               0x00000840   Section        0  ap.o(i.AP_Reset)
    i.AP_SendMessage                         0x00000878   Section        0  ap.o(i.AP_SendMessage)
    i.AP_SendMessageResponse                 0x00000960   Section        0  ap.o(i.AP_SendMessageResponse)
    i.AP_SendNotification                    0x0000099c   Section        0  ap.o(i.AP_SendNotification)
    i.BSP_Accelerometer_Init                 0x00000a6c   Section        0  bsp.o(i.BSP_Accelerometer_Init)
    i.BSP_Accelerometer_Input                0x00000acc   Section        0  bsp.o(i.BSP_Accelerometer_Input)
    i.BSP_Button1_Init                       0x00000b58   Section        0  bsp.o(i.BSP_Button1_Init)
    i.BSP_Button1_Input                      0x00000b94   Section        0  bsp.o(i.BSP_Button1_Input)
    i.BSP_Button2_Init                       0x00000ba0   Section        0  bsp.o(i.BSP_Button2_Init)
    i.BSP_Button2_Input                      0x00000bdc   Section        0  bsp.o(i.BSP_Button2_Input)
    i.BSP_Buzzer_Init                        0x00000be8   Section        0  bsp.o(i.BSP_Buzzer_Init)
    i.BSP_Buzzer_Set                         0x00000c78   Section        0  bsp.o(i.BSP_Buzzer_Set)
    i.BSP_Clock_InitFastest                  0x00000c98   Section        0  bsp.o(i.BSP_Clock_InitFastest)
    i.BSP_Delay1ms                           0x00000e20   Section        0  bsp.o(i.BSP_Delay1ms)
    i.BSP_Joystick_Init                      0x00000e38   Section        0  bsp.o(i.BSP_Joystick_Init)
    i.BSP_Joystick_Input                     0x00000ecc   Section        0  bsp.o(i.BSP_Joystick_Input)
    i.BSP_LCD_Color565                       0x00000f54   Section        0  bsp.o(i.BSP_LCD_Color565)
    i.BSP_LCD_DrawChar                       0x00000f6c   Section        0  bsp.o(i.BSP_LCD_DrawChar)
    i.BSP_LCD_DrawFastHLine                  0x0000107c   Section        0  bsp.o(i.BSP_LCD_DrawFastHLine)
    i.BSP_LCD_DrawFastVLine                  0x000010f8   Section        0  bsp.o(i.BSP_LCD_DrawFastVLine)
    i.BSP_LCD_DrawPixel                      0x00001174   Section        0  bsp.o(i.BSP_LCD_DrawPixel)
    i.BSP_LCD_DrawString                     0x000011bc   Section        0  bsp.o(i.BSP_LCD_DrawString)
    i.BSP_LCD_Drawaxes                       0x00001214   Section        0  bsp.o(i.BSP_LCD_Drawaxes)
    i.BSP_LCD_FillRect                       0x00001338   Section        0  bsp.o(i.BSP_LCD_FillRect)
    i.BSP_LCD_FillScreen                     0x000013e4   Section        0  bsp.o(i.BSP_LCD_FillScreen)
    i.BSP_LCD_Init                           0x00001408   Section        0  bsp.o(i.BSP_LCD_Init)
    i.BSP_LCD_OutUDec4                       0x00001414   Section        0  bsp.o(i.BSP_LCD_OutUDec4)
    i.BSP_LCD_PlotIncrement                  0x0000149c   Section        0  bsp.o(i.BSP_LCD_PlotIncrement)
    i.BSP_LCD_PlotPoint                      0x000014d4   Section        0  bsp.o(i.BSP_LCD_PlotPoint)
    i.BSP_LCD_SetCursor                      0x00001538   Section        0  bsp.o(i.BSP_LCD_SetCursor)
    i.BSP_LightSensor_End                    0x00001558   Section        0  bsp.o(i.BSP_LightSensor_End)
    i.BSP_LightSensor_Init                   0x0000159c   Section        0  bsp.o(i.BSP_LightSensor_Init)
    i.BSP_LightSensor_Input                  0x000015dc   Section        0  bsp.o(i.BSP_LightSensor_Input)
    i.BSP_LightSensor_Start                  0x00001610   Section        0  bsp.o(i.BSP_LightSensor_Start)
    i.BSP_Microphone_Init                    0x0000162c   Section        0  bsp.o(i.BSP_Microphone_Init)
    i.BSP_Microphone_Input                   0x00001668   Section        0  bsp.o(i.BSP_Microphone_Input)
    i.BSP_RGB_Init                           0x000016dc   Section        0  bsp.o(i.BSP_RGB_Init)
    i.BSP_RGB_Set                            0x00001800   Section        0  bsp.o(i.BSP_RGB_Set)
    i.BSP_Time_Get                           0x0000184c   Section        0  bsp.o(i.BSP_Time_Get)
    i.BSP_Time_Init                          0x00001860   Section        0  bsp.o(i.BSP_Time_Init)
    i.Bluetooth_Init                         0x00001884   Section        0  lab6.o(i.Bluetooth_Init)
    i.Bluetooth_ReadLight                    0x00001a08   Section        0  lab6.o(i.Bluetooth_ReadLight)
    i.Bluetooth_ReadPlotState                0x00001a2c   Section        0  lab6.o(i.Bluetooth_ReadPlotState)
    i.Bluetooth_ReadSound                    0x00001a54   Section        0  lab6.o(i.Bluetooth_ReadSound)
    i.Bluetooth_ReadTime                     0x00001a7c   Section        0  lab6.o(i.Bluetooth_ReadTime)
    i.Bluetooth_Steps                        0x00001aa0   Section        0  lab6.o(i.Bluetooth_Steps)
    i.Bluetooth_WritePlotState               0x00001abc   Section        0  lab6.o(i.Bluetooth_WritePlotState)
    i.BuildAddCharDescriptorMsg              0x00001b04   Section        0  ap_lab6.o(i.BuildAddCharDescriptorMsg)
    i.BuildAddCharValueMsg                   0x00001b06   Section        0  ap_lab6.o(i.BuildAddCharValueMsg)
    i.BuildAddNotifyCharDescriptorMsg        0x00001b08   Section        0  ap_lab6.o(i.BuildAddNotifyCharDescriptorMsg)
    i.BuildAddServiceMsg                     0x00001b0a   Section        0  ap_lab6.o(i.BuildAddServiceMsg)
    i.BuildGetStatusMsg                      0x00001b0c   Section        0  ap_lab6.o(i.BuildGetStatusMsg)
    i.BuildGetVersionMsg                     0x00001b0e   Section        0  ap_lab6.o(i.BuildGetVersionMsg)
    i.BuildRegisterServiceMsg                0x00001b10   Section        0  ap_lab6.o(i.BuildRegisterServiceMsg)
    i.BuildSetAdvertisementData1Msg          0x00001b12   Section        0  ap_lab6.o(i.BuildSetAdvertisementData1Msg)
    i.BuildSetAdvertisementDataMsg           0x00001b14   Section        0  ap_lab6.o(i.BuildSetAdvertisementDataMsg)
    i.BuildSetDeviceNameMsg                  0x00001b16   Section        0  ap_lab6.o(i.BuildSetDeviceNameMsg)
    i.BuildStartAdvertisementMsg             0x00001b18   Section        0  ap_lab6.o(i.BuildStartAdvertisementMsg)
    i.Clock_Delay1ms                         0x00001b1a   Section        0  cortexm.o(i.Clock_Delay1ms)
    i.EUSCIA2_IRQHandler                     0x00001b30   Section        0  uart1.o(i.EUSCIA2_IRQHandler)
    i.Encrypt                                0x00001b50   Section        0  texas.o(i.Encrypt)
    Encrypt                                  0x00001b51   Thumb Code    86  texas.o(i.Encrypt)
    i.GPIO_Init                              0x00001bb8   Section        0  gpio.o(i.GPIO_Init)
    i.I2C_Recv2                              0x00001c88   Section        0  bsp.o(i.I2C_Recv2)
    I2C_Recv2                                0x00001c89   Thumb Code   184  bsp.o(i.I2C_Recv2)
    i.I2C_Send1                              0x00001d44   Section        0  bsp.o(i.I2C_Send1)
    I2C_Send1                                0x00001d45   Thumb Code   154  bsp.o(i.I2C_Send1)
    i.I2C_Send3                              0x00001de4   Section        0  bsp.o(i.I2C_Send3)
    I2C_Send3                                0x00001de5   Thumb Code   262  bsp.o(i.I2C_Send3)
    i.Lab6BuildAddCharDescriptorMsgSolution  0x00001ef4   Section        0  texas.o(i.Lab6BuildAddCharDescriptorMsgSolution)
    Lab6BuildAddCharDescriptorMsgSolution    0x00001ef5   Thumb Code    88  texas.o(i.Lab6BuildAddCharDescriptorMsgSolution)
    i.Lab6BuildAddCharValueMsgSolution       0x00001f4c   Section        0  texas.o(i.Lab6BuildAddCharValueMsgSolution)
    Lab6BuildAddCharValueMsgSolution         0x00001f4d   Thumb Code    64  texas.o(i.Lab6BuildAddCharValueMsgSolution)
    i.Lab6BuildAddNotifyCharDescriptorMsgSolution 0x00001f8c   Section        0  texas.o(i.Lab6BuildAddNotifyCharDescriptorMsgSolution)
    Lab6BuildAddNotifyCharDescriptorMsgSolution 0x00001f8d   Thumb Code    92  texas.o(i.Lab6BuildAddNotifyCharDescriptorMsgSolution)
    i.Lab6BuildAddServiceMsgSolution         0x00001fe8   Section        0  texas.o(i.Lab6BuildAddServiceMsgSolution)
    Lab6BuildAddServiceMsgSolution           0x00001fe9   Thumb Code    44  texas.o(i.Lab6BuildAddServiceMsgSolution)
    i.Lab6BuildGetStatusMsgSolution          0x00002014   Section        0  texas.o(i.Lab6BuildGetStatusMsgSolution)
    Lab6BuildGetStatusMsgSolution            0x00002015   Thumb Code    30  texas.o(i.Lab6BuildGetStatusMsgSolution)
    i.Lab6BuildGetVersionMsgSolution         0x00002032   Section        0  texas.o(i.Lab6BuildGetVersionMsgSolution)
    Lab6BuildGetVersionMsgSolution           0x00002033   Thumb Code    30  texas.o(i.Lab6BuildGetVersionMsgSolution)
    i.Lab6BuildRegisterServiceMsgSolution    0x00002050   Section        0  texas.o(i.Lab6BuildRegisterServiceMsgSolution)
    Lab6BuildRegisterServiceMsgSolution      0x00002051   Thumb Code    30  texas.o(i.Lab6BuildRegisterServiceMsgSolution)
    i.Lab6BuildSetAdvertisementData1MsgSolution 0x0000206e   Section        0  texas.o(i.Lab6BuildSetAdvertisementData1MsgSolution)
    Lab6BuildSetAdvertisementData1MsgSolution 0x0000206f   Thumb Code    72  texas.o(i.Lab6BuildSetAdvertisementData1MsgSolution)
    i.Lab6BuildSetAdvertisementDataMsgSolution 0x000020b6   Section        0  texas.o(i.Lab6BuildSetAdvertisementDataMsgSolution)
    Lab6BuildSetAdvertisementDataMsgSolution 0x000020b7   Thumb Code   126  texas.o(i.Lab6BuildSetAdvertisementDataMsgSolution)
    i.Lab6BuildSetAdvertisementDataMsgSolutionold 0x00002134   Section        0  texas.o(i.Lab6BuildSetAdvertisementDataMsgSolutionold)
    Lab6BuildSetAdvertisementDataMsgSolutionold 0x00002135   Thumb Code   126  texas.o(i.Lab6BuildSetAdvertisementDataMsgSolutionold)
    i.Lab6BuildSetDeviceNameMsgSolution      0x000021b2   Section        0  texas.o(i.Lab6BuildSetDeviceNameMsgSolution)
    Lab6BuildSetDeviceNameMsgSolution        0x000021b3   Thumb Code    68  texas.o(i.Lab6BuildSetDeviceNameMsgSolution)
    i.Lab6BuildStartAdvertisementMsgSolution 0x000021f6   Section        0  texas.o(i.Lab6BuildStartAdvertisementMsgSolution)
    Lab6BuildStartAdvertisementMsgSolution   0x000021f7   Thumb Code    76  texas.o(i.Lab6BuildStartAdvertisementMsgSolution)
    i.Lab6GradeAddCharDescriptorMsg          0x00002244   Section        0  texas.o(i.Lab6GradeAddCharDescriptorMsg)
    Lab6GradeAddCharDescriptorMsg            0x00002245   Thumb Code    78  texas.o(i.Lab6GradeAddCharDescriptorMsg)
    i.Lab6GradeAddCharValueMsg               0x000022cc   Section        0  texas.o(i.Lab6GradeAddCharValueMsg)
    Lab6GradeAddCharValueMsg                 0x000022cd   Thumb Code   104  texas.o(i.Lab6GradeAddCharValueMsg)
    i.Lab6GradeAddNotifyCharDescriptorMsg    0x00002358   Section        0  texas.o(i.Lab6GradeAddNotifyCharDescriptorMsg)
    Lab6GradeAddNotifyCharDescriptorMsg      0x00002359   Thumb Code    78  texas.o(i.Lab6GradeAddNotifyCharDescriptorMsg)
    i.Lab6GradeAddServiceMsg                 0x000023e4   Section        0  texas.o(i.Lab6GradeAddServiceMsg)
    Lab6GradeAddServiceMsg                   0x000023e5   Thumb Code   106  texas.o(i.Lab6GradeAddServiceMsg)
    i.Lab6GradeGetStatusMsg                  0x00002474   Section        0  texas.o(i.Lab6GradeGetStatusMsg)
    Lab6GradeGetStatusMsg                    0x00002475   Thumb Code    44  texas.o(i.Lab6GradeGetStatusMsg)
    i.Lab6GradeGetVersionMsg                 0x000024c4   Section        0  texas.o(i.Lab6GradeGetVersionMsg)
    Lab6GradeGetVersionMsg                   0x000024c5   Thumb Code    44  texas.o(i.Lab6GradeGetVersionMsg)
    i.Lab6GradeRegisterServiceMsg            0x00002514   Section        0  texas.o(i.Lab6GradeRegisterServiceMsg)
    Lab6GradeRegisterServiceMsg              0x00002515   Thumb Code    44  texas.o(i.Lab6GradeRegisterServiceMsg)
    i.Lab6GradeSetAdvertisementData1Msg      0x00002568   Section        0  texas.o(i.Lab6GradeSetAdvertisementData1Msg)
    Lab6GradeSetAdvertisementData1Msg        0x00002569   Thumb Code    44  texas.o(i.Lab6GradeSetAdvertisementData1Msg)
    i.Lab6GradeSetAdvertisementDataMsg       0x000025c4   Section        0  texas.o(i.Lab6GradeSetAdvertisementDataMsg)
    Lab6GradeSetAdvertisementDataMsg         0x000025c5   Thumb Code    82  texas.o(i.Lab6GradeSetAdvertisementDataMsg)
    i.Lab6GradeSetAdvertisementDataMsgold    0x00002658   Section        0  texas.o(i.Lab6GradeSetAdvertisementDataMsgold)
    Lab6GradeSetAdvertisementDataMsgold      0x00002659   Thumb Code    78  texas.o(i.Lab6GradeSetAdvertisementDataMsgold)
    i.Lab6GradeSetDeviceNameMsg              0x000026f8   Section        0  texas.o(i.Lab6GradeSetDeviceNameMsg)
    Lab6GradeSetDeviceNameMsg                0x000026f9   Thumb Code    78  texas.o(i.Lab6GradeSetDeviceNameMsg)
    i.Lab6GradeStartAdvertisementMsg         0x00002784   Section        0  texas.o(i.Lab6GradeStartAdvertisementMsg)
    Lab6GradeStartAdvertisementMsg           0x00002785   Thumb Code    66  texas.o(i.Lab6GradeStartAdvertisementMsg)
    i.Lab6OutCheck                           0x000027f4   Section        0  texas.o(i.Lab6OutCheck)
    i.Lab6_AddCharacteristic                 0x00002890   Section        0  ap_lab6.o(i.Lab6_AddCharacteristic)
    i.Lab6_AddNotifyCharacteristic           0x000029b0   Section        0  ap_lab6.o(i.Lab6_AddNotifyCharacteristic)
    i.Lab6_AddService                        0x00002b00   Section        0  ap_lab6.o(i.Lab6_AddService)
    i.Lab6_GetStatus                         0x00002b3c   Section        0  ap_lab6.o(i.Lab6_GetStatus)
    i.Lab6_GetVersion                        0x00002b90   Section        0  ap_lab6.o(i.Lab6_GetVersion)
    i.Lab6_RegisterService                   0x00002bd4   Section        0  ap_lab6.o(i.Lab6_RegisterService)
    i.Lab6_StartAdvertisement                0x00002c10   Section        0  ap_lab6.o(i.Lab6_StartAdvertisement)
    i.LogicAnalyzer                          0x00002cf8   Section        0  texas.o(i.LogicAnalyzer)
    i.NextRandom                             0x00002d0c   Section        0  texas.o(i.NextRandom)
    NextRandom                               0x00002d0d   Thumb Code    24  texas.o(i.NextRandom)
    i.OutValue                               0x00002d30   Section        0  lab6.o(i.OutValue)
    i.PeriodicTask2_Init                     0x00002d44   Section        0  texas.o(i.PeriodicTask2_Init)
    i.Profile_Init                           0x00002de0   Section        0  profile.o(i.Profile_Init)
    i.RxFifo_Get                             0x00002f38   Section        0  uart1.o(i.RxFifo_Get)
    i.RxFifo_Init                            0x00002f70   Section        0  uart1.o(i.RxFifo_Init)
    i.RxFifo_Put                             0x00002f8c   Section        0  uart1.o(i.RxFifo_Put)
    i.ST7735_InitR                           0x00002fd4   Section        0  bsp.o(i.ST7735_InitR)
    ST7735_InitR                             0x00002fd5   Thumb Code    86  bsp.o(i.ST7735_InitR)
    i.SetFCSSolution                         0x00003048   Section        0  texas.o(i.SetFCSSolution)
    SetFCSSolution                           0x00003049   Thumb Code    38  texas.o(i.SetFCSSolution)
    i.SetGrade                               0x00003070   Section        0  texas.o(i.SetGrade)
    SetGrade                                 0x00003071   Thumb Code   196  texas.o(i.SetGrade)
    i.SystemInit                             0x0000313c   Section        0  system_msp432p401r.o(i.SystemInit)
    i.T32_INT1_IRQHandler                    0x000031a8   Section        0  bsp.o(i.T32_INT1_IRQHandler)
    i.TA1_0_IRQHandler                       0x000031c0   Section        0  bsp.o(i.TA1_0_IRQHandler)
    i.TA2_0_IRQHandler                       0x000031e0   Section        0  bsp.o(i.TA2_0_IRQHandler)
    i.TA3_0_IRQHandler                       0x00003200   Section        0  texas.o(i.TA3_0_IRQHandler)
    i.TExaS_Grade                            0x00003220   Section        0  texas.o(i.TExaS_Grade)
    i.TExaS_Init                             0x000032e8   Section        0  texas.o(i.TExaS_Init)
    i.TExaS_Task0                            0x0000347c   Section        0  texas.o(i.TExaS_Task0)
    i.TExaS_Task1                            0x000034bc   Section        0  texas.o(i.TExaS_Task1)
    i.TExaS_Task2                            0x000034fc   Section        0  texas.o(i.TExaS_Task2)
    i.TExaS_Task3                            0x0000353c   Section        0  texas.o(i.TExaS_Task3)
    i.TExaS_Task4                            0x0000357c   Section        0  texas.o(i.TExaS_Task4)
    i.TExaS_Task5                            0x000035bc   Section        0  texas.o(i.TExaS_Task5)
    i.Task0                                  0x000035fc   Section        0  lab6.o(i.Task0)
    i.Task0_Init                             0x000036bc   Section        0  lab6.o(i.Task0_Init)
    i.Task1                                  0x000036d0   Section        0  lab6.o(i.Task1)
    i.Task1_Init                             0x00003878   Section        0  lab6.o(i.Task1_Init)
    i.Task2                                  0x000038d8   Section        0  lab6.o(i.Task2)
    i.Task2_Init                             0x00003910   Section        0  lab6.o(i.Task2_Init)
    i.Task3                                  0x00003934   Section        0  lab6.o(i.Task3)
    i.Task3_Init                             0x00003a54   Section        0  lab6.o(i.Task3_Init)
    i.Task4                                  0x00003a70   Section        0  lab6.o(i.Task4)
    i.Task4_Init                             0x00003b00   Section        0  lab6.o(i.Task4_Init)
    i.Task5                                  0x00003b28   Section        0  lab6.o(i.Task5)
    i.Task5_Init                             0x00003bac   Section        0  lab6.o(i.Task5_Init)
    i.UART0_Init                             0x00003c08   Section        0  uart0.o(i.UART0_Init)
    i.UART0_OutChar                          0x00003c5c   Section        0  uart0.o(i.UART0_OutChar)
    i.UART0_OutString                        0x00003c74   Section        0  uart0.o(i.UART0_OutString)
    i.UART0_OutUDec                          0x00003c8c   Section        0  uart0.o(i.UART0_OutUDec)
    i.UART0_OutUHex                          0x00003cb6   Section        0  uart0.o(i.UART0_OutUHex)
    i.UART0_OutUHex2                         0x00003cea   Section        0  uart0.o(i.UART0_OutUHex2)
    i.UART1_FinishOutput                     0x00003d00   Section        0  uart1.o(i.UART1_FinishOutput)
    i.UART1_InChar                           0x00003d14   Section        0  uart1.o(i.UART1_InChar)
    i.UART1_Init                             0x00003d28   Section        0  uart1.o(i.UART1_Init)
    i.UART1_OutChar                          0x00003da0   Section        0  uart1.o(i.UART1_OutChar)
    i.adcinit                                0x00003dbc   Section        0  bsp.o(i.adcinit)
    adcinit                                  0x00003dbd   Thumb Code    50  bsp.o(i.adcinit)
    i.commandList                            0x00003dfc   Section        0  bsp.o(i.commandList)
    commandList                              0x00003dfd   Thumb Code    86  bsp.o(i.commandList)
    i.commonInit                             0x00003e54   Section        0  bsp.o(i.commonInit)
    commonInit                               0x00003e55   Thumb Code   232  bsp.o(i.commonInit)
    i.drawaxes                               0x00003f50   Section        0  lab6.o(i.drawaxes)
    i.fillmessage                            0x00004014   Section        0  bsp.o(i.fillmessage)
    fillmessage                              0x00004015   Thumb Code    64  bsp.o(i.fillmessage)
    i.fillmessage4                           0x0000405c   Section        0  bsp.o(i.fillmessage4)
    fillmessage4                             0x0000405d   Thumb Code    90  bsp.o(i.fillmessage4)
    i.i2cinit                                0x000040c0   Section        0  bsp.o(i.i2cinit)
    i2cinit                                  0x000040c1   Thumb Code    78  bsp.o(i.i2cinit)
    i.lightsensorend                         0x00004118   Section        0  bsp.o(i.lightsensorend)
    lightsensorend                           0x00004119   Thumb Code    80  bsp.o(i.lightsensorend)
    i.lightsensorstart                       0x00004168   Section        0  bsp.o(i.lightsensorstart)
    lightsensorstart                         0x00004169   Thumb Code    36  bsp.o(i.lightsensorstart)
    i.main                                   0x0000418c   Section        0  lab6.o(i.main)
    i.outnibble                              0x0000422c   Section        0  uart0.o(i.outnibble)
    i.pushColor                              0x0000424c   Section        0  bsp.o(i.pushColor)
    pushColor                                0x0000424d   Thumb Code    18  bsp.o(i.pushColor)
    i.setAddrWindow                          0x00004260   Section        0  bsp.o(i.setAddrWindow)
    setAddrWindow                            0x00004261   Thumb Code   106  bsp.o(i.setAddrWindow)
    i.sqrt32                                 0x000042d4   Section        0  lab6.o(i.sqrt32)
    i.writecommand                           0x000042f4   Section        0  bsp.o(i.writecommand)
    writecommand                             0x000042f5   Thumb Code    58  bsp.o(i.writecommand)
    i.writedata                              0x0000433c   Section        0  bsp.o(i.writedata)
    writedata                                0x0000433d   Thumb Code    60  bsp.o(i.writedata)
    x$fpl$fpinit                             0x00004384   Section       10  fpinit.o(x$fpl$fpinit)
    $v0                                      0x00004384   Number         0  fpinit.o(x$fpl$fpinit)
    .constdata                               0x0000438e   Section     1403  bsp.o(.constdata)
    Font                                     0x0000438e   Data        1275  bsp.o(.constdata)
    Rcmd1                                    0x00004889   Data          59  bsp.o(.constdata)
    Rcmd2green                               0x000048c4   Data          13  bsp.o(.constdata)
    Rcmd2red                                 0x000048d1   Data          13  bsp.o(.constdata)
    Rcmd3                                    0x000048de   Data          43  bsp.o(.constdata)
    .constdata                               0x0000490c   Section      116  ap.o(.constdata)
    .constdata                               0x00004980   Section       72  texas.o(.constdata)
    .conststring                             0x000049c8   Section      102  texas.o(.conststring)
    .data                                    0x20000000   Section       92  bsp.o(.data)
    ClockFrequency                           0x20000000   Data           4  bsp.o(.data)
    SubsystemFrequency                       0x20000004   Data           4  bsp.o(.data)
    PWMCycles                                0x20000008   Data           2  bsp.o(.data)
    ColStart                                 0x20000016   Data           1  bsp.o(.data)
    RowStart                                 0x20000017   Data           1  bsp.o(.data)
    _width                                   0x20000018   Data           2  bsp.o(.data)
    _height                                  0x2000001a   Data           2  bsp.o(.data)
    .data                                    0x2000005c   Section       70  lab6.o(.data)
    soundSum                                 0x20000098   Data           4  lab6.o(.data)
    time                                     0x2000009c   Data           4  lab6.o(.data)
    prev1                                    0x200000a0   Data           1  lab6.o(.data)
    prev2                                    0x200000a1   Data           1  lab6.o(.data)
    .data                                    0x200000a4   Section      200  ap.o(.data)
    .data                                    0x2000016c   Section       12  uart1.o(.data)
    .data                                    0x20000178   Section       48  texas.o(.data)
    grade                                    0x20000180   Data           4  texas.o(.data)
    Random                                   0x20000184   Data           4  texas.o(.data)
    .bss                                     0x200001a8   Section       12  bsp.o(.bss)
    .bss                                     0x200001b4   Section     2000  lab6.o(.bss)
    .bss                                     0x20000984   Section      368  ap.o(.bss)
    .bss                                     0x20000af4   Section      256  uart1.o(.bss)
    .bss                                     0x20000bf4   Section     1804  texas.o(.bss)
    TrueMsgBuffer                            0x200012c0   Data          32  texas.o(.bss)
    TestMsgBuffer                            0x200012e0   Data          32  texas.o(.bss)
    .bss                                     0x20001300   Section       96  libspace.o(.bss)
    HEAP                                     0x20001360   Section        0  startup_msp432p401r_uvision.o(HEAP)
    STACK                                    0x20001360   Section      512  startup_msp432p401r_uvision.o(STACK)
    Heap_Mem                                 0x20001360   Data           0  startup_msp432p401r_uvision.o(HEAP)
    Stack_Mem                                0x20001360   Data         512  startup_msp432p401r_uvision.o(STACK)
    __initial_sp                             0x20001560   Data           0  startup_msp432p401r_uvision.o(STACK)

    Global Symbols

    Symbol Name                              Value     Ov Type        Size  Object(Section)

    BuildAttributes$$THM_ISAv4$E$P$D$K$B$S$7EM$VFPi3$EXTD16$VFPS$VFMA$PE$A:L22UL41UL21$X:L11$S22US41US21$IEEE1$IW$USESV6$~STKCKD$USESV7$~SHL$OSPACE$ROPI$EBA8$UX$STANDARDLIB$REQ8$PRES8$EABIv2 0x00000000   Number         0  anon$$obj.o ABSOLUTE
    __ARM_use_no_argv                        0x00000000   Number         0  lab6.o ABSOLUTE
    __Vectors                                0x00000000   Data           4  startup_msp432p401r_uvision.o(RESET)
    __ARM_exceptions_init                     - Undefined Weak Reference
    __alloca_initialize                       - Undefined Weak Reference
    __arm_preinit_                            - Undefined Weak Reference
    __cpp_initialize__aeabi_                  - Undefined Weak Reference
    __cxa_finalize                            - Undefined Weak Reference
    __rt_locale                               - Undefined Weak Reference
    __sigvec_lookup                           - Undefined Weak Reference
    _atexit_init                              - Undefined Weak Reference
    _call_atexit_fns                          - Undefined Weak Reference
    _clock_init                               - Undefined Weak Reference
    _fp_trap_init                             - Undefined Weak Reference
    _fp_trap_shutdown                         - Undefined Weak Reference
    _get_lc_collate                           - Undefined Weak Reference
    _get_lc_ctype                             - Undefined Weak Reference
    _get_lc_monetary                          - Undefined Weak Reference
    _get_lc_numeric                           - Undefined Weak Reference
    _get_lc_time                              - Undefined Weak Reference
    _getenv_init                              - Undefined Weak Reference
    _handle_redirection                       - Undefined Weak Reference
    _init_alloc                               - Undefined Weak Reference
    _init_user_alloc                          - Undefined Weak Reference
    _initio                                   - Undefined Weak Reference
    _rand_init                                - Undefined Weak Reference
    _signal_finish                            - Undefined Weak Reference
    _signal_init                              - Undefined Weak Reference
    _terminate_alloc                          - Undefined Weak Reference
    _terminate_user_alloc                     - Undefined Weak Reference
    _terminateio                              - Undefined Weak Reference
    __Vectors_End                            0x00000144   Data           0  startup_msp432p401r_uvision.o(RESET)
    __Vectors_Size                           0x00000144   Number         0  startup_msp432p401r_uvision.o ABSOLUTE
    __main                                   0x00000145   Thumb Code     8  __main.o(!!!main)
    __scatterload                            0x0000014d   Thumb Code     0  __scatter.o(!!!scatter)
    __scatterload_rt2                        0x0000014d   Thumb Code    44  __scatter.o(!!!scatter)
    __scatterload_rt2_thumb_only             0x0000014d   Thumb Code     0  __scatter.o(!!!scatter)
    __scatterload_null                       0x0000015b   Thumb Code     0  __scatter.o(!!!scatter)
    __decompress                             0x00000181   Thumb Code    90  __dczerorl2.o(!!dczerorl2)
    __decompress1                            0x00000181   Thumb Code     0  __dczerorl2.o(!!dczerorl2)
    __scatterload_zeroinit                   0x000001dd   Thumb Code    28  __scatter_zi.o(!!handler_zi)
    __rt_lib_init                            0x000001f9   Thumb Code     0  libinit.o(.ARM.Collect$$libinit$$00000000)
    __rt_lib_init_fp_1                       0x000001fb   Thumb Code     0  libinit2.o(.ARM.Collect$$libinit$$00000001)
    __rt_lib_init_alloca_1                   0x000001ff   Thumb Code     0  libinit2.o(.ARM.Collect$$libinit$$0000002E)
    __rt_lib_init_argv_1                     0x000001ff   Thumb Code     0  libinit2.o(.ARM.Collect$$libinit$$0000002C)
    __rt_lib_init_atexit_1                   0x000001ff   Thumb Code     0  libinit2.o(.ARM.Collect$$libinit$$0000001B)
    __rt_lib_init_clock_1                    0x000001ff   Thumb Code     0  libinit2.o(.ARM.Collect$$libinit$$00000021)
    __rt_lib_init_cpp_1                      0x000001ff   Thumb Code     0  libinit2.o(.ARM.Collect$$libinit$$00000032)
    __rt_lib_init_exceptions_1               0x000001ff   Thumb Code     0  libinit2.o(.ARM.Collect$$libinit$$00000030)
    __rt_lib_init_fp_trap_1                  0x000001ff   Thumb Code     0  libinit2.o(.ARM.Collect$$libinit$$0000001F)
    __rt_lib_init_getenv_1                   0x000001ff   Thumb Code     0  libinit2.o(.ARM.Collect$$libinit$$00000023)
    __rt_lib_init_heap_1                     0x000001ff   Thumb Code     0  libinit2.o(.ARM.Collect$$libinit$$0000000A)
    __rt_lib_init_lc_collate_1               0x000001ff   Thumb Code     0  libinit2.o(.ARM.Collect$$libinit$$00000011)
    __rt_lib_init_lc_ctype_1                 0x000001ff   Thumb Code     0  libinit2.o(.ARM.Collect$$libinit$$00000013)
    __rt_lib_init_lc_monetary_1              0x000001ff   Thumb Code     0  libinit2.o(.ARM.Collect$$libinit$$00000015)
    __rt_lib_init_lc_numeric_1               0x000001ff   Thumb Code     0  libinit2.o(.ARM.Collect$$libinit$$00000017)
    __rt_lib_init_lc_time_1                  0x000001ff   Thumb Code     0  libinit2.o(.ARM.Collect$$libinit$$00000019)
    __rt_lib_init_preinit_1                  0x000001ff   Thumb Code     0  libinit2.o(.ARM.Collect$$libinit$$00000004)
    __rt_lib_init_rand_1                     0x000001ff   Thumb Code     0  libinit2.o(.ARM.Collect$$libinit$$0000000E)
    __rt_lib_init_return                     0x000001ff   Thumb Code     0  libinit2.o(.ARM.Collect$$libinit$$00000033)
    __rt_lib_init_signal_1                   0x000001ff   Thumb Code     0  libinit2.o(.ARM.Collect$$libinit$$0000001D)
    __rt_lib_init_stdio_1                    0x000001ff   Thumb Code     0  libinit2.o(.ARM.Collect$$libinit$$00000025)
    __rt_lib_init_user_alloc_1               0x000001ff   Thumb Code     0  libinit2.o(.ARM.Collect$$libinit$$0000000C)
    __rt_lib_shutdown                        0x00000201   Thumb Code     0  libshutdown.o(.ARM.Collect$$libshutdown$$00000000)
    __rt_lib_shutdown_cpp_1                  0x00000203   Thumb Code     0  libshutdown2.o(.ARM.Collect$$libshutdown$$00000002)
    __rt_lib_shutdown_fp_trap_1              0x00000203   Thumb Code     0  libshutdown2.o(.ARM.Collect$$libshutdown$$00000007)
    __rt_lib_shutdown_heap_1                 0x00000203   Thumb Code     0  libshutdown2.o(.ARM.Collect$$libshutdown$$0000000F)
    __rt_lib_shutdown_return                 0x00000203   Thumb Code     0  libshutdown2.o(.ARM.Collect$$libshutdown$$00000010)
    __rt_lib_shutdown_signal_1               0x00000203   Thumb Code     0  libshutdown2.o(.ARM.Collect$$libshutdown$$0000000A)
    __rt_lib_shutdown_stdio_1                0x00000203   Thumb Code     0  libshutdown2.o(.ARM.Collect$$libshutdown$$00000004)
    __rt_lib_shutdown_user_alloc_1           0x00000203   Thumb Code     0  libshutdown2.o(.ARM.Collect$$libshutdown$$0000000C)
    __rt_entry                               0x00000205   Thumb Code     0  __rtentry.o(.ARM.Collect$$rtentry$$00000000)
    __rt_entry_presh_1                       0x00000205   Thumb Code     0  __rtentry2.o(.ARM.Collect$$rtentry$$00000002)
    __rt_entry_sh                            0x00000205   Thumb Code     0  __rtentry4.o(.ARM.Collect$$rtentry$$00000004)
    __rt_entry_li                            0x0000020b   Thumb Code     0  __rtentry2.o(.ARM.Collect$$rtentry$$0000000A)
    __rt_entry_postsh_1                      0x0000020b   Thumb Code     0  __rtentry2.o(.ARM.Collect$$rtentry$$00000009)
    __rt_entry_main                          0x0000020f   Thumb Code     0  __rtentry2.o(.ARM.Collect$$rtentry$$0000000D)
    __rt_entry_postli_1                      0x0000020f   Thumb Code     0  __rtentry2.o(.ARM.Collect$$rtentry$$0000000C)
    __rt_exit                                0x00000217   Thumb Code     0  rtexit.o(.ARM.Collect$$rtexit$$00000000)
    __rt_exit_ls                             0x00000219   Thumb Code     0  rtexit2.o(.ARM.Collect$$rtexit$$00000003)
    __rt_exit_prels_1                        0x00000219   Thumb Code     0  rtexit2.o(.ARM.Collect$$rtexit$$00000002)
    __rt_exit_exit                           0x0000021d   Thumb Code     0  rtexit2.o(.ARM.Collect$$rtexit$$00000004)
    parrotdelay                              0x00000225   Thumb Code     6  bsp.o(.emb_text)
    DisableInterrupts                        0x0000022d   Thumb Code     4  cortexm.o(.emb_text)
    EnableInterrupts                         0x00000231   Thumb Code     4  cortexm.o(.emb_text)
    StartCritical                            0x00000235   Thumb Code     8  cortexm.o(.emb_text)
    EndCritical                              0x0000023d   Thumb Code     6  cortexm.o(.emb_text)
    WaitForInterrupt                         0x00000243   Thumb Code     4  cortexm.o(.emb_text)
    delay                                    0x00000247   Thumb Code     6  cortexm.o(.emb_text)
    Reset_Handler                            0x0000024d   Thumb Code     8  startup_msp432p401r_uvision.o(.text)
    NMI_Handler                              0x00000255   Thumb Code     2  startup_msp432p401r_uvision.o(.text)
    HardFault_Handler                        0x00000257   Thumb Code     2  startup_msp432p401r_uvision.o(.text)
    MemManage_Handler                        0x00000259   Thumb Code     2  startup_msp432p401r_uvision.o(.text)
    BusFault_Handler                         0x0000025b   Thumb Code     2  startup_msp432p401r_uvision.o(.text)
    UsageFault_Handler                       0x0000025d   Thumb Code     2  startup_msp432p401r_uvision.o(.text)
    SVC_Handler                              0x0000025f   Thumb Code     2  startup_msp432p401r_uvision.o(.text)
    DebugMon_Handler                         0x00000261   Thumb Code     2  startup_msp432p401r_uvision.o(.text)
    PendSV_Handler                           0x00000263   Thumb Code     2  startup_msp432p401r_uvision.o(.text)
    SysTick_Handler                          0x00000265   Thumb Code     2  startup_msp432p401r_uvision.o(.text)
    ADC14_IRQHandler                         0x00000267   Thumb Code     0  startup_msp432p401r_uvision.o(.text)
    AES256_IRQHandler                        0x00000267   Thumb Code     0  startup_msp432p401r_uvision.o(.text)
    COMP_E0_IRQHandler                       0x00000267   Thumb Code     0  startup_msp432p401r_uvision.o(.text)
    COMP_E1_IRQHandler                       0x00000267   Thumb Code     0  startup_msp432p401r_uvision.o(.text)
    CS_IRQHandler                            0x00000267   Thumb Code     0  startup_msp432p401r_uvision.o(.text)
    DMA_ERR_IRQHandler                       0x00000267   Thumb Code     0  startup_msp432p401r_uvision.o(.text)
    DMA_INT0_IRQHandler                      0x00000267   Thumb Code     0  startup_msp432p401r_uvision.o(.text)
    DMA_INT1_IRQHandler                      0x00000267   Thumb Code     0  startup_msp432p401r_uvision.o(.text)
    DMA_INT2_IRQHandler                      0x00000267   Thumb Code     0  startup_msp432p401r_uvision.o(.text)
    DMA_INT3_IRQHandler                      0x00000267   Thumb Code     0  startup_msp432p401r_uvision.o(.text)
    EUSCIA0_IRQHandler                       0x00000267   Thumb Code     0  startup_msp432p401r_uvision.o(.text)
    EUSCIA1_IRQHandler                       0x00000267   Thumb Code     0  startup_msp432p401r_uvision.o(.text)
    EUSCIA3_IRQHandler                       0x00000267   Thumb Code     0  startup_msp432p401r_uvision.o(.text)
    EUSCIB0_IRQHandler                       0x00000267   Thumb Code     0  startup_msp432p401r_uvision.o(.text)
    EUSCIB1_IRQHandler                       0x00000267   Thumb Code     0  startup_msp432p401r_uvision.o(.text)
    EUSCIB2_IRQHandler                       0x00000267   Thumb Code     0  startup_msp432p401r_uvision.o(.text)
    EUSCIB3_IRQHandler                       0x00000267   Thumb Code     0  startup_msp432p401r_uvision.o(.text)
    FLCTL_IRQHandler                         0x00000267   Thumb Code     0  startup_msp432p401r_uvision.o(.text)
    FPU_IRQHandler                           0x00000267   Thumb Code     0  startup_msp432p401r_uvision.o(.text)
    PCM_IRQHandler                           0x00000267   Thumb Code     0  startup_msp432p401r_uvision.o(.text)
    PORT1_IRQHandler                         0x00000267   Thumb Code     0  startup_msp432p401r_uvision.o(.text)
    PORT2_IRQHandler                         0x00000267   Thumb Code     0  startup_msp432p401r_uvision.o(.text)
    PORT3_IRQHandler                         0x00000267   Thumb Code     0  startup_msp432p401r_uvision.o(.text)
    PORT4_IRQHandler                         0x00000267   Thumb Code     0  startup_msp432p401r_uvision.o(.text)
    PORT5_IRQHandler                         0x00000267   Thumb Code     0  startup_msp432p401r_uvision.o(.text)
    PORT6_IRQHandler                         0x00000267   Thumb Code     0  startup_msp432p401r_uvision.o(.text)
    PSS_IRQHandler                           0x00000267   Thumb Code     0  startup_msp432p401r_uvision.o(.text)
    RTC_C_IRQHandler                         0x00000267   Thumb Code     0  startup_msp432p401r_uvision.o(.text)
    T32_INT2_IRQHandler                      0x00000267   Thumb Code     0  startup_msp432p401r_uvision.o(.text)
    T32_INTC_IRQHandler                      0x00000267   Thumb Code     0  startup_msp432p401r_uvision.o(.text)
    TA0_0_IRQHandler                         0x00000267   Thumb Code     0  startup_msp432p401r_uvision.o(.text)
    TA0_N_IRQHandler                         0x00000267   Thumb Code     0  startup_msp432p401r_uvision.o(.text)
    TA1_N_IRQHandler                         0x00000267   Thumb Code     0  startup_msp432p401r_uvision.o(.text)
    TA2_N_IRQHandler                         0x00000267   Thumb Code     0  startup_msp432p401r_uvision.o(.text)
    TA3_N_IRQHandler                         0x00000267   Thumb Code     0  startup_msp432p401r_uvision.o(.text)
    WDT_A_IRQHandler                         0x00000267   Thumb Code     0  startup_msp432p401r_uvision.o(.text)
    __user_initial_stackheap                 0x00000269   Thumb Code    10  startup_msp432p401r_uvision.o(.text)
    __use_two_region_memory                  0x00000289   Thumb Code     2  heapauxi.o(.text)
    __rt_heap_escrow$2region                 0x0000028b   Thumb Code     2  heapauxi.o(.text)
    __rt_heap_expand$2region                 0x0000028d   Thumb Code     2  heapauxi.o(.text)
    __user_setup_stackheap                   0x0000028f   Thumb Code    74  sys_stackheap_outer.o(.text)
    exit                                     0x000002d9   Thumb Code    18  exit.o(.text)
    __user_libspace                          0x000002ed   Thumb Code     8  libspace.o(.text)
    __user_perproc_libspace                  0x000002ed   Thumb Code     0  libspace.o(.text)
    __user_perthread_libspace                0x000002ed   Thumb Code     0  libspace.o(.text)
    _sys_exit                                0x000002f5   Thumb Code     8  sys_exit.o(.text)
    __I$use$semihosting                      0x00000301   Thumb Code     0  use_no_semi.o(.text)
    __use_no_semihosting_swi                 0x00000301   Thumb Code     2  use_no_semi.o(.text)
    __semihosting_library_function           0x00000303   Thumb Code     0  indicate_semi.o(.text)
    AP_BackgroundProcess                     0x00000305   Thumb Code   478  ap.o(i.AP_BackgroundProcess)
    AP_EchoReceived                          0x0000050d   Thumb Code    66  ap.o(i.AP_EchoReceived)
    AP_EchoSendMessage                       0x00000571   Thumb Code    72  ap.o(i.AP_EchoSendMessage)
    AP_GetNotifyCCCD                         0x000005c5   Thumb Code    16  ap.o(i.AP_GetNotifyCCCD)
    AP_GetSize                               0x000005d9   Thumb Code    14  ap.o(i.AP_GetSize)
    AP_Init                                  0x000005e9   Thumb Code   180  ap.o(i.AP_Init)
    AP_RecvMessage                           0x000006cd   Thumb Code   338  ap.o(i.AP_RecvMessage)
    AP_RecvStatus                            0x00000831   Thumb Code    12  ap.o(i.AP_RecvStatus)
    AP_Reset                                 0x00000841   Thumb Code    50  ap.o(i.AP_Reset)
    AP_SendMessage                           0x00000879   Thumb Code   222  ap.o(i.AP_SendMessage)
    AP_SendMessageResponse                   0x00000961   Thumb Code    58  ap.o(i.AP_SendMessageResponse)
    AP_SendNotification                      0x0000099d   Thumb Code   172  ap.o(i.AP_SendNotification)
    BSP_Accelerometer_Init                   0x00000a6d   Thumb Code    86  bsp.o(i.BSP_Accelerometer_Init)
    BSP_Accelerometer_Input                  0x00000acd   Thumb Code   132  bsp.o(i.BSP_Accelerometer_Input)
    BSP_Button1_Init                         0x00000b59   Thumb Code    54  bsp.o(i.BSP_Button1_Init)
    BSP_Button1_Input                        0x00000b95   Thumb Code     6  bsp.o(i.BSP_Button1_Input)
    BSP_Button2_Init                         0x00000ba1   Thumb Code    54  bsp.o(i.BSP_Button2_Init)
    BSP_Button2_Input                        0x00000bdd   Thumb Code     6  bsp.o(i.BSP_Button2_Input)
    BSP_Buzzer_Init                          0x00000be9   Thumb Code   132  bsp.o(i.BSP_Buzzer_Init)
    BSP_Buzzer_Set                           0x00000c79   Thumb Code    28  bsp.o(i.BSP_Buzzer_Set)
    BSP_Clock_InitFastest                    0x00000c99   Thumb Code   328  bsp.o(i.BSP_Clock_InitFastest)
    BSP_Delay1ms                             0x00000e21   Thumb Code    22  bsp.o(i.BSP_Delay1ms)
    BSP_Joystick_Init                        0x00000e39   Thumb Code   138  bsp.o(i.BSP_Joystick_Init)
    BSP_Joystick_Input                       0x00000ecd   Thumb Code   122  bsp.o(i.BSP_Joystick_Input)
    BSP_LCD_Color565                         0x00000f55   Thumb Code    24  bsp.o(i.BSP_LCD_Color565)
    BSP_LCD_DrawChar                         0x00000f6d   Thumb Code   260  bsp.o(i.BSP_LCD_DrawChar)
    BSP_LCD_DrawFastHLine                    0x0000107d   Thumb Code   116  bsp.o(i.BSP_LCD_DrawFastHLine)
    BSP_LCD_DrawFastVLine                    0x000010f9   Thumb Code   116  bsp.o(i.BSP_LCD_DrawFastVLine)
    BSP_LCD_DrawPixel                        0x00001175   Thumb Code    64  bsp.o(i.BSP_LCD_DrawPixel)
    BSP_LCD_DrawString                       0x000011bd   Thumb Code    86  bsp.o(i.BSP_LCD_DrawString)
    BSP_LCD_Drawaxes                         0x00001215   Thumb Code   272  bsp.o(i.BSP_LCD_Drawaxes)
    BSP_LCD_FillRect                         0x00001339   Thumb Code   164  bsp.o(i.BSP_LCD_FillRect)
    BSP_LCD_FillScreen                       0x000013e5   Thumb Code    28  bsp.o(i.BSP_LCD_FillScreen)
    BSP_LCD_Init                             0x00001409   Thumb Code    10  bsp.o(i.BSP_LCD_Init)
    BSP_LCD_OutUDec4                         0x00001415   Thumb Code   116  bsp.o(i.BSP_LCD_OutUDec4)
    BSP_LCD_PlotIncrement                    0x0000149d   Thumb Code    46  bsp.o(i.BSP_LCD_PlotIncrement)
    BSP_LCD_PlotPoint                        0x000014d5   Thumb Code    86  bsp.o(i.BSP_LCD_PlotPoint)
    BSP_LCD_SetCursor                        0x00001539   Thumb Code    22  bsp.o(i.BSP_LCD_SetCursor)
    BSP_LightSensor_End                      0x00001559   Thumb Code    58  bsp.o(i.BSP_LightSensor_End)
    BSP_LightSensor_Init                     0x0000159d   Thumb Code    60  bsp.o(i.BSP_LightSensor_Init)
    BSP_LightSensor_Input                    0x000015dd   Thumb Code    42  bsp.o(i.BSP_LightSensor_Input)
    BSP_LightSensor_Start                    0x00001611   Thumb Code    22  bsp.o(i.BSP_LightSensor_Start)
    BSP_Microphone_Init                      0x0000162d   Thumb Code    50  bsp.o(i.BSP_Microphone_Init)
    BSP_Microphone_Input                     0x00001669   Thumb Code   106  bsp.o(i.BSP_Microphone_Input)
    BSP_RGB_Init                             0x000016dd   Thumb Code   274  bsp.o(i.BSP_RGB_Init)
    BSP_RGB_Set                              0x00001801   Thumb Code    68  bsp.o(i.BSP_RGB_Set)
    BSP_Time_Get                             0x0000184d   Thumb Code    16  bsp.o(i.BSP_Time_Get)
    BSP_Time_Init                            0x00001861   Thumb Code    32  bsp.o(i.BSP_Time_Init)
    Bluetooth_Init                           0x00001885   Thumb Code   224  lab6.o(i.Bluetooth_Init)
    Bluetooth_ReadLight                      0x00001a09   Thumb Code    14  lab6.o(i.Bluetooth_ReadLight)
    Bluetooth_ReadPlotState                  0x00001a2d   Thumb Code    14  lab6.o(i.Bluetooth_ReadPlotState)
    Bluetooth_ReadSound                      0x00001a55   Thumb Code    14  lab6.o(i.Bluetooth_ReadSound)
    Bluetooth_ReadTime                       0x00001a7d   Thumb Code    14  lab6.o(i.Bluetooth_ReadTime)
    Bluetooth_Steps                          0x00001aa1   Thumb Code    20  lab6.o(i.Bluetooth_Steps)
    Bluetooth_WritePlotState                 0x00001abd   Thumb Code    42  lab6.o(i.Bluetooth_WritePlotState)
    BuildAddCharDescriptorMsg                0x00001b05   Thumb Code     2  ap_lab6.o(i.BuildAddCharDescriptorMsg)
    BuildAddCharValueMsg                     0x00001b07   Thumb Code     2  ap_lab6.o(i.BuildAddCharValueMsg)
    BuildAddNotifyCharDescriptorMsg          0x00001b09   Thumb Code     2  ap_lab6.o(i.BuildAddNotifyCharDescriptorMsg)
    BuildAddServiceMsg                       0x00001b0b   Thumb Code     2  ap_lab6.o(i.BuildAddServiceMsg)
    BuildGetStatusMsg                        0x00001b0d   Thumb Code     2  ap_lab6.o(i.BuildGetStatusMsg)
    BuildGetVersionMsg                       0x00001b0f   Thumb Code     2  ap_lab6.o(i.BuildGetVersionMsg)
    BuildRegisterServiceMsg                  0x00001b11   Thumb Code     2  ap_lab6.o(i.BuildRegisterServiceMsg)
    BuildSetAdvertisementData1Msg            0x00001b13   Thumb Code     2  ap_lab6.o(i.BuildSetAdvertisementData1Msg)
    BuildSetAdvertisementDataMsg             0x00001b15   Thumb Code     2  ap_lab6.o(i.BuildSetAdvertisementDataMsg)
    BuildSetDeviceNameMsg                    0x00001b17   Thumb Code     2  ap_lab6.o(i.BuildSetDeviceNameMsg)
    BuildStartAdvertisementMsg               0x00001b19   Thumb Code     2  ap_lab6.o(i.BuildStartAdvertisementMsg)
    Clock_Delay1ms                           0x00001b1b   Thumb Code    22  cortexm.o(i.Clock_Delay1ms)
    EUSCIA2_IRQHandler                       0x00001b31   Thumb Code    26  uart1.o(i.EUSCIA2_IRQHandler)
    GPIO_Init                                0x00001bb9   Thumb Code   202  gpio.o(i.GPIO_Init)
    Lab6OutCheck                             0x000027f5   Thumb Code   122  texas.o(i.Lab6OutCheck)
    Lab6_AddCharacteristic                   0x00002891   Thumb Code   228  ap_lab6.o(i.Lab6_AddCharacteristic)
    Lab6_AddNotifyCharacteristic             0x000029b1   Thumb Code   268  ap_lab6.o(i.Lab6_AddNotifyCharacteristic)
    Lab6_AddService                          0x00002b01   Thumb Code    36  ap_lab6.o(i.Lab6_AddService)
    Lab6_GetStatus                           0x00002b3d   Thumb Code    58  ap_lab6.o(i.Lab6_GetStatus)
    Lab6_GetVersion                          0x00002b91   Thumb Code    42  ap_lab6.o(i.Lab6_GetVersion)
    Lab6_RegisterService                     0x00002bd5   Thumb Code    32  ap_lab6.o(i.Lab6_RegisterService)
    Lab6_StartAdvertisement                  0x00002c11   Thumb Code   120  ap_lab6.o(i.Lab6_StartAdvertisement)
    LogicAnalyzer                            0x00002cf9   Thumb Code    12  texas.o(i.LogicAnalyzer)
    OutValue                                 0x00002d31   Thumb Code    20  lab6.o(i.OutValue)
    PeriodicTask2_Init                       0x00002d45   Thumb Code   140  texas.o(i.PeriodicTask2_Init)
    Profile_Init                             0x00002de1   Thumb Code   338  profile.o(i.Profile_Init)
    RxFifo_Get                               0x00002f39   Thumb Code    44  uart1.o(i.RxFifo_Get)
    RxFifo_Init                              0x00002f71   Thumb Code    16  uart1.o(i.RxFifo_Init)
    RxFifo_Put                               0x00002f8d   Thumb Code    56  uart1.o(i.RxFifo_Put)
    SystemInit                               0x0000313d   Thumb Code    86  system_msp432p401r.o(i.SystemInit)
    T32_INT1_IRQHandler                      0x000031a9   Thumb Code    16  bsp.o(i.T32_INT1_IRQHandler)
    TA1_0_IRQHandler                         0x000031c1   Thumb Code    22  bsp.o(i.TA1_0_IRQHandler)
    TA2_0_IRQHandler                         0x000031e1   Thumb Code    22  bsp.o(i.TA2_0_IRQHandler)
    TA3_0_IRQHandler                         0x00003201   Thumb Code    22  texas.o(i.TA3_0_IRQHandler)
    TExaS_Grade                              0x00003221   Thumb Code   148  texas.o(i.TExaS_Grade)
    TExaS_Init                               0x000032e9   Thumb Code   306  texas.o(i.TExaS_Init)
    TExaS_Task0                              0x0000347d   Thumb Code    50  texas.o(i.TExaS_Task0)
    TExaS_Task1                              0x000034bd   Thumb Code    50  texas.o(i.TExaS_Task1)
    TExaS_Task2                              0x000034fd   Thumb Code    50  texas.o(i.TExaS_Task2)
    TExaS_Task3                              0x0000353d   Thumb Code    50  texas.o(i.TExaS_Task3)
    TExaS_Task4                              0x0000357d   Thumb Code    50  texas.o(i.TExaS_Task4)
    TExaS_Task5                              0x000035bd   Thumb Code    50  texas.o(i.TExaS_Task5)
    Task0                                    0x000035fd   Thumb Code   166  lab6.o(i.Task0)
    Task0_Init                               0x000036bd   Thumb Code    14  lab6.o(i.Task0_Init)
    Task1                                    0x000036d1   Thumb Code   380  lab6.o(i.Task1)
    Task1_Init                               0x00003879   Thumb Code    70  lab6.o(i.Task1_Init)
    Task2                                    0x000038d9   Thumb Code    42  lab6.o(i.Task2)
    Task2_Init                               0x00003911   Thumb Code    26  lab6.o(i.Task2_Init)
    Task3                                    0x00003935   Thumb Code   264  lab6.o(i.Task3)
    Task3_Init                               0x00003a55   Thumb Code    28  lab6.o(i.Task3_Init)
    Task4                                    0x00003a71   Thumb Code   114  lab6.o(i.Task4)
    Task4_Init                               0x00003b01   Thumb Code    34  lab6.o(i.Task4_Init)
    Task5                                    0x00003b29   Thumb Code   106  lab6.o(i.Task5)
    Task5_Init                               0x00003bad   Thumb Code    60  lab6.o(i.Task5_Init)
    UART0_Init                               0x00003c09   Thumb Code    76  uart0.o(i.UART0_Init)
    UART0_OutChar                            0x00003c5d   Thumb Code    20  uart0.o(i.UART0_OutChar)
    UART0_OutString                          0x00003c75   Thumb Code    24  uart0.o(i.UART0_OutString)
    UART0_OutUDec                            0x00003c8d   Thumb Code    42  uart0.o(i.UART0_OutUDec)
    UART0_OutUHex                            0x00003cb7   Thumb Code    52  uart0.o(i.UART0_OutUHex)
    UART0_OutUHex2                           0x00003ceb   Thumb Code    20  uart0.o(i.UART0_OutUHex2)
    UART1_FinishOutput                       0x00003d01   Thumb Code    16  uart1.o(i.UART1_FinishOutput)
    UART1_InChar                             0x00003d15   Thumb Code    20  uart1.o(i.UART1_InChar)
    UART1_Init                               0x00003d29   Thumb Code   100  uart1.o(i.UART1_Init)
    UART1_OutChar                            0x00003da1   Thumb Code    22  uart1.o(i.UART1_OutChar)
    drawaxes                                 0x00003f51   Thumb Code   152  lab6.o(i.drawaxes)
    main                                     0x0000418d   Thumb Code   154  lab6.o(i.main)
    outnibble                                0x0000422d   Thumb Code    32  uart0.o(i.outnibble)
    sqrt32                                   0x000042d5   Thumb Code    30  lab6.o(i.sqrt32)
    _fp_init                                 0x00004385   Thumb Code    10  fpinit.o(x$fpl$fpinit)
    __fplib_config_fpu_vfp                   0x0000438d   Thumb Code     0  fpinit.o(x$fpl$fpinit)
    __fplib_config_pureend_doubles           0x0000438d   Thumb Code     0  fpinit.o(x$fpl$fpinit)
    RECVSIZE                                 0x0000490c   Data           4  ap.o(.constdata)
    HCI_EXT_ResetSystemCmd                   0x00004910   Data           9  ap.o(.constdata)
    NPI_GetStatus                            0x00004919   Data           6  ap.o(.constdata)
    NPI_GetVersion                           0x0000491f   Data           6  ap.o(.constdata)
    NPI_Register                             0x00004925   Data           6  ap.o(.constdata)
    NPI_SetAdvertisement1                    0x0000492b   Data          17  ap.o(.constdata)
    NPI_SetAdvertisementSAP                  0x0000493c   Data          37  ap.o(.constdata)
    NPI_StartAdvertisement                   0x00004961   Data          20  ap.o(.constdata)
    MAXCHARACTERISTICS                       0x00004978   Data           4  ap.o(.constdata)
    NOTIFYMAXCHARACTERISTICS                 0x0000497c   Data           4  ap.o(.constdata)
    Key                                      0x00004980   Data           8  texas.o(.constdata)
    Scramble                                 0x00004988   Data          32  texas.o(.constdata)
    DeScramble                               0x000049a8   Data          32  texas.o(.constdata)
    Region$$Table$$Base                      0x00004a30   Number         0  anon$$obj.o(Region$$Table)
    Region$$Table$$Limit                     0x00004a50   Number         0  anon$$obj.o(Region$$Table)
    StX                                      0x2000000c   Data           4  bsp.o(.data)
    StY                                      0x20000010   Data           4  bsp.o(.data)
    StTextColor                              0x20000014   Data           2  bsp.o(.data)
    Messageindex                             0x2000001c   Data           4  bsp.o(.data)
    TimeIndex                                0x20000020   Data           4  bsp.o(.data)
    Ymax                                     0x20000024   Data           4  bsp.o(.data)
    Ymin                                     0x20000028   Data           4  bsp.o(.data)
    Yrange                                   0x2000002c   Data           4  bsp.o(.data)
    PlotBGColor                              0x20000030   Data           2  bsp.o(.data)
    Prewait                                  0x20000034   Data           4  bsp.o(.data)
    CPMwait                                  0x20000038   Data           4  bsp.o(.data)
    Postwait                                 0x2000003c   Data           4  bsp.o(.data)
    IFlags                                   0x20000040   Data           4  bsp.o(.data)
    Crystalstable                            0x20000044   Data           4  bsp.o(.data)
    PeriodicTask                             0x20000048   Data           4  bsp.o(.data)
    PeriodicTaskB                            0x2000004c   Data           4  bsp.o(.data)
    PeriodicTaskC                            0x20000050   Data           4  bsp.o(.data)
    LightBusy                                0x20000054   Data           4  bsp.o(.data)
    TempBusy                                 0x20000058   Data           4  bsp.o(.data)
    Time                                     0x2000005c   Data           4  lab6.o(.data)
    Steps                                    0x20000060   Data           4  lab6.o(.data)
    Magnitude                                0x20000064   Data           4  lab6.o(.data)
    EWMA                                     0x20000068   Data           4  lab6.o(.data)
    SoundData                                0x2000006c   Data           2  lab6.o(.data)
    SoundRMS                                 0x20000070   Data           4  lab6.o(.data)
    LightData                                0x20000074   Data           4  lab6.o(.data)
    ReDrawAxes                               0x20000078   Data           4  lab6.o(.data)
    PlotState                                0x2000007c   Data           1  lab6.o(.data)
    AccX                                     0x2000007e   Data           2  lab6.o(.data)
    AccY                                     0x20000080   Data           2  lab6.o(.data)
    AccZ                                     0x20000082   Data           2  lab6.o(.data)
    AlgorithmState                           0x20000084   Data           1  lab6.o(.data)
    LocalMin                                 0x20000088   Data           4  lab6.o(.data)
    LocalMax                                 0x2000008c   Data           4  lab6.o(.data)
    LocalCount                               0x20000090   Data           4  lab6.o(.data)
    Task2Failures                            0x20000094   Data           4  lab6.o(.data)
    fcserr                                   0x200000a4   Data           4  ap.o(.data)
    TimeOutErr                               0x200000a8   Data           4  ap.o(.data)
    NoSOFErr                                 0x200000ac   Data           4  ap.o(.data)
    NPI_AddService                           0x200000b0   Data           9  ap.o(.data)
    NPI_GATTSetDeviceName                    0x200000b9   Data          28  ap.o(.data)
    NPI_SetAdvertisementData                 0x200000d5   Data          37  ap.o(.data)
    NPI_ReadConfirmation                     0x200000fa   Data          21  ap.o(.data)
    NPI_WriteConfirmation                    0x2000010f   Data           9  ap.o(.data)
    NPI_CCCDUpdatedConfirmation              0x20000118   Data           9  ap.o(.data)
    NPI_SendNotificationIndication           0x20000121   Data          20  ap.o(.data)
    NPI_AddCharValue                         0x20000135   Data          14  ap.o(.data)
    NPI_AddCharDescriptor                    0x20000143   Data          32  ap.o(.data)
    CharacteristicCount                      0x20000164   Data           4  ap.o(.data)
    NotifyCharacteristicCount                0x20000168   Data           4  ap.o(.data)
    RxPutI                                   0x2000016c   Data           4  uart1.o(.data)
    RxGetI                                   0x20000170   Data           4  uart1.o(.data)
    RxFifoLost                               0x20000174   Data           4  uart1.o(.data)
    edXNum                                   0x20000178   Data           2  texas.o(.data)
    LogicData                                0x2000017a   Data           1  texas.o(.data)
    Id                                       0x2000017c   Data           4  texas.o(.data)
    Index0                                   0x20000188   Data           4  texas.o(.data)
    Index1                                   0x2000018c   Data           4  texas.o(.data)
    Index2                                   0x20000190   Data           4  texas.o(.data)
    Index3                                   0x20000194   Data           4  texas.o(.data)
    Index4                                   0x20000198   Data           4  texas.o(.data)
    Index5                                   0x2000019c   Data           4  texas.o(.data)
    Index6                                   0x200001a0   Data           4  texas.o(.data)
    PeriodicTask2                            0x200001a4   Data           4  texas.o(.data)
    Message                                  0x200001a8   Data          12  bsp.o(.bss)
    SoundArray                               0x200001b4   Data        2000  lab6.o(.bss)
    RecvBuf                                  0x20000984   Data         128  ap.o(.bss)
    CharacteristicList                       0x20000a04   Data         160  ap.o(.bss)
    NotifyCharacteristicList                 0x20000aa4   Data          80  ap.o(.bss)
    RxFIFO                                   0x20000af4   Data         256  uart1.o(.bss)
    MagicCode                                0x20000bf4   Data          10  texas.o(.bss)
    EncriptedMagicCode                       0x20000bfe   Data          10  texas.o(.bss)
    TimeBuffer0                              0x20000c08   Data         400  texas.o(.bss)
    TimeBuffer1                              0x20000d98   Data         400  texas.o(.bss)
    TimeBuffer2                              0x20000f28   Data         400  texas.o(.bss)
    TimeBuffer3                              0x200010b8   Data         400  texas.o(.bss)
    TimeBuffer4                              0x20001248   Data          40  texas.o(.bss)
    TimeBuffer5                              0x20001270   Data          40  texas.o(.bss)
    TimeBuffer6                              0x20001298   Data          40  texas.o(.bss)
    __libspace_start                         0x20001300   Data          96  libspace.o(.bss)
    __temporary_stack_top$libspace           0x20001360   Data           0  libspace.o(.bss)



==============================================================================

Memory Map of the image

  Image Entry point : 0x0000024d

  Load Region LR_1 (Base: 0x00000000, Size: 0x00004bf8, Max: 0xffffffff, ABSOLUTE, COMPRESSED[0x00004ae4])

    Execution Region ER_RO (Base: 0x00000000, Size: 0x00004a50, Max: 0xffffffff, ABSOLUTE)

    Base Addr    Size         Type   Attr      Idx    E Section Name        Object

    0x00000000   0x00000144   Data   RO         1541    RESET               startup_msp432p401r_uvision.o
    0x00000144   0x00000008   Code   RO         1599  * !!!main             c_w.l(__main.o)
    0x0000014c   0x00000034   Code   RO         1758    !!!scatter          c_w.l(__scatter.o)
    0x00000180   0x0000005a   Code   RO         1756    !!dczerorl2         c_w.l(__dczerorl2.o)
    0x000001da   0x00000002   PAD
    0x000001dc   0x0000001c   Code   RO         1760    !!handler_zi        c_w.l(__scatter_zi.o)
    0x000001f8   0x00000002   Code   RO         1626    .ARM.Collect$$libinit$$00000000  c_w.l(libinit.o)
    0x000001fa   0x00000004   Code   RO         1632    .ARM.Collect$$libinit$$00000001  c_w.l(libinit2.o)
    0x000001fe   0x00000000   Code   RO         1635    .ARM.Collect$$libinit$$00000004  c_w.l(libinit2.o)
    0x000001fe   0x00000000   Code   RO         1638    .ARM.Collect$$libinit$$0000000A  c_w.l(libinit2.o)
    0x000001fe   0x00000000   Code   RO         1640    .ARM.Collect$$libinit$$0000000C  c_w.l(libinit2.o)
    0x000001fe   0x00000000   Code   RO         1642    .ARM.Collect$$libinit$$0000000E  c_w.l(libinit2.o)
    0x000001fe   0x00000000   Code   RO         1645    .ARM.Collect$$libinit$$00000011  c_w.l(libinit2.o)
    0x000001fe   0x00000000   Code   RO         1647    .ARM.Collect$$libinit$$00000013  c_w.l(libinit2.o)
    0x000001fe   0x00000000   Code   RO         1649    .ARM.Collect$$libinit$$00000015  c_w.l(libinit2.o)
    0x000001fe   0x00000000   Code   RO         1651    .ARM.Collect$$libinit$$00000017  c_w.l(libinit2.o)
    0x000001fe   0x00000000   Code   RO         1653    .ARM.Collect$$libinit$$00000019  c_w.l(libinit2.o)
    0x000001fe   0x00000000   Code   RO         1655    .ARM.Collect$$libinit$$0000001B  c_w.l(libinit2.o)
    0x000001fe   0x00000000   Code   RO         1657    .ARM.Collect$$libinit$$0000001D  c_w.l(libinit2.o)
    0x000001fe   0x00000000   Code   RO         1659    .ARM.Collect$$libinit$$0000001F  c_w.l(libinit2.o)
    0x000001fe   0x00000000   Code   RO         1661    .ARM.Collect$$libinit$$00000021  c_w.l(libinit2.o)
    0x000001fe   0x00000000   Code   RO         1663    .ARM.Collect$$libinit$$00000023  c_w.l(libinit2.o)
    0x000001fe   0x00000000   Code   RO         1665    .ARM.Collect$$libinit$$00000025  c_w.l(libinit2.o)
    0x000001fe   0x00000000   Code   RO         1669    .ARM.Collect$$libinit$$0000002C  c_w.l(libinit2.o)
    0x000001fe   0x00000000   Code   RO         1671    .ARM.Collect$$libinit$$0000002E  c_w.l(libinit2.o)
    0x000001fe   0x00000000   Code   RO         1673    .ARM.Collect$$libinit$$00000030  c_w.l(libinit2.o)
    0x000001fe   0x00000000   Code   RO         1675    .ARM.Collect$$libinit$$00000032  c_w.l(libinit2.o)
    0x000001fe   0x00000002   Code   RO         1676    .ARM.Collect$$libinit$$00000033  c_w.l(libinit2.o)
    0x00000200   0x00000002   Code   RO         1696    .ARM.Collect$$libshutdown$$00000000  c_w.l(libshutdown.o)
    0x00000202   0x00000000   Code   RO         1709    .ARM.Collect$$libshutdown$$00000002  c_w.l(libshutdown2.o)
    0x00000202   0x00000000   Code   RO         1711    .ARM.Collect$$libshutdown$$00000004  c_w.l(libshutdown2.o)
    0x00000202   0x00000000   Code   RO         1714    .ARM.Collect$$libshutdown$$00000007  c_w.l(libshutdown2.o)
    0x00000202   0x00000000   Code   RO         1717    .ARM.Collect$$libshutdown$$0000000A  c_w.l(libshutdown2.o)
    0x00000202   0x00000000   Code   RO         1719    .ARM.Collect$$libshutdown$$0000000C  c_w.l(libshutdown2.o)
    0x00000202   0x00000000   Code   RO         1722    .ARM.Collect$$libshutdown$$0000000F  c_w.l(libshutdown2.o)
    0x00000202   0x00000002   Code   RO         1723    .ARM.Collect$$libshutdown$$00000010  c_w.l(libshutdown2.o)
    0x00000204   0x00000000   Code   RO         1601    .ARM.Collect$$rtentry$$00000000  c_w.l(__rtentry.o)
    0x00000204   0x00000000   Code   RO         1603    .ARM.Collect$$rtentry$$00000002  c_w.l(__rtentry2.o)
    0x00000204   0x00000006   Code   RO         1615    .ARM.Collect$$rtentry$$00000004  c_w.l(__rtentry4.o)
    0x0000020a   0x00000000   Code   RO         1605    .ARM.Collect$$rtentry$$00000009  c_w.l(__rtentry2.o)
    0x0000020a   0x00000004   Code   RO         1606    .ARM.Collect$$rtentry$$0000000A  c_w.l(__rtentry2.o)
    0x0000020e   0x00000000   Code   RO         1608    .ARM.Collect$$rtentry$$0000000C  c_w.l(__rtentry2.o)
    0x0000020e   0x00000008   Code   RO         1609    .ARM.Collect$$rtentry$$0000000D  c_w.l(__rtentry2.o)
    0x00000216   0x00000002   Code   RO         1630    .ARM.Collect$$rtexit$$00000000  c_w.l(rtexit.o)
    0x00000218   0x00000000   Code   RO         1678    .ARM.Collect$$rtexit$$00000002  c_w.l(rtexit2.o)
    0x00000218   0x00000004   Code   RO         1679    .ARM.Collect$$rtexit$$00000003  c_w.l(rtexit2.o)
    0x0000021c   0x00000006   Code   RO         1680    .ARM.Collect$$rtexit$$00000004  c_w.l(rtexit2.o)
    0x00000222   0x00000002   PAD
    0x00000224   0x00000006   Code   RO            4    .emb_text           bsp.o
    0x0000022a   0x00000002   PAD
    0x0000022c   0x00000020   Code   RO          521    .emb_text           cortexm.o
    0x0000024c   0x0000003c   Code   RO         1542  * .text               startup_msp432p401r_uvision.o
    0x00000288   0x00000006   Code   RO         1597    .text               c_w.l(heapauxi.o)
    0x0000028e   0x0000004a   Code   RO         1617    .text               c_w.l(sys_stackheap_outer.o)
    0x000002d8   0x00000012   Code   RO         1619    .text               c_w.l(exit.o)
    0x000002ea   0x00000002   PAD
    0x000002ec   0x00000008   Code   RO         1627    .text               c_w.l(libspace.o)
    0x000002f4   0x0000000c   Code   RO         1688    .text               c_w.l(sys_exit.o)
    0x00000300   0x00000002   Code   RO         1699    .text               c_w.l(use_no_semi.o)
    0x00000302   0x00000000   Code   RO         1701    .text               c_w.l(indicate_semi.o)
    0x00000302   0x00000002   PAD
    0x00000304   0x00000208   Code   RO          868    i.AP_BackgroundProcess  ap.o
    0x0000050c   0x00000064   Code   RO          869    i.AP_EchoReceived   ap.o
    0x00000570   0x00000054   Code   RO          870    i.AP_EchoSendMessage  ap.o
    0x000005c4   0x00000014   Code   RO          871    i.AP_GetNotifyCCCD  ap.o
    0x000005d8   0x0000000e   Code   RO          872    i.AP_GetSize        ap.o
    0x000005e6   0x00000002   PAD
    0x000005e8   0x000000e4   Code   RO          875    i.AP_Init           ap.o
    0x000006cc   0x00000164   Code   RO          876    i.AP_RecvMessage    ap.o
    0x00000830   0x00000010   Code   RO          877    i.AP_RecvStatus     ap.o
    0x00000840   0x00000038   Code   RO          879    i.AP_Reset          ap.o
    0x00000878   0x000000e8   Code   RO          880    i.AP_SendMessage    ap.o
    0x00000960   0x0000003a   Code   RO          881    i.AP_SendMessageResponse  ap.o
    0x0000099a   0x00000002   PAD
    0x0000099c   0x000000d0   Code   RO          882    i.AP_SendNotification  ap.o
    0x00000a6c   0x00000060   Code   RO            5    i.BSP_Accelerometer_Init  bsp.o
    0x00000acc   0x0000008c   Code   RO            6    i.BSP_Accelerometer_Input  bsp.o
    0x00000b58   0x0000003c   Code   RO            7    i.BSP_Button1_Init  bsp.o
    0x00000b94   0x0000000c   Code   RO            8    i.BSP_Button1_Input  bsp.o
    0x00000ba0   0x0000003c   Code   RO            9    i.BSP_Button2_Init  bsp.o
    0x00000bdc   0x0000000c   Code   RO           10    i.BSP_Button2_Input  bsp.o
    0x00000be8   0x00000090   Code   RO           11    i.BSP_Buzzer_Init   bsp.o
    0x00000c78   0x00000020   Code   RO           12    i.BSP_Buzzer_Set    bsp.o
    0x00000c98   0x00000188   Code   RO           14    i.BSP_Clock_InitFastest  bsp.o
    0x00000e20   0x00000016   Code   RO           15    i.BSP_Delay1ms      bsp.o
    0x00000e36   0x00000002   PAD
    0x00000e38   0x00000094   Code   RO           16    i.BSP_Joystick_Init  bsp.o
    0x00000ecc   0x00000088   Code   RO           17    i.BSP_Joystick_Input  bsp.o
    0x00000f54   0x00000018   Code   RO           18    i.BSP_LCD_Color565  bsp.o
    0x00000f6c   0x00000110   Code   RO           20    i.BSP_LCD_DrawChar  bsp.o
    0x0000107c   0x0000007c   Code   RO           22    i.BSP_LCD_DrawFastHLine  bsp.o
    0x000010f8   0x0000007c   Code   RO           23    i.BSP_LCD_DrawFastVLine  bsp.o
    0x00001174   0x00000048   Code   RO           24    i.BSP_LCD_DrawPixel  bsp.o
    0x000011bc   0x00000056   Code   RO           25    i.BSP_LCD_DrawString  bsp.o
    0x00001212   0x00000002   PAD
    0x00001214   0x00000124   Code   RO           26    i.BSP_LCD_Drawaxes  bsp.o
    0x00001338   0x000000ac   Code   RO           27    i.BSP_LCD_FillRect  bsp.o
    0x000013e4   0x00000024   Code   RO           28    i.BSP_LCD_FillScreen  bsp.o
    0x00001408   0x0000000a   Code   RO           29    i.BSP_LCD_Init      bsp.o
    0x00001412   0x00000002   PAD
    0x00001414   0x00000088   Code   RO           31    i.BSP_LCD_OutUDec4  bsp.o
    0x0000149c   0x00000038   Code   RO           35    i.BSP_LCD_PlotIncrement  bsp.o
    0x000014d4   0x00000064   Code   RO           36    i.BSP_LCD_PlotPoint  bsp.o
    0x00001538   0x00000020   Code   RO           37    i.BSP_LCD_SetCursor  bsp.o
    0x00001558   0x00000044   Code   RO           39    i.BSP_LightSensor_End  bsp.o
    0x0000159c   0x00000040   Code   RO           40    i.BSP_LightSensor_Init  bsp.o
    0x000015dc   0x00000034   Code   RO           41    i.BSP_LightSensor_Input  bsp.o
    0x00001610   0x0000001c   Code   RO           42    i.BSP_LightSensor_Start  bsp.o
    0x0000162c   0x0000003c   Code   RO           43    i.BSP_Microphone_Init  bsp.o
    0x00001668   0x00000074   Code   RO           44    i.BSP_Microphone_Input  bsp.o
    0x000016dc   0x00000124   Code   RO           54    i.BSP_RGB_Init      bsp.o
    0x00001800   0x0000004c   Code   RO           55    i.BSP_RGB_Set       bsp.o
    0x0000184c   0x00000014   Code   RO           60    i.BSP_Time_Get      bsp.o
    0x00001860   0x00000024   Code   RO           61    i.BSP_Time_Init     bsp.o
    0x00001884   0x00000184   Code   RO          567    i.Bluetooth_Init    lab6.o
    0x00001a08   0x00000024   Code   RO          568    i.Bluetooth_ReadLight  lab6.o
    0x00001a2c   0x00000028   Code   RO          569    i.Bluetooth_ReadPlotState  lab6.o
    0x00001a54   0x00000028   Code   RO          570    i.Bluetooth_ReadSound  lab6.o
    0x00001a7c   0x00000024   Code   RO          571    i.Bluetooth_ReadTime  lab6.o
    0x00001aa0   0x0000001c   Code   RO          572    i.Bluetooth_Steps   lab6.o
    0x00001abc   0x00000048   Code   RO          573    i.Bluetooth_WritePlotState  lab6.o
    0x00001b04   0x00000002   Code   RO          738    i.BuildAddCharDescriptorMsg  ap_lab6.o
    0x00001b06   0x00000002   Code   RO          739    i.BuildAddCharValueMsg  ap_lab6.o
    0x00001b08   0x00000002   Code   RO          740    i.BuildAddNotifyCharDescriptorMsg  ap_lab6.o
    0x00001b0a   0x00000002   Code   RO          741    i.BuildAddServiceMsg  ap_lab6.o
    0x00001b0c   0x00000002   Code   RO          742    i.BuildGetStatusMsg  ap_lab6.o
    0x00001b0e   0x00000002   Code   RO          743    i.BuildGetVersionMsg  ap_lab6.o
    0x00001b10   0x00000002   Code   RO          744    i.BuildRegisterServiceMsg  ap_lab6.o
    0x00001b12   0x00000002   Code   RO          745    i.BuildSetAdvertisementData1Msg  ap_lab6.o
    0x00001b14   0x00000002   Code   RO          746    i.BuildSetAdvertisementDataMsg  ap_lab6.o
    0x00001b16   0x00000002   Code   RO          747    i.BuildSetDeviceNameMsg  ap_lab6.o
    0x00001b18   0x00000002   Code   RO          748    i.BuildStartAdvertisementMsg  ap_lab6.o
    0x00001b1a   0x00000016   Code   RO          522    i.Clock_Delay1ms    cortexm.o
    0x00001b30   0x00000020   Code   RO         1144    i.EUSCIA2_IRQHandler  uart1.o
    0x00001b50   0x00000068   Code   RO         1256    i.Encrypt           texas.o
    0x00001bb8   0x000000d0   Code   RO         1229    i.GPIO_Init         gpio.o
    0x00001c88   0x000000bc   Code   RO           62    i.I2C_Recv2         bsp.o
    0x00001d44   0x000000a0   Code   RO           63    i.I2C_Send1         bsp.o
    0x00001de4   0x00000110   Code   RO           64    i.I2C_Send3         bsp.o
    0x00001ef4   0x00000058   Code   RO         1257    i.Lab6BuildAddCharDescriptorMsgSolution  texas.o
    0x00001f4c   0x00000040   Code   RO         1258    i.Lab6BuildAddCharValueMsgSolution  texas.o
    0x00001f8c   0x0000005c   Code   RO         1259    i.Lab6BuildAddNotifyCharDescriptorMsgSolution  texas.o
    0x00001fe8   0x0000002c   Code   RO         1260    i.Lab6BuildAddServiceMsgSolution  texas.o
    0x00002014   0x0000001e   Code   RO         1261    i.Lab6BuildGetStatusMsgSolution  texas.o
    0x00002032   0x0000001e   Code   RO         1262    i.Lab6BuildGetVersionMsgSolution  texas.o
    0x00002050   0x0000001e   Code   RO         1263    i.Lab6BuildRegisterServiceMsgSolution  texas.o
    0x0000206e   0x00000048   Code   RO         1264    i.Lab6BuildSetAdvertisementData1MsgSolution  texas.o
    0x000020b6   0x0000007e   Code   RO         1265    i.Lab6BuildSetAdvertisementDataMsgSolution  texas.o
    0x00002134   0x0000007e   Code   RO         1266    i.Lab6BuildSetAdvertisementDataMsgSolutionold  texas.o
    0x000021b2   0x00000044   Code   RO         1267    i.Lab6BuildSetDeviceNameMsgSolution  texas.o
    0x000021f6   0x0000004c   Code   RO         1268    i.Lab6BuildStartAdvertisementMsgSolution  texas.o
    0x00002242   0x00000002   PAD
    0x00002244   0x00000088   Code   RO         1269    i.Lab6GradeAddCharDescriptorMsg  texas.o
    0x000022cc   0x0000008c   Code   RO         1270    i.Lab6GradeAddCharValueMsg  texas.o
    0x00002358   0x0000008c   Code   RO         1271    i.Lab6GradeAddNotifyCharDescriptorMsg  texas.o
    0x000023e4   0x00000090   Code   RO         1272    i.Lab6GradeAddServiceMsg  texas.o
    0x00002474   0x00000050   Code   RO         1273    i.Lab6GradeGetStatusMsg  texas.o
    0x000024c4   0x00000050   Code   RO         1274    i.Lab6GradeGetVersionMsg  texas.o
    0x00002514   0x00000054   Code   RO         1275    i.Lab6GradeRegisterServiceMsg  texas.o
    0x00002568   0x0000005c   Code   RO         1276    i.Lab6GradeSetAdvertisementData1Msg  texas.o
    0x000025c4   0x00000094   Code   RO         1277    i.Lab6GradeSetAdvertisementDataMsg  texas.o
    0x00002658   0x000000a0   Code   RO         1278    i.Lab6GradeSetAdvertisementDataMsgold  texas.o
    0x000026f8   0x0000008c   Code   RO         1279    i.Lab6GradeSetDeviceNameMsg  texas.o
    0x00002784   0x00000070   Code   RO         1280    i.Lab6GradeStartAdvertisementMsg  texas.o
    0x000027f4   0x0000009c   Code   RO         1281    i.Lab6OutCheck      texas.o
    0x00002890   0x00000120   Code   RO          749    i.Lab6_AddCharacteristic  ap_lab6.o
    0x000029b0   0x00000150   Code   RO          750    i.Lab6_AddNotifyCharacteristic  ap_lab6.o
    0x00002b00   0x0000003c   Code   RO          751    i.Lab6_AddService   ap_lab6.o
    0x00002b3c   0x00000054   Code   RO          752    i.Lab6_GetStatus    ap_lab6.o
    0x00002b90   0x00000044   Code   RO          753    i.Lab6_GetVersion   ap_lab6.o
    0x00002bd4   0x0000003c   Code   RO          754    i.Lab6_RegisterService  ap_lab6.o
    0x00002c10   0x000000e8   Code   RO          755    i.Lab6_StartAdvertisement  ap_lab6.o
    0x00002cf8   0x00000014   Code   RO         1282    i.LogicAnalyzer     texas.o
    0x00002d0c   0x00000024   Code   RO         1283    i.NextRandom        texas.o
    0x00002d30   0x00000014   Code   RO          574    i.OutValue          lab6.o
    0x00002d44   0x0000009c   Code   RO         1284    i.PeriodicTask2_Init  texas.o
    0x00002de0   0x00000158   Code   RO          541    i.Profile_Init      profile.o
    0x00002f38   0x00000038   Code   RO         1145    i.RxFifo_Get        uart1.o
    0x00002f70   0x0000001c   Code   RO         1146    i.RxFifo_Init       uart1.o
    0x00002f8c   0x00000048   Code   RO         1147    i.RxFifo_Put        uart1.o
    0x00002fd4   0x00000074   Code   RO           65    i.ST7735_InitR      bsp.o
    0x00003048   0x00000026   Code   RO         1286    i.SetFCSSolution    texas.o
    0x0000306e   0x00000002   PAD
    0x00003070   0x000000cc   Code   RO         1287    i.SetGrade          texas.o
    0x0000313c   0x0000006c   Code   RO         1550    i.SystemInit        system_msp432p401r.o
    0x000031a8   0x00000018   Code   RO           66    i.T32_INT1_IRQHandler  bsp.o
    0x000031c0   0x00000020   Code   RO           67    i.TA1_0_IRQHandler  bsp.o
    0x000031e0   0x00000020   Code   RO           68    i.TA2_0_IRQHandler  bsp.o
    0x00003200   0x00000020   Code   RO         1288    i.TA3_0_IRQHandler  texas.o
    0x00003220   0x000000c8   Code   RO         1289    i.TExaS_Grade       texas.o
    0x000032e8   0x00000194   Code   RO         1290    i.TExaS_Init        texas.o
    0x0000347c   0x00000040   Code   RO         1292    i.TExaS_Task0       texas.o
    0x000034bc   0x00000040   Code   RO         1293    i.TExaS_Task1       texas.o
    0x000034fc   0x00000040   Code   RO         1294    i.TExaS_Task2       texas.o
    0x0000353c   0x00000040   Code   RO         1295    i.TExaS_Task3       texas.o
    0x0000357c   0x00000040   Code   RO         1296    i.TExaS_Task4       texas.o
    0x000035bc   0x00000040   Code   RO         1297    i.TExaS_Task5       texas.o
    0x000035fc   0x000000c0   Code   RO          575    i.Task0             lab6.o
    0x000036bc   0x00000014   Code   RO          576    i.Task0_Init        lab6.o
    0x000036d0   0x000001a8   Code   RO          577    i.Task1             lab6.o
    0x00003878   0x00000060   Code   RO          578    i.Task1_Init        lab6.o
    0x000038d8   0x00000038   Code   RO          579    i.Task2             lab6.o
    0x00003910   0x00000024   Code   RO          580    i.Task2_Init        lab6.o
    0x00003934   0x00000120   Code   RO          581    i.Task3             lab6.o
    0x00003a54   0x0000001c   Code   RO          582    i.Task3_Init        lab6.o
    0x00003a70   0x00000090   Code   RO          583    i.Task4             lab6.o
    0x00003b00   0x00000028   Code   RO          584    i.Task4_Init        lab6.o
    0x00003b28   0x00000084   Code   RO          585    i.Task5             lab6.o
    0x00003bac   0x0000005c   Code   RO          586    i.Task5_Init        lab6.o
    0x00003c08   0x00000054   Code   RO         1025    i.UART0_Init        uart0.o
    0x00003c5c   0x00000018   Code   RO         1026    i.UART0_OutChar     uart0.o
    0x00003c74   0x00000018   Code   RO         1027    i.UART0_OutString   uart0.o
    0x00003c8c   0x0000002a   Code   RO         1028    i.UART0_OutUDec     uart0.o
    0x00003cb6   0x00000034   Code   RO         1032    i.UART0_OutUHex     uart0.o
    0x00003cea   0x00000014   Code   RO         1033    i.UART0_OutUHex2    uart0.o
    0x00003cfe   0x00000002   PAD
    0x00003d00   0x00000014   Code   RO         1148    i.UART1_FinishOutput  uart1.o
    0x00003d14   0x00000014   Code   RO         1149    i.UART1_InChar      uart1.o
    0x00003d28   0x00000078   Code   RO         1151    i.UART1_Init        uart1.o
    0x00003da0   0x0000001c   Code   RO         1152    i.UART1_OutChar     uart1.o
    0x00003dbc   0x00000040   Code   RO           69    i.adcinit           bsp.o
    0x00003dfc   0x00000056   Code   RO           70    i.commandList       bsp.o
    0x00003e52   0x00000002   PAD
    0x00003e54   0x000000fc   Code   RO           71    i.commonInit        bsp.o
    0x00003f50   0x000000c4   Code   RO          587    i.drawaxes          lab6.o
    0x00004014   0x00000048   Code   RO           72    i.fillmessage       bsp.o
    0x0000405c   0x00000064   Code   RO           75    i.fillmessage4      bsp.o
    0x000040c0   0x00000058   Code   RO           77    i.i2cinit           bsp.o
    0x00004118   0x00000050   Code   RO           78    i.lightsensorend    bsp.o
    0x00004168   0x00000024   Code   RO           79    i.lightsensorstart  bsp.o
    0x0000418c   0x000000a0   Code   RO          588    i.main              lab6.o
    0x0000422c   0x00000020   Code   RO         1037    i.outnibble         uart0.o
    0x0000424c   0x00000012   Code   RO           80    i.pushColor         bsp.o
    0x0000425e   0x00000002   PAD
    0x00004260   0x00000074   Code   RO           81    i.setAddrWindow     bsp.o
    0x000042d4   0x0000001e   Code   RO          590    i.sqrt32            lab6.o
    0x000042f2   0x00000002   PAD
    0x000042f4   0x00000048   Code   RO           84    i.writecommand      bsp.o
    0x0000433c   0x00000048   Code   RO           85    i.writedata         bsp.o
    0x00004384   0x0000000a   Code   RO         1686    x$fpl$fpinit        fz_wm.l(fpinit.o)
    0x0000438e   0x0000057b   Data   RO           87    .constdata          bsp.o
    0x00004909   0x00000003   PAD
    0x0000490c   0x00000074   Data   RO          885    .constdata          ap.o
    0x00004980   0x00000048   Data   RO         1300    .constdata          texas.o
    0x000049c8   0x00000066   Data   RO         1301    .conststring        texas.o
    0x00004a2e   0x00000002   PAD
    0x00004a30   0x00000020   Data   RO         1754    Region$$Table       anon$$obj.o


    Execution Region ER_RW (Base: 0x20000000, Size: 0x000001a8, Max: 0xffffffff, ABSOLUTE, COMPRESSED[0x00000094])

    Base Addr    Size         Type   Attr      Idx    E Section Name        Object

    0x20000000   0x0000005c   Data   RW           88    .data               bsp.o
    0x2000005c   0x00000046   Data   RW          592    .data               lab6.o
    0x200000a2   0x00000002   PAD
    0x200000a4   0x000000c8   Data   RW          886    .data               ap.o
    0x2000016c   0x0000000c   Data   RW         1155    .data               uart1.o
    0x20000178   0x00000030   Data   RW         1302    .data               texas.o


    Execution Region ER_ZI (Base: 0x200001a8, Size: 0x000013b8, Max: 0xffffffff, ABSOLUTE)

    Base Addr    Size         Type   Attr      Idx    E Section Name        Object

    0x200001a8   0x0000000c   Zero   RW           86    .bss                bsp.o
    0x200001b4   0x000007d0   Zero   RW          591    .bss                lab6.o
    0x20000984   0x00000170   Zero   RW          884    .bss                ap.o
    0x20000af4   0x00000100   Zero   RW         1154    .bss                uart1.o
    0x20000bf4   0x0000070c   Zero   RW         1299    .bss                texas.o
    0x20001300   0x00000060   Zero   RW         1628    .bss                c_w.l(libspace.o)
    0x20001360   0x00000000   Zero   RW         1540    HEAP                startup_msp432p401r_uvision.o
    0x20001360   0x00000200   Zero   RW         1539    STACK               startup_msp432p401r_uvision.o


==============================================================================

Image component sizes


      Code (inc. data)   RO Data    RW Data    ZI Data      Debug   Object Name

      1892        214        116        200        368      11865   ap.o
      1150        344          0          0          0      12120   ap_lab6.o
      5488        532       1403         92         12      41006   bsp.o
        54          0          0          0          0       1137   cortexm.o
       208          6          0          0          0        496   gpio.o
      2594        592          0         70       2000      13604   lab6.o
       344          6          0          0          0        547   profile.o
        60         22        324          0        512        932   startup_msp432p401r_uvision.o
       108         22          0          0          0        541   system_msp432p401r.o
      4036        950        174         48       1804      27528   texas.o
       278         12          0          0          0       3668   uart0.o
       376         76          0         12        256       4764   uart1.o

    ----------------------------------------------------------------------
     16612       2776       2054        424       4952     118208   Object Totals
         0          0         32          0          0          0   (incl. Generated)
        24          0          5          2          0          0   (incl. Padding)

    ----------------------------------------------------------------------

      Code (inc. data)   RO Data    RW Data    ZI Data      Debug   Library Member Name

        90          0          0          0          0          0   __dczerorl2.o
         8          0          0          0          0         68   __main.o
         0          0          0          0          0          0   __rtentry.o
        12          0          0          0          0          0   __rtentry2.o
         6          0          0          0          0          0   __rtentry4.o
        52          8          0          0          0          0   __scatter.o
        28          0          0          0          0          0   __scatter_zi.o
        18          0          0          0          0         80   exit.o
         6          0          0          0          0        152   heapauxi.o
         0          0          0          0          0          0   indicate_semi.o
         2          0          0          0          0          0   libinit.o
         6          0          0          0          0          0   libinit2.o
         2          0          0          0          0          0   libshutdown.o
         2          0          0          0          0          0   libshutdown2.o
         8          4          0          0         96         68   libspace.o
         2          0          0          0          0          0   rtexit.o
        10          0          0          0          0          0   rtexit2.o
        12          4          0          0          0         68   sys_exit.o
        74          0          0          0          0         80   sys_stackheap_outer.o
         2          0          0          0          0         68   use_no_semi.o
        10          0          0          0          0        116   fpinit.o

    ----------------------------------------------------------------------
       358         16          0          0         96        700   Library Totals
         8          0          0          0          0          0   (incl. Padding)

    ----------------------------------------------------------------------

      Code (inc. data)   RO Data    RW Data    ZI Data      Debug   Library Name

       340         16          0          0         96        584   c_w.l
        10          0          0          0          0        116   fz_wm.l

    ----------------------------------------------------------------------
       358         16          0          0         96        700   Library Totals

    ----------------------------------------------------------------------

==============================================================================


      Code (inc. data)   RO Data    RW Data    ZI Data      Debug   

     16970       2792       2054        424       5048     102352   Grand Totals
     16970       2792       2054        148       5048     102352   ELF Image Totals (compressed)
     16970       2792       2054        148          0          0   ROM Totals

==============================================================================

    Total RO  Size (Code + RO Data)                19024 (  18.58kB)
    Total RW  Size (RW Data + ZI Data)              5472 (   5.34kB)
    Total ROM Size (Code + RO Data + RW Data)      19172 (  18.72kB)

==============================================================================

